SQL> create table ex05(su1 number,name varchar2(6));

테이블이 생성되었습니다.

SQL> alter table ex05 add su2 number;

테이블이 변경되었습니다.

SQL> desc ex05;
 이름                                      널?      유형
 ----------------------------------------- -------- ----------------------------
 SU1                                                NUMBER
 NAME                                               VARCHAR2(6)
 SU2                                                NUMBER

SQL> alter table ex05 modify su2 varchar2(6);

테이블이 변경되었습니다.

SQL> desc ex05;
 이름                                      널?      유형
 ----------------------------------------- -------- ----------------------------
 SU1                                                NUMBER
 NAME                                               VARCHAR2(6)
 SU2                                                VARCHAR2(6)

SQL> insert into ex05 values (1,'test1','1111');

1 개의 행이 만들어졌습니다.

SQL> select * from ex05;

       SU1 NAME         SU2                                                     
---------- ------------ ------------                                            
         1 test1        1111                                                    

SQL> alter table ex05 modify su2 number;
alter table ex05 modify su2 number
                        *
1행에 오류:
ORA-01439: 데이터 유형을 변경할 열은 비어 있어야 합니다 


SQL> alter table ex05 modify su1 varchar2(6);
alter table ex05 modify su1 varchar2(6)
                        *
1행에 오류:
ORA-01439: 데이터 유형을 변경할 열은 비어 있어야 합니다 


SQL> alter table rename su2 to total;
alter table rename su2 to total
            *
1행에 오류:
ORA-00903: 테이블명이 부적합합니다 


SQL> alter table ex05 rename su2 to total;
alter table ex05 rename su2 to total
                        *
1행에 오류:
ORA-14155: PARTITION 또는 SUBPARTITION 키워드가 빠졌습니다 


SQL> create table ex06(su1 number, name varchar2(6), su2 number);

테이블이 생성되었습니다.

SQL> alter table ex05 rename su2 to su3;
alter table ex05 rename su2 to su3
                        *
1행에 오류:
ORA-14155: PARTITION 또는 SUBPARTITION 키워드가 빠졌습니다 


SQL> alter table ex05 rename scott.su2 to scott.su3;
alter table ex05 rename scott.su2 to scott.su3
                        *
1행에 오류:
ORA-14155: PARTITION 또는 SUBPARTITION 키워드가 빠졌습니다 


SQL> alter table ex05 rename column su2 to su3;

테이블이 변경되었습니다.

SQL> select * from ex05;

       SU1 NAME         SU3                                                     
---------- ------------ ------------                                            
         1 test1        1111                                                    

SQL> delete from ex05;

1 행이 삭제되었습니다.

SQL> insert into ex05 (su1,name) values (1111,l'test1');
insert into ex05 (su1,name) values (1111,l'test1')
                                          *
1행에 오류:
ORA-00917: 누락된 콤마 


SQL> insert into ex05 (su1,name) values (1111,'test1');

1 개의 행이 만들어졌습니다.

SQL> delete from ex05;

1 행이 삭제되었습니다.

SQL> insert into ex05 (su1,name) values (1111,'test1');

1 개의 행이 만들어졌습니다.

SQL> select * from ex05;

       SU1 NAME         SU3                                                     
---------- ------------ ------------                                            
      1111 test1                                                                

SQL> desc ex05;
 이름                                      널?      유형
 ----------------------------------------- -------- ----------------------------
 SU1                                                NUMBER
 NAME                                               VARCHAR2(6)
 SU3                                                VARCHAR2(6)

SQL> alter table ex05 modify su3 number;

테이블이 변경되었습니다.

SQL> delete from ex05;

1 행이 삭제되었습니다.

SQL> insert into ex05 values (1111,'test1',1000);

1 개의 행이 만들어졌습니다.

SQL> insert into ex05 values (2222,'test2',2000);

1 개의 행이 만들어졌습니다.

SQL> select * from ex05;

       SU1 NAME                SU3                                              
---------- ------------ ----------                                              
      1111 test1              1000                                              
      2222 test2              2000                                              

SQL> alter table ex05 add su2 number;

테이블이 변경되었습니다.

SQL> select * from ex05;

       SU1 NAME                SU3        SU2                                   
---------- ------------ ---------- ----------                                   
      1111 test1              1000                                              
      2222 test2              2000                                              

SQL> alter table ex05 remove su2;
alter table ex05 remove su2
                 *
1행에 오류:
ORA-01735: 부적합한 ALTER TABLE 옵션입니다 


SQL> alter table ex05 drop column su2;

테이블이 변경되었습니다.

SQL> select * from ex05;

       SU1 NAME                SU3                                              
---------- ------------ ----------                                              
      1111 test1              1000                                              
      2222 test2              2000                                              

SQL> alter table ex05 drop column su3;

테이블이 변경되었습니다.

SQL> select * from ex05;

       SU1 NAME                                                                 
---------- ------------                                                         
      1111 test1                                                                
      2222 test2                                                                

SQL> drop table ex05;

테이블이 삭제되었습니다.

SQL> desc ex05;
ERROR:
ORA-04043: ex05 객체는 존재하지 않습니다. 


SQL> desc ex06;
 이름                                      널?      유형
 ----------------------------------------- -------- ----------------------------
 SU1                                                NUMBER
 NAME                                               VARCHAR2(6)
 SU2                                                NUMBER

SQL> insert into ex06 values (1111,'test1',1000);

1 개의 행이 만들어졌습니다.

SQL> insert into ex06 values (2222,'test2',2000);

1 개의 행이 만들어졌습니다.

SQL> insert into ex06 values (3333,'test3',3000);

1 개의 행이 만들어졌습니다.

SQL> select * from ex06;

       SU1 NAME                SU2                                              
---------- ------------ ----------                                              
      1111 test1              1000                                              
      2222 test2              2000                                              
      3333 test3              3000                                              

SQL> update ex06 su2=1000;
update ex06 su2=1000
               *
1행에 오류:
ORA-00971: SET 키워드가 없습니다 


SQL> update ex06 set su2=1000;

3 행이 갱신되었습니다.

SQL> select * from ex06;

       SU1 NAME                SU2                                              
---------- ------------ ----------                                              
      1111 test1              1000                                              
      2222 test2              1000                                              
      3333 test3              1000                                              

SQL> trucate ex06;
SP2-0734: "trucate ex..."(으)로 시작되는 알 수 없는 명령 - 나머지 줄은 무시되었습니다.
SQL> trucate table ex06;
SP2-0734: "trucate ta..."(으)로 시작되는 알 수 없는 명령 - 나머지 줄은 무시되었습니다.
SQL> truncate table ex06;

테이블이 잘렸습니다.

SQL> select * from ex06;

선택된 레코드가 없습니다.

SQL> insert into ex06 values (1000,'test1',1000);

1 개의 행이 만들어졌습니다.

SQL> insert into ex06 values (1001,'test1',1001);

1 개의 행이 만들어졌습니다.

SQL> insert into ex06 values (1002,'test1',1002);

1 개의 행이 만들어졌습니다.

SQL> insert into ex06 values (1003,'test1',1003);

1 개의 행이 만들어졌습니다.

SQL> insert into ex06 values (1004,'test1',1004);

1 개의 행이 만들어졌습니다.

SQL> insert into ex06 values (1005,'test1',1005);

1 개의 행이 만들어졌습니다.

SQL> insert into ex06 values (1006,'test1',1006);

1 개의 행이 만들어졌습니다.

SQL> insert into ex06 values (1007,'test1',1007);

1 개의 행이 만들어졌습니다.

SQL> insert into ex06 values (1008,'test1',1008);

1 개의 행이 만들어졌습니다.

SQL> insert into ex06 values (1009,'test1',1009);

1 개의 행이 만들어졌습니다.

SQL> insert into ex06 values (1010,'test1',1010);

1 개의 행이 만들어졌습니다.

SQL> insert into ex06 values (1011,'test1',1011);

1 개의 행이 만들어졌습니다.

SQL> insert into ex06 values (1012,'test1',1012);

1 개의 행이 만들어졌습니다.

SQL> insert into ex06 values (1013,'test1',1013);

1 개의 행이 만들어졌습니다.

SQL> insert into ex06 values (1014,'test1',1014);

1 개의 행이 만들어졌습니다.

SQL> insert into ex06 values (1015,'test1',1015);

1 개의 행이 만들어졌습니다.

SQL> insert into ex06 values (1016,'test1',1016);

1 개의 행이 만들어졌습니다.

SQL> insert into ex06 values (1017,'test1',1017);

1 개의 행이 만들어졌습니다.

SQL> insert into ex06 values (1018,'test1',1018);

1 개의 행이 만들어졌습니다.

SQL> insert into ex06 values (1019,'test1',1019);

1 개의 행이 만들어졌습니다.

SQL> insert into ex06 values (1020,'test1',1020);

1 개의 행이 만들어졌습니다.

SQL> insert into ex06 values (1021,'test1',1021);

1 개의 행이 만들어졌습니다.

SQL> insert into ex06 values (1022,'test1',1022);

1 개의 행이 만들어졌습니다.

SQL> insert into ex06 values (1023,'test1',1023);

1 개의 행이 만들어졌습니다.

SQL> insert into ex06 values (1024,'test1',1024);

1 개의 행이 만들어졌습니다.

SQL> insert into ex06 values (1025,'test1',1025);

1 개의 행이 만들어졌습니다.

SQL> insert into ex06 values (1026,'test1',1026);

1 개의 행이 만들어졌습니다.

SQL> insert into ex06 values (1027,'test1',1027);

1 개의 행이 만들어졌습니다.

SQL> insert into ex06 values (1028,'test1',1028);

1 개의 행이 만들어졌습니다.

SQL> insert into ex06 values (1029,'test1',1029);

1 개의 행이 만들어졌습니다.

SQL> insert into ex06 values (1030,'test1',1030);

1 개의 행이 만들어졌습니다.

SQL> insert into ex06 values (1031,'test1',1031);

1 개의 행이 만들어졌습니다.

SQL> insert into ex06 values (1032,'test1',1032);

1 개의 행이 만들어졌습니다.

SQL> insert into ex06 values (1033,'test1',1033);

1 개의 행이 만들어졌습니다.

SQL> insert into ex06 values (1034,'test1',1034);

1 개의 행이 만들어졌습니다.

SQL> insert into ex06 values (1035,'test1',1035);

1 개의 행이 만들어졌습니다.

SQL> insert into ex06 values (1036,'test1',1036);

1 개의 행이 만들어졌습니다.

SQL> insert into ex06 values (1037,'test1',1037);

1 개의 행이 만들어졌습니다.

SQL> insert into ex06 values (1038,'test1',1038);

1 개의 행이 만들어졌습니다.

SQL> insert into ex06 values (1039,'test1',1039);

1 개의 행이 만들어졌습니다.

SQL> insert into ex06 values (1040,'test1',1040);

1 개의 행이 만들어졌습니다.

SQL> insert into ex06 values (1041,'test1',1041);

1 개의 행이 만들어졌습니다.

SQL> insert into ex06 values (1042,'test1',1042);

1 개의 행이 만들어졌습니다.

SQL> insert into ex06 values (1043,'test1',1043);

1 개의 행이 만들어졌습니다.

SQL> insert into ex06 values (1044,'test1',1044);

1 개의 행이 만들어졌습니다.

SQL> insert into ex06 values (1045,'test1',1045);

1 개의 행이 만들어졌습니다.

SQL> insert into ex06 values (1046,'test1',1046);

1 개의 행이 만들어졌습니다.

SQL> insert into ex06 values (1047,'test1',1047);

1 개의 행이 만들어졌습니다.

SQL> insert into ex06 values (1048,'test1',1048);

1 개의 행이 만들어졌습니다.

SQL> insert into ex06 values (1049,'test1',1049);

1 개의 행이 만들어졌습니다.

SQL> insert into ex06 values (1050,'test1',1050);

1 개의 행이 만들어졌습니다.

SQL> insert into ex06 values (1051,'test1',1051);

1 개의 행이 만들어졌습니다.

SQL> insert into ex06 values (1052,'test1',1052);

1 개의 행이 만들어졌습니다.

SQL> insert into ex06 values (1053,'test1',1053);

1 개의 행이 만들어졌습니다.

SQL> insert into ex06 values (1054,'test1',1054);

1 개의 행이 만들어졌습니다.

SQL> insert into ex06 values (1055,'test1',1055);

1 개의 행이 만들어졌습니다.

SQL> insert into ex06 values (1056,'test1',1056);

1 개의 행이 만들어졌습니다.

SQL> insert into ex06 values (1057,'test1',1057);

1 개의 행이 만들어졌습니다.

SQL> insert into ex06 values (1058,'test1',1058);

1 개의 행이 만들어졌습니다.

SQL> insert into ex06 values (1059,'test1',1059);

1 개의 행이 만들어졌습니다.

SQL> insert into ex06 values (1060,'test1',1060);

1 개의 행이 만들어졌습니다.

SQL> insert into ex06 values (1061,'test1',1061);

1 개의 행이 만들어졌습니다.

SQL> insert into ex06 values (1062,'test1',1062);

1 개의 행이 만들어졌습니다.

SQL> insert into ex06 values (1063,'test1',1063);

1 개의 행이 만들어졌습니다.

SQL> insert into ex06 values (1064,'test1',1064);

1 개의 행이 만들어졌습니다.

SQL> insert into ex06 values (1065,'test1',1065);

1 개의 행이 만들어졌습니다.

SQL> insert into ex06 values (1066,'test1',1066);

1 개의 행이 만들어졌습니다.

SQL> insert into ex06 values (1067,'test1',1067);

1 개의 행이 만들어졌습니다.

SQL> insert into ex06 values (1068,'test1',1068);

1 개의 행이 만들어졌습니다.

SQL> insert into ex06 values (1069,'test1',1069);

1 개의 행이 만들어졌습니다.

SQL> insert into ex06 values (1070,'test1',1070);

1 개의 행이 만들어졌습니다.

SQL> insert into ex06 values (1071,'test1',1071);

1 개의 행이 만들어졌습니다.

SQL> insert into ex06 values (1072,'test1',1072);

1 개의 행이 만들어졌습니다.

SQL> insert into ex06 values (1073,'test1',1073);

1 개의 행이 만들어졌습니다.

SQL> insert into ex06 values (1074,'test1',1074);

1 개의 행이 만들어졌습니다.

SQL> insert into ex06 values (1075,'test1',1075);

1 개의 행이 만들어졌습니다.

SQL> insert into ex06 values (1076,'test1',1076);

1 개의 행이 만들어졌습니다.

SQL> insert into ex06 values (1077,'test1',1077);

1 개의 행이 만들어졌습니다.

SQL> insert into ex06 values (1078,'test1',1078);

1 개의 행이 만들어졌습니다.

SQL> insert into ex06 values (1079,'test1',1079);

1 개의 행이 만들어졌습니다.

SQL> insert into ex06 values (1080,'test1',1080);

1 개의 행이 만들어졌습니다.

SQL> insert into ex06 values (1081,'test1',1081);

1 개의 행이 만들어졌습니다.

SQL> insert into ex06 values (1082,'test1',1082);

1 개의 행이 만들어졌습니다.

SQL> insert into ex06 values (1083,'test1',1083);

1 개의 행이 만들어졌습니다.

SQL> insert into ex06 values (1084,'test1',1084);

1 개의 행이 만들어졌습니다.

SQL> insert into ex06 values (1085,'test1',1085);

1 개의 행이 만들어졌습니다.

SQL> insert into ex06 values (1086,'test1',1086);

1 개의 행이 만들어졌습니다.

SQL> insert into ex06 values (1087,'test1',1087);

1 개의 행이 만들어졌습니다.

SQL> insert into ex06 values (1088,'test1',1088);

1 개의 행이 만들어졌습니다.

SQL> insert into ex06 values (1089,'test1',1089);

1 개의 행이 만들어졌습니다.

SQL> insert into ex06 values (1090,'test1',1090);

1 개의 행이 만들어졌습니다.

SQL> insert into ex06 values (1091,'test1',1091);

1 개의 행이 만들어졌습니다.

SQL> insert into ex06 values (1092,'test1',1092);

1 개의 행이 만들어졌습니다.

SQL> insert into ex06 values (1093,'test1',1093);

1 개의 행이 만들어졌습니다.

SQL> insert into ex06 values (1094,'test1',1094);

1 개의 행이 만들어졌습니다.

SQL> insert into ex06 values (1095,'test1',1095);

1 개의 행이 만들어졌습니다.

SQL> insert into ex06 values (1096,'test1',1096);

1 개의 행이 만들어졌습니다.

SQL> insert into ex06 values (1097,'test1',1097);

1 개의 행이 만들어졌습니다.

SQL> insert into ex06 values (1098,'test1',1098);

1 개의 행이 만들어졌습니다.

SQL> insert into ex06 values (1099,'test1',1099);

1 개의 행이 만들어졌습니다.

SQL> insert into ex06 values (1100,'test1',1100);

1 개의 행이 만들어졌습니다.

SQL> insert into ex06 values (1101,'test1',1101);

1 개의 행이 만들어졌습니다.

SQL> insert into ex06 values (1102,'test1',1102);

1 개의 행이 만들어졌습니다.

SQL> insert into ex06 values (1103,'test1',1103);

1 개의 행이 만들어졌습니다.

SQL> insert into ex06 values (1104,'test1',1104);

1 개의 행이 만들어졌습니다.

SQL> insert into ex06 values (1105,'test1',1105);

1 개의 행이 만들어졌습니다.

SQL> insert into ex06 values (1106,'test1',1106);

1 개의 행이 만들어졌습니다.

SQL> insert into ex06 values (1107,'test1',1107);

1 개의 행이 만들어졌습니다.

SQL> insert into ex06 values (1108,'test1',1108);

1 개의 행이 만들어졌습니다.

SQL> insert into ex06 values (1109,'test1',1109);

1 개의 행이 만들어졌습니다.

SQL> insert into ex06 values (1110,'test1',1110);

1 개의 행이 만들어졌습니다.

SQL> insert into ex06 values (1111,'test1',1111);

1 개의 행이 만들어졌습니다.

SQL> insert into ex06 values (1112,'test1',1112);

1 개의 행이 만들어졌습니다.

SQL> insert into ex06 values (1113,'test1',1113);

1 개의 행이 만들어졌습니다.

SQL> insert into ex06 values (1114,'test1',1114);

1 개의 행이 만들어졌습니다.

SQL> insert into ex06 values (1115,'test1',1115);

1 개의 행이 만들어졌습니다.

SQL> insert into ex06 values (1116,'test1',1116);

1 개의 행이 만들어졌습니다.

SQL> insert into ex06 values (1117,'test1',1117);

1 개의 행이 만들어졌습니다.

SQL> insert into ex06 values (1118,'test1',1118);

1 개의 행이 만들어졌습니다.

SQL> insert into ex06 values (1119,'test1',1119);

1 개의 행이 만들어졌습니다.

SQL> insert into ex06 values (1120,'test1',1120);

1 개의 행이 만들어졌습니다.

SQL> insert into ex06 values (1121,'test1',1121);

1 개의 행이 만들어졌습니다.

SQL> insert into ex06 values (1122,'test1',1122);

1 개의 행이 만들어졌습니다.

SQL> insert into ex06 values (1123,'test1',1123);

1 개의 행이 만들어졌습니다.

SQL> insert into ex06 values (1124,'test1',1124);

1 개의 행이 만들어졌습니다.

SQL> insert into ex06 values (1125,'test1',1125);

1 개의 행이 만들어졌습니다.

SQL> insert into ex06 values (1126,'test1',1126);

1 개의 행이 만들어졌습니다.

SQL> insert into ex06 values (1127,'test1',1127);

1 개의 행이 만들어졌습니다.

SQL> insert into ex06 values (1128,'test1',1128);

1 개의 행이 만들어졌습니다.

SQL> insert into ex06 values (1129,'test1',1129);

1 개의 행이 만들어졌습니다.

SQL> insert into ex06 values (1130,'test1',1130);

1 개의 행이 만들어졌습니다.

SQL> insert into ex06 values (1131,'test1',1131);

1 개의 행이 만들어졌습니다.

SQL> insert into ex06 values (1132,'test1',1132);

1 개의 행이 만들어졌습니다.

SQL> insert into ex06 values (1133,'test1',1133);

1 개의 행이 만들어졌습니다.

SQL> insert into ex06 values (1134,'test1',1134);

1 개의 행이 만들어졌습니다.

SQL> insert into ex06 values (1135,'test1',1135);

1 개의 행이 만들어졌습니다.

SQL> insert into ex06 values (1136,'test1',1136);

1 개의 행이 만들어졌습니다.

SQL> insert into ex06 values (1137,'test1',1137);

1 개의 행이 만들어졌습니다.

SQL> insert into ex06 values (1138,'test1',1138);

1 개의 행이 만들어졌습니다.

SQL> insert into ex06 values (1139,'test1',1139);

1 개의 행이 만들어졌습니다.

SQL> insert into ex06 values (1140,'test1',1140);

1 개의 행이 만들어졌습니다.

SQL> insert into ex06 values (1141,'test1',1141);

1 개의 행이 만들어졌습니다.

SQL> insert into ex06 values (1142,'test1',1142);

1 개의 행이 만들어졌습니다.

SQL> insert into ex06 values (1143,'test1',1143);

1 개의 행이 만들어졌습니다.

SQL> insert into ex06 values (1144,'test1',1144);

1 개의 행이 만들어졌습니다.

SQL> insert into ex06 values (1145,'test1',1145);

1 개의 행이 만들어졌습니다.

SQL> insert into ex06 values (1146,'test1',1146);

1 개의 행이 만들어졌습니다.

SQL> insert into ex06 values (1147,'test1',1147);

1 개의 행이 만들어졌습니다.

SQL> insert into ex06 values (1148,'test1',1148);

1 개의 행이 만들어졌습니다.

SQL> insert into ex06 values (1149,'test1',1149);

1 개의 행이 만들어졌습니다.

SQL> insert into ex06 values (1150,'test1',1150);

1 개의 행이 만들어졌습니다.

SQL> insert into ex06 values (1151,'test1',1151);

1 개의 행이 만들어졌습니다.

SQL> insert into ex06 values (1152,'test1',1152);

1 개의 행이 만들어졌습니다.

SQL> insert into ex06 values (1153,'test1',1153);

1 개의 행이 만들어졌습니다.

SQL> insert into ex06 values (1154,'test1',1154);

1 개의 행이 만들어졌습니다.

SQL> insert into ex06 values (1155,'test1',1155);

1 개의 행이 만들어졌습니다.

SQL> insert into ex06 values (1156,'test1',1156);

1 개의 행이 만들어졌습니다.

SQL> insert into ex06 values (1157,'test1',1157);

1 개의 행이 만들어졌습니다.

SQL> insert into ex06 values (1158,'test1',1158);

1 개의 행이 만들어졌습니다.

SQL> insert into ex06 values (1159,'test1',1159);

1 개의 행이 만들어졌습니다.

SQL> insert into ex06 values (1160,'test1',1160);

1 개의 행이 만들어졌습니다.

SQL> insert into ex06 values (1161,'test1',1161);

1 개의 행이 만들어졌습니다.

SQL> insert into ex06 values (1162,'test1',1162);

1 개의 행이 만들어졌습니다.

SQL> insert into ex06 values (1163,'test1',1163);

1 개의 행이 만들어졌습니다.

SQL> insert into ex06 values (1164,'test1',1164);

1 개의 행이 만들어졌습니다.

SQL> insert into ex06 values (1165,'test1',1165);

1 개의 행이 만들어졌습니다.

SQL> insert into ex06 values (1166,'test1',1166);

1 개의 행이 만들어졌습니다.

SQL> insert into ex06 values (1167,'test1',1167);

1 개의 행이 만들어졌습니다.

SQL> insert into ex06 values (1168,'test1',1168);

1 개의 행이 만들어졌습니다.

SQL> insert into ex06 values (1169,'test1',1169);

1 개의 행이 만들어졌습니다.

SQL> insert into ex06 values (1170,'test1',1170);

1 개의 행이 만들어졌습니다.

SQL> insert into ex06 values (1171,'test1',1171);

1 개의 행이 만들어졌습니다.

SQL> insert into ex06 values (1172,'test1',1172);

1 개의 행이 만들어졌습니다.

SQL> insert into ex06 values (1173,'test1',1173);

1 개의 행이 만들어졌습니다.

SQL> insert into ex06 values (1174,'test1',1174);

1 개의 행이 만들어졌습니다.

SQL> insert into ex06 values (1175,'test1',1175);

1 개의 행이 만들어졌습니다.

SQL> insert into ex06 values (1176,'test1',1176);

1 개의 행이 만들어졌습니다.

SQL> insert into ex06 values (1177,'test1',1177);

1 개의 행이 만들어졌습니다.

SQL> insert into ex06 values (1178,'test1',1178);

1 개의 행이 만들어졌습니다.

SQL> insert into ex06 values (1179,'test1',1179);

1 개의 행이 만들어졌습니다.

SQL> insert into ex06 values (1180,'test1',1180);

1 개의 행이 만들어졌습니다.

SQL> insert into ex06 values (1181,'test1',1181);

1 개의 행이 만들어졌습니다.

SQL> insert into ex06 values (1182,'test1',1182);

1 개의 행이 만들어졌습니다.

SQL> insert into ex06 values (1183,'test1',1183);

1 개의 행이 만들어졌습니다.

SQL> insert into ex06 values (1184,'test1',1184);

1 개의 행이 만들어졌습니다.

SQL> insert into ex06 values (1185,'test1',1185);

1 개의 행이 만들어졌습니다.

SQL> insert into ex06 values (1186,'test1',1186);

1 개의 행이 만들어졌습니다.

SQL> insert into ex06 values (1187,'test1',1187);

1 개의 행이 만들어졌습니다.

SQL> insert into ex06 values (1188,'test1',1188);

1 개의 행이 만들어졌습니다.

SQL> insert into ex06 values (1189,'test1',1189);

1 개의 행이 만들어졌습니다.

SQL> insert into ex06 values (1190,'test1',1190);

1 개의 행이 만들어졌습니다.

SQL> insert into ex06 values (1191,'test1',1191);

1 개의 행이 만들어졌습니다.

SQL> insert into ex06 values (1192,'test1',1192);

1 개의 행이 만들어졌습니다.

SQL> insert into ex06 values (1193,'test1',1193);

1 개의 행이 만들어졌습니다.

SQL> insert into ex06 values (1194,'test1',1194);

1 개의 행이 만들어졌습니다.

SQL> insert into ex06 values (1195,'test1',1195);

1 개의 행이 만들어졌습니다.

SQL> insert into ex06 values (1196,'test1',1196);

1 개의 행이 만들어졌습니다.

SQL> insert into ex06 values (1197,'test1',1197);

1 개의 행이 만들어졌습니다.

SQL> insert into ex06 values (1198,'test1',1198);

1 개의 행이 만들어졌습니다.

SQL> insert into ex06 values (1199,'test1',1199);

1 개의 행이 만들어졌습니다.

SQL> insert into ex06 values (1200,'test1',1200);

1 개의 행이 만들어졌습니다.

SQL> insert into ex06 values (1201,'test1',1201);

1 개의 행이 만들어졌습니다.

SQL> insert into ex06 values (1202,'test1',1202);

1 개의 행이 만들어졌습니다.

SQL> insert into ex06 values (1203,'test1',1203);

1 개의 행이 만들어졌습니다.

SQL> insert into ex06 values (1204,'test1',1204);

1 개의 행이 만들어졌습니다.

SQL> insert into ex06 values (1205,'test1',1205);

1 개의 행이 만들어졌습니다.

SQL> insert into ex06 values (1206,'test1',1206);

1 개의 행이 만들어졌습니다.

SQL> insert into ex06 values (1207,'test1',1207);

1 개의 행이 만들어졌습니다.

SQL> insert into ex06 values (1208,'test1',1208);

1 개의 행이 만들어졌습니다.

SQL> insert into ex06 values (1209,'test1',1209);

1 개의 행이 만들어졌습니다.

SQL> insert into ex06 values (1210,'test1',1210);

1 개의 행이 만들어졌습니다.

SQL> insert into ex06 values (1211,'test1',1211);

1 개의 행이 만들어졌습니다.

SQL> insert into ex06 values (1212,'test1',1212);

1 개의 행이 만들어졌습니다.

SQL> insert into ex06 values (1213,'test1',1213);

1 개의 행이 만들어졌습니다.

SQL> insert into ex06 values (1214,'test1',1214);

1 개의 행이 만들어졌습니다.

SQL> insert into ex06 values (1215,'test1',1215);

1 개의 행이 만들어졌습니다.

SQL> insert into ex06 values (1216,'test1',1216);

1 개의 행이 만들어졌습니다.

SQL> insert into ex06 values (1217,'test1',1217);

1 개의 행이 만들어졌습니다.

SQL> insert into ex06 values (1218,'test1',1218);

1 개의 행이 만들어졌습니다.

SQL> insert into ex06 values (1219,'test1',1219);

1 개의 행이 만들어졌습니다.

SQL> insert into ex06 values (1220,'test1',1220);

1 개의 행이 만들어졌습니다.

SQL> insert into ex06 values (1221,'test1',1221);

1 개의 행이 만들어졌습니다.

SQL> insert into ex06 values (1222,'test1',1222);

1 개의 행이 만들어졌습니다.

SQL> insert into ex06 values (1223,'test1',1223);

1 개의 행이 만들어졌습니다.

SQL> insert into ex06 values (1224,'test1',1224);

1 개의 행이 만들어졌습니다.

SQL> insert into ex06 values (1225,'test1',1225);

1 개의 행이 만들어졌습니다.

SQL> insert into ex06 values (1226,'test1',1226);

1 개의 행이 만들어졌습니다.

SQL> insert into ex06 values (1227,'test1',1227);

1 개의 행이 만들어졌습니다.

SQL> insert into ex06 values (1228,'test1',1228);

1 개의 행이 만들어졌습니다.

SQL> insert into ex06 values (1229,'test1',1229);

1 개의 행이 만들어졌습니다.

SQL> insert into ex06 values (1230,'test1',1230);

1 개의 행이 만들어졌습니다.

SQL> insert into ex06 values (1231,'test1',1231);

1 개의 행이 만들어졌습니다.

SQL> insert into ex06 values (1232,'test1',1232);

1 개의 행이 만들어졌습니다.

SQL> insert into ex06 values (1233,'test1',1233);

1 개의 행이 만들어졌습니다.

SQL> insert into ex06 values (1234,'test1',1234);

1 개의 행이 만들어졌습니다.

SQL> insert into ex06 values (1235,'test1',1235);

1 개의 행이 만들어졌습니다.

SQL> insert into ex06 values (1236,'test1',1236);

1 개의 행이 만들어졌습니다.

SQL> insert into ex06 values (1237,'test1',1237);

1 개의 행이 만들어졌습니다.

SQL> insert into ex06 values (1238,'test1',1238);

1 개의 행이 만들어졌습니다.

SQL> insert into ex06 values (1239,'test1',1239);

1 개의 행이 만들어졌습니다.

SQL> insert into ex06 values (1240,'test1',1240);

1 개의 행이 만들어졌습니다.

SQL> insert into ex06 values (1241,'test1',1241);

1 개의 행이 만들어졌습니다.

SQL> insert into ex06 values (1242,'test1',1242);

1 개의 행이 만들어졌습니다.

SQL> insert into ex06 values (1243,'test1',1243);

1 개의 행이 만들어졌습니다.

SQL> insert into ex06 values (1244,'test1',1244);

1 개의 행이 만들어졌습니다.

SQL> insert into ex06 values (1245,'test1',1245);

1 개의 행이 만들어졌습니다.

SQL> insert into ex06 values (1246,'test1',1246);

1 개의 행이 만들어졌습니다.

SQL> insert into ex06 values (1247,'test1',1247);

1 개의 행이 만들어졌습니다.

SQL> insert into ex06 values (1248,'test1',1248);

1 개의 행이 만들어졌습니다.

SQL> insert into ex06 values (1249,'test1',1249);

1 개의 행이 만들어졌습니다.

SQL> insert into ex06 values (1250,'test1',1250);

1 개의 행이 만들어졌습니다.

SQL> insert into ex06 values (1251,'test1',1251);

1 개의 행이 만들어졌습니다.

SQL> insert into ex06 values (1252,'test1',1252);

1 개의 행이 만들어졌습니다.

SQL> insert into ex06 values (1253,'test1',1253);

1 개의 행이 만들어졌습니다.

SQL> insert into ex06 values (1254,'test1',1254);

1 개의 행이 만들어졌습니다.

SQL> insert into ex06 values (1255,'test1',1255);

1 개의 행이 만들어졌습니다.

SQL> insert into ex06 values (1256,'test1',1256);

1 개의 행이 만들어졌습니다.

SQL> insert into ex06 values (1257,'test1',1257);

1 개의 행이 만들어졌습니다.

SQL> insert into ex06 values (1258,'test1',1258);

1 개의 행이 만들어졌습니다.

SQL> insert into ex06 values (1259,'test1',1259);

1 개의 행이 만들어졌습니다.

SQL> insert into ex06 values (1260,'test1',1260);

1 개의 행이 만들어졌습니다.

SQL> insert into ex06 values (1261,'test1',1261);

1 개의 행이 만들어졌습니다.

SQL> insert into ex06 values (1262,'test1',1262);

1 개의 행이 만들어졌습니다.

SQL> insert into ex06 values (1263,'test1',1263);

1 개의 행이 만들어졌습니다.

SQL> insert into ex06 values (1264,'test1',1264);

1 개의 행이 만들어졌습니다.

SQL> insert into ex06 values (1265,'test1',1265);

1 개의 행이 만들어졌습니다.

SQL> insert into ex06 values (1266,'test1',1266);

1 개의 행이 만들어졌습니다.

SQL> insert into ex06 values (1267,'test1',1267);

1 개의 행이 만들어졌습니다.

SQL> insert into ex06 values (1268,'test1',1268);

1 개의 행이 만들어졌습니다.

SQL> insert into ex06 values (1269,'test1',1269);

1 개의 행이 만들어졌습니다.

SQL> insert into ex06 values (1270,'test1',1270);

1 개의 행이 만들어졌습니다.

SQL> insert into ex06 values (1271,'test1',1271);

1 개의 행이 만들어졌습니다.

SQL> insert into ex06 values (1272,'test1',1272);

1 개의 행이 만들어졌습니다.

SQL> insert into ex06 values (1273,'test1',1273);

1 개의 행이 만들어졌습니다.

SQL> insert into ex06 values (1274,'test1',1274);

1 개의 행이 만들어졌습니다.

SQL> insert into ex06 values (1275,'test1',1275);

1 개의 행이 만들어졌습니다.

SQL> insert into ex06 values (1276,'test1',1276);

1 개의 행이 만들어졌습니다.

SQL> insert into ex06 values (1277,'test1',1277);

1 개의 행이 만들어졌습니다.

SQL> insert into ex06 values (1278,'test1',1278);

1 개의 행이 만들어졌습니다.

SQL> insert into ex06 values (1279,'test1',1279);

1 개의 행이 만들어졌습니다.

SQL> insert into ex06 values (1280,'test1',1280);

1 개의 행이 만들어졌습니다.

SQL> insert into ex06 values (1281,'test1',1281);

1 개의 행이 만들어졌습니다.

SQL> insert into ex06 values (1282,'test1',1282);

1 개의 행이 만들어졌습니다.

SQL> insert into ex06 values (1283,'test1',1283);

1 개의 행이 만들어졌습니다.

SQL> insert into ex06 values (1284,'test1',1284);

1 개의 행이 만들어졌습니다.

SQL> insert into ex06 values (1285,'test1',1285);

1 개의 행이 만들어졌습니다.

SQL> insert into ex06 values (1286,'test1',1286);

1 개의 행이 만들어졌습니다.

SQL> insert into ex06 values (1287,'test1',1287);

1 개의 행이 만들어졌습니다.

SQL> insert into ex06 values (1288,'test1',1288);

1 개의 행이 만들어졌습니다.

SQL> insert into ex06 values (1289,'test1',1289);

1 개의 행이 만들어졌습니다.

SQL> insert into ex06 values (1290,'test1',1290);

1 개의 행이 만들어졌습니다.

SQL> insert into ex06 values (1291,'test1',1291);

1 개의 행이 만들어졌습니다.

SQL> insert into ex06 values (1292,'test1',1292);

1 개의 행이 만들어졌습니다.

SQL> insert into ex06 values (1293,'test1',1293);

1 개의 행이 만들어졌습니다.

SQL> insert into ex06 values (1294,'test1',1294);

1 개의 행이 만들어졌습니다.

SQL> insert into ex06 values (1295,'test1',1295);

1 개의 행이 만들어졌습니다.

SQL> insert into ex06 values (1296,'test1',1296);

1 개의 행이 만들어졌습니다.

SQL> insert into ex06 values (1297,'test1',1297);

1 개의 행이 만들어졌습니다.

SQL> insert into ex06 values (1298,'test1',1298);

1 개의 행이 만들어졌습니다.

SQL> insert into ex06 values (1299,'test1',1299);

1 개의 행이 만들어졌습니다.

SQL> insert into ex06 values (1300,'test1',1300);

1 개의 행이 만들어졌습니다.

SQL> insert into ex06 values (1301,'test1',1301);

1 개의 행이 만들어졌습니다.

SQL> insert into ex06 values (1302,'test1',1302);

1 개의 행이 만들어졌습니다.

SQL> insert into ex06 values (1303,'test1',1303);

1 개의 행이 만들어졌습니다.

SQL> insert into ex06 values (1304,'test1',1304);

1 개의 행이 만들어졌습니다.

SQL> insert into ex06 values (1305,'test1',1305);

1 개의 행이 만들어졌습니다.

SQL> insert into ex06 values (1306,'test1',1306);

1 개의 행이 만들어졌습니다.

SQL> insert into ex06 values (1307,'test1',1307);

1 개의 행이 만들어졌습니다.

SQL> insert into ex06 values (1308,'test1',1308);

1 개의 행이 만들어졌습니다.

SQL> insert into ex06 values (1309,'test1',1309);

1 개의 행이 만들어졌습니다.

SQL> insert into ex06 values (1310,'test1',1310);

1 개의 행이 만들어졌습니다.

SQL> insert into ex06 values (1311,'test1',1311);

1 개의 행이 만들어졌습니다.

SQL> insert into ex06 values (1312,'test1',1312);

1 개의 행이 만들어졌습니다.

SQL> insert into ex06 values (1313,'test1',1313);

1 개의 행이 만들어졌습니다.

SQL> insert into ex06 values (1314,'test1',1314);

1 개의 행이 만들어졌습니다.

SQL> insert into ex06 values (1315,'test1',1315);

1 개의 행이 만들어졌습니다.

SQL> insert into ex06 values (1316,'test1',1316);

1 개의 행이 만들어졌습니다.

SQL> insert into ex06 values (1317,'test1',1317);

1 개의 행이 만들어졌습니다.

SQL> insert into ex06 values (1318,'test1',1318);

1 개의 행이 만들어졌습니다.

SQL> insert into ex06 values (1319,'test1',1319);

1 개의 행이 만들어졌습니다.

SQL> insert into ex06 values (1320,'test1',1320);

1 개의 행이 만들어졌습니다.

SQL> insert into ex06 values (1321,'test1',1321);

1 개의 행이 만들어졌습니다.

SQL> insert into ex06 values (1322,'test1',1322);

1 개의 행이 만들어졌습니다.

SQL> insert into ex06 values (1323,'test1',1323);

1 개의 행이 만들어졌습니다.

SQL> insert into ex06 values (1324,'test1',1324);

1 개의 행이 만들어졌습니다.

SQL> insert into ex06 values (1325,'test1',1325);

1 개의 행이 만들어졌습니다.

SQL> insert into ex06 values (1326,'test1',1326);

1 개의 행이 만들어졌습니다.

SQL> insert into ex06 values (1327,'test1',1327);

1 개의 행이 만들어졌습니다.

SQL> insert into ex06 values (1328,'test1',1328);

1 개의 행이 만들어졌습니다.

SQL> insert into ex06 values (1329,'test1',1329);

1 개의 행이 만들어졌습니다.

SQL> insert into ex06 values (1330,'test1',1330);

1 개의 행이 만들어졌습니다.

SQL> insert into ex06 values (1331,'test1',1331);

1 개의 행이 만들어졌습니다.

SQL> insert into ex06 values (1332,'test1',1332);

1 개의 행이 만들어졌습니다.

SQL> insert into ex06 values (1333,'test1',1333);

1 개의 행이 만들어졌습니다.

SQL> insert into ex06 values (1334,'test1',1334);

1 개의 행이 만들어졌습니다.

SQL> insert into ex06 values (1335,'test1',1335);

1 개의 행이 만들어졌습니다.

SQL> insert into ex06 values (1336,'test1',1336);

1 개의 행이 만들어졌습니다.

SQL> insert into ex06 values (1337,'test1',1337);

1 개의 행이 만들어졌습니다.

SQL> insert into ex06 values (1338,'test1',1338);

1 개의 행이 만들어졌습니다.

SQL> insert into ex06 values (1339,'test1',1339);

1 개의 행이 만들어졌습니다.

SQL> insert into ex06 values (1340,'test1',1340);

1 개의 행이 만들어졌습니다.

SQL> insert into ex06 values (1341,'test1',1341);

1 개의 행이 만들어졌습니다.

SQL> insert into ex06 values (1342,'test1',1342);

1 개의 행이 만들어졌습니다.

SQL> insert into ex06 values (1343,'test1',1343);

1 개의 행이 만들어졌습니다.

SQL> insert into ex06 values (1344,'test1',1344);

1 개의 행이 만들어졌습니다.

SQL> insert into ex06 values (1345,'test1',1345);

1 개의 행이 만들어졌습니다.

SQL> insert into ex06 values (1346,'test1',1346);

1 개의 행이 만들어졌습니다.

SQL> insert into ex06 values (1347,'test1',1347);

1 개의 행이 만들어졌습니다.

SQL> insert into ex06 values (1348,'test1',1348);

1 개의 행이 만들어졌습니다.

SQL> insert into ex06 values (1349,'test1',1349);

1 개의 행이 만들어졌습니다.

SQL> insert into ex06 values (1350,'test1',1350);

1 개의 행이 만들어졌습니다.

SQL> insert into ex06 values (1351,'test1',1351);

1 개의 행이 만들어졌습니다.

SQL> insert into ex06 values (1352,'test1',1352);

1 개의 행이 만들어졌습니다.

SQL> insert into ex06 values (1353,'test1',1353);

1 개의 행이 만들어졌습니다.

SQL> insert into ex06 values (1354,'test1',1354);

1 개의 행이 만들어졌습니다.

SQL> insert into ex06 values (1355,'test1',1355);

1 개의 행이 만들어졌습니다.

SQL> insert into ex06 values (1356,'test1',1356);

1 개의 행이 만들어졌습니다.

SQL> insert into ex06 values (1357,'test1',1357);

1 개의 행이 만들어졌습니다.

SQL> insert into ex06 values (1358,'test1',1358);

1 개의 행이 만들어졌습니다.

SQL> insert into ex06 values (1359,'test1',1359);

1 개의 행이 만들어졌습니다.

SQL> insert into ex06 values (1360,'test1',1360);

1 개의 행이 만들어졌습니다.

SQL> insert into ex06 values (1361,'test1',1361);

1 개의 행이 만들어졌습니다.

SQL> insert into ex06 values (1362,'test1',1362);

1 개의 행이 만들어졌습니다.

SQL> insert into ex06 values (1363,'test1',1363);

1 개의 행이 만들어졌습니다.

SQL> insert into ex06 values (1364,'test1',1364);

1 개의 행이 만들어졌습니다.

SQL> insert into ex06 values (1365,'test1',1365);

1 개의 행이 만들어졌습니다.

SQL> insert into ex06 values (1366,'test1',1366);

1 개의 행이 만들어졌습니다.

SQL> insert into ex06 values (1367,'test1',1367);

1 개의 행이 만들어졌습니다.

SQL> insert into ex06 values (1368,'test1',1368);

1 개의 행이 만들어졌습니다.

SQL> insert into ex06 values (1369,'test1',1369);

1 개의 행이 만들어졌습니다.

SQL> insert into ex06 values (1370,'test1',1370);

1 개의 행이 만들어졌습니다.

SQL> insert into ex06 values (1371,'test1',1371);

1 개의 행이 만들어졌습니다.

SQL> insert into ex06 values (1372,'test1',1372);

1 개의 행이 만들어졌습니다.

SQL> insert into ex06 values (1373,'test1',1373);

1 개의 행이 만들어졌습니다.

SQL> insert into ex06 values (1374,'test1',1374);

1 개의 행이 만들어졌습니다.

SQL> insert into ex06 values (1375,'test1',1375);

1 개의 행이 만들어졌습니다.

SQL> insert into ex06 values (1376,'test1',1376);

1 개의 행이 만들어졌습니다.

SQL> insert into ex06 values (1377,'test1',1377);

1 개의 행이 만들어졌습니다.

SQL> insert into ex06 values (1378,'test1',1378);

1 개의 행이 만들어졌습니다.

SQL> insert into ex06 values (1379,'test1',1379);

1 개의 행이 만들어졌습니다.

SQL> insert into ex06 values (1380,'test1',1380);

1 개의 행이 만들어졌습니다.

SQL> insert into ex06 values (1381,'test1',1381);

1 개의 행이 만들어졌습니다.

SQL> insert into ex06 values (1382,'test1',1382);

1 개의 행이 만들어졌습니다.

SQL> insert into ex06 values (1383,'test1',1383);

1 개의 행이 만들어졌습니다.

SQL> insert into ex06 values (1384,'test1',1384);

1 개의 행이 만들어졌습니다.

SQL> insert into ex06 values (1385,'test1',1385);

1 개의 행이 만들어졌습니다.

SQL> insert into ex06 values (1386,'test1',1386);

1 개의 행이 만들어졌습니다.

SQL> insert into ex06 values (1387,'test1',1387);

1 개의 행이 만들어졌습니다.

SQL> insert into ex06 values (1388,'test1',1388);

1 개의 행이 만들어졌습니다.

SQL> insert into ex06 values (1389,'test1',1389);

1 개의 행이 만들어졌습니다.

SQL> insert into ex06 values (1390,'test1',1390);

1 개의 행이 만들어졌습니다.

SQL> insert into ex06 values (1391,'test1',1391);

1 개의 행이 만들어졌습니다.

SQL> insert into ex06 values (1392,'test1',1392);

1 개의 행이 만들어졌습니다.

SQL> insert into ex06 values (1393,'test1',1393);

1 개의 행이 만들어졌습니다.

SQL> insert into ex06 values (1394,'test1',1394);

1 개의 행이 만들어졌습니다.

SQL> insert into ex06 values (1395,'test1',1395);

1 개의 행이 만들어졌습니다.

SQL> insert into ex06 values (1396,'test1',1396);

1 개의 행이 만들어졌습니다.

SQL> insert into ex06 values (1397,'test1',1397);

1 개의 행이 만들어졌습니다.

SQL> insert into ex06 values (1398,'test1',1398);

1 개의 행이 만들어졌습니다.

SQL> insert into ex06 values (1399,'test1',1399);

1 개의 행이 만들어졌습니다.

SQL> insert into ex06 values (1400,'test1',1400);

1 개의 행이 만들어졌습니다.

SQL> insert into ex06 values (1401,'test1',1401);

1 개의 행이 만들어졌습니다.

SQL> insert into ex06 values (1402,'test1',1402);

1 개의 행이 만들어졌습니다.

SQL> insert into ex06 values (1403,'test1',1403);

1 개의 행이 만들어졌습니다.

SQL> insert into ex06 values (1404,'test1',1404);

1 개의 행이 만들어졌습니다.

SQL> insert into ex06 values (1405,'test1',1405);

1 개의 행이 만들어졌습니다.

SQL> insert into ex06 values (1406,'test1',1406);

1 개의 행이 만들어졌습니다.

SQL> insert into ex06 values (1407,'test1',1407);

1 개의 행이 만들어졌습니다.

SQL> insert into ex06 values (1408,'test1',1408);

1 개의 행이 만들어졌습니다.

SQL> insert into ex06 values (1409,'test1',1409);

1 개의 행이 만들어졌습니다.

SQL> insert into ex06 values (1410,'test1',1410);

1 개의 행이 만들어졌습니다.

SQL> insert into ex06 values (1411,'test1',1411);

1 개의 행이 만들어졌습니다.

SQL> insert into ex06 values (1412,'test1',1412);

1 개의 행이 만들어졌습니다.

SQL> insert into ex06 values (1413,'test1',1413);

1 개의 행이 만들어졌습니다.

SQL> insert into ex06 values (1414,'test1',1414);

1 개의 행이 만들어졌습니다.

SQL> insert into ex06 values (1415,'test1',1415);

1 개의 행이 만들어졌습니다.

SQL> insert into ex06 values (1416,'test1',1416);

1 개의 행이 만들어졌습니다.

SQL> insert into ex06 values (1417,'test1',1417);

1 개의 행이 만들어졌습니다.

SQL> insert into ex06 values (1418,'test1',1418);

1 개의 행이 만들어졌습니다.

SQL> insert into ex06 values (1419,'test1',1419);

1 개의 행이 만들어졌습니다.

SQL> insert into ex06 values (1420,'test1',1420);

1 개의 행이 만들어졌습니다.

SQL> insert into ex06 values (1421,'test1',1421);

1 개의 행이 만들어졌습니다.

SQL> insert into ex06 values (1422,'test1',1422);

1 개의 행이 만들어졌습니다.

SQL> insert into ex06 values (1423,'test1',1423);

1 개의 행이 만들어졌습니다.

SQL> insert into ex06 values (1424,'test1',1424);

1 개의 행이 만들어졌습니다.

SQL> insert into ex06 values (1425,'test1',1425);

1 개의 행이 만들어졌습니다.

SQL> insert into ex06 values (1426,'test1',1426);

1 개의 행이 만들어졌습니다.

SQL> insert into ex06 values (1427,'test1',1427);

1 개의 행이 만들어졌습니다.

SQL> insert into ex06 values (1428,'test1',1428);

1 개의 행이 만들어졌습니다.

SQL> insert into ex06 values (1429,'test1',1429);

1 개의 행이 만들어졌습니다.

SQL> insert into ex06 values (1430,'test1',1430);

1 개의 행이 만들어졌습니다.

SQL> insert into ex06 values (1431,'test1',1431);

1 개의 행이 만들어졌습니다.

SQL> insert into ex06 values (1432,'test1',1432);

1 개의 행이 만들어졌습니다.

SQL> insert into ex06 values (1433,'test1',1433);

1 개의 행이 만들어졌습니다.

SQL> insert into ex06 values (1434,'test1',1434);

1 개의 행이 만들어졌습니다.

SQL> insert into ex06 values (1435,'test1',1435);

1 개의 행이 만들어졌습니다.

SQL> insert into ex06 values (1436,'test1',1436);

1 개의 행이 만들어졌습니다.

SQL> insert into ex06 values (1437,'test1',1437);

1 개의 행이 만들어졌습니다.

SQL> insert into ex06 values (1438,'test1',1438);

1 개의 행이 만들어졌습니다.

SQL> insert into ex06 values (1439,'test1',1439);

1 개의 행이 만들어졌습니다.

SQL> insert into ex06 values (1440,'test1',1440);

1 개의 행이 만들어졌습니다.

SQL> insert into ex06 values (1441,'test1',1441);

1 개의 행이 만들어졌습니다.

SQL> insert into ex06 values (1442,'test1',1442);

1 개의 행이 만들어졌습니다.

SQL> insert into ex06 values (1443,'test1',1443);

1 개의 행이 만들어졌습니다.

SQL> insert into ex06 values (1444,'test1',1444);

1 개의 행이 만들어졌습니다.

SQL> insert into ex06 values (1445,'test1',1445);

1 개의 행이 만들어졌습니다.

SQL> insert into ex06 values (1446,'test1',1446);

1 개의 행이 만들어졌습니다.

SQL> insert into ex06 values (1447,'test1',1447);

1 개의 행이 만들어졌습니다.

SQL> insert into ex06 values (1448,'test1',1448);

1 개의 행이 만들어졌습니다.

SQL> insert into ex06 values (1449,'test1',1449);

1 개의 행이 만들어졌습니다.

SQL> insert into ex06 values (1450,'test1',1450);

1 개의 행이 만들어졌습니다.

SQL> insert into ex06 values (1451,'test1',1451);

1 개의 행이 만들어졌습니다.

SQL> insert into ex06 values (1452,'test1',1452);

1 개의 행이 만들어졌습니다.

SQL> insert into ex06 values (1453,'test1',1453);

1 개의 행이 만들어졌습니다.

SQL> insert into ex06 values (1454,'test1',1454);

1 개의 행이 만들어졌습니다.

SQL> insert into ex06 values (1455,'test1',1455);

1 개의 행이 만들어졌습니다.

SQL> insert into ex06 values (1456,'test1',1456);

1 개의 행이 만들어졌습니다.

SQL> insert into ex06 values (1457,'test1',1457);

1 개의 행이 만들어졌습니다.

SQL> insert into ex06 values (1458,'test1',1458);

1 개의 행이 만들어졌습니다.

SQL> insert into ex06 values (1459,'test1',1459);

1 개의 행이 만들어졌습니다.

SQL> insert into ex06 values (1460,'test1',1460);

1 개의 행이 만들어졌습니다.

SQL> insert into ex06 values (1461,'test1',1461);

1 개의 행이 만들어졌습니다.

SQL> insert into ex06 values (1462,'test1',1462);

1 개의 행이 만들어졌습니다.

SQL> insert into ex06 values (1463,'test1',1463);

1 개의 행이 만들어졌습니다.

SQL> insert into ex06 values (1464,'test1',1464);

1 개의 행이 만들어졌습니다.

SQL> insert into ex06 values (1465,'test1',1465);

1 개의 행이 만들어졌습니다.

SQL> insert into ex06 values (1466,'test1',1466);

1 개의 행이 만들어졌습니다.

SQL> insert into ex06 values (1467,'test1',1467);

1 개의 행이 만들어졌습니다.

SQL> insert into ex06 values (1468,'test1',1468);

1 개의 행이 만들어졌습니다.

SQL> insert into ex06 values (1469,'test1',1469);

1 개의 행이 만들어졌습니다.

SQL> insert into ex06 values (1470,'test1',1470);

1 개의 행이 만들어졌습니다.

SQL> insert into ex06 values (1471,'test1',1471);

1 개의 행이 만들어졌습니다.

SQL> insert into ex06 values (1472,'test1',1472);

1 개의 행이 만들어졌습니다.

SQL> insert into ex06 values (1473,'test1',1473);

1 개의 행이 만들어졌습니다.

SQL> insert into ex06 values (1474,'test1',1474);

1 개의 행이 만들어졌습니다.

SQL> insert into ex06 values (1475,'test1',1475);

1 개의 행이 만들어졌습니다.

SQL> insert into ex06 values (1476,'test1',1476);

1 개의 행이 만들어졌습니다.

SQL> insert into ex06 values (1477,'test1',1477);

1 개의 행이 만들어졌습니다.

SQL> insert into ex06 values (1478,'test1',1478);

1 개의 행이 만들어졌습니다.

SQL> insert into ex06 values (1479,'test1',1479);

1 개의 행이 만들어졌습니다.

SQL> insert into ex06 values (1480,'test1',1480);

1 개의 행이 만들어졌습니다.

SQL> insert into ex06 values (1481,'test1',1481);

1 개의 행이 만들어졌습니다.

SQL> insert into ex06 values (1482,'test1',1482);

1 개의 행이 만들어졌습니다.

SQL> insert into ex06 values (1483,'test1',1483);

1 개의 행이 만들어졌습니다.

SQL> insert into ex06 values (1484,'test1',1484);

1 개의 행이 만들어졌습니다.

SQL> insert into ex06 values (1485,'test1',1485);

1 개의 행이 만들어졌습니다.

SQL> insert into ex06 values (1486,'test1',1486);

1 개의 행이 만들어졌습니다.

SQL> insert into ex06 values (1487,'test1',1487);

1 개의 행이 만들어졌습니다.

SQL> insert into ex06 values (1488,'test1',1488);

1 개의 행이 만들어졌습니다.

SQL> insert into ex06 values (1489,'test1',1489);

1 개의 행이 만들어졌습니다.

SQL> insert into ex06 values (1490,'test1',1490);

1 개의 행이 만들어졌습니다.

SQL> insert into ex06 values (1491,'test1',1491);

1 개의 행이 만들어졌습니다.

SQL> insert into ex06 values (1492,'test1',1492);

1 개의 행이 만들어졌습니다.

SQL> insert into ex06 values (1493,'test1',1493);

1 개의 행이 만들어졌습니다.

SQL> insert into ex06 values (1494,'test1',1494);

1 개의 행이 만들어졌습니다.

SQL> insert into ex06 values (1495,'test1',1495);

1 개의 행이 만들어졌습니다.

SQL> insert into ex06 values (1496,'test1',1496);

1 개의 행이 만들어졌습니다.

SQL> insert into ex06 values (1497,'test1',1497);

1 개의 행이 만들어졌습니다.

SQL> insert into ex06 values (1498,'test1',1498);

1 개의 행이 만들어졌습니다.

SQL> insert into ex06 values (1499,'test1',1499);

1 개의 행이 만들어졌습니다.

SQL> select * from ex06;

       SU1 NAME                SU2                                              
---------- ------------ ----------                                              
      1000 test1              1000                                              
      1001 test1              1001                                              
      1002 test1              1002                                              
      1003 test1              1003                                              
      1004 test1              1004                                              
      1005 test1              1005                                              
      1006 test1              1006                                              
      1007 test1              1007                                              
      1008 test1              1008                                              
      1009 test1              1009                                              
      1010 test1              1010                                              

       SU1 NAME                SU2                                              
---------- ------------ ----------                                              
      1011 test1              1011                                              
      1012 test1              1012                                              
      1013 test1              1013                                              
      1014 test1              1014                                              
      1015 test1              1015                                              
      1016 test1              1016                                              
      1017 test1              1017                                              
      1018 test1              1018                                              
      1019 test1              1019                                              
      1020 test1              1020                                              
      1021 test1              1021                                              

       SU1 NAME                SU2                                              
---------- ------------ ----------                                              
      1022 test1              1022                                              
      1023 test1              1023                                              
      1024 test1              1024                                              
      1025 test1              1025                                              
      1026 test1              1026                                              
      1027 test1              1027                                              
      1028 test1              1028                                              
      1029 test1              1029                                              
      1030 test1              1030                                              
      1031 test1              1031                                              
      1032 test1              1032                                              

       SU1 NAME                SU2                                              
---------- ------------ ----------                                              
      1033 test1              1033                                              
      1034 test1              1034                                              
      1035 test1              1035                                              
      1036 test1              1036                                              
      1037 test1              1037                                              
      1038 test1              1038                                              
      1039 test1              1039                                              
      1040 test1              1040                                              
      1041 test1              1041                                              
      1042 test1              1042                                              
      1043 test1              1043                                              

       SU1 NAME                SU2                                              
---------- ------------ ----------                                              
      1044 test1              1044                                              
      1045 test1              1045                                              
      1046 test1              1046                                              
      1047 test1              1047                                              
      1048 test1              1048                                              
      1049 test1              1049                                              
      1050 test1              1050                                              
      1051 test1              1051                                              
      1052 test1              1052                                              
      1053 test1              1053                                              
      1054 test1              1054                                              

       SU1 NAME                SU2                                              
---------- ------------ ----------                                              
      1055 test1              1055                                              
      1056 test1              1056                                              
      1057 test1              1057                                              
      1058 test1              1058                                              
      1059 test1              1059                                              
      1060 test1              1060                                              
      1061 test1              1061                                              
      1062 test1              1062                                              
      1063 test1              1063                                              
      1064 test1              1064                                              
      1065 test1              1065                                              

       SU1 NAME                SU2                                              
---------- ------------ ----------                                              
      1066 test1              1066                                              
      1067 test1              1067                                              
      1068 test1              1068                                              
      1069 test1              1069                                              
      1070 test1              1070                                              
      1071 test1              1071                                              
      1072 test1              1072                                              
      1073 test1              1073                                              
      1074 test1              1074                                              
      1075 test1              1075                                              
      1076 test1              1076                                              

       SU1 NAME                SU2                                              
---------- ------------ ----------                                              
      1077 test1              1077                                              
      1078 test1              1078                                              
      1079 test1              1079                                              
      1080 test1              1080                                              
      1081 test1              1081                                              
      1082 test1              1082                                              
      1083 test1              1083                                              
      1084 test1              1084                                              
      1085 test1              1085                                              
      1086 test1              1086                                              
      1087 test1              1087                                              

       SU1 NAME                SU2                                              
---------- ------------ ----------                                              
      1088 test1              1088                                              
      1089 test1              1089                                              
      1090 test1              1090                                              
      1091 test1              1091                                              
      1092 test1              1092                                              
      1093 test1              1093                                              
      1094 test1              1094                                              
      1095 test1              1095                                              
      1096 test1              1096                                              
      1097 test1              1097                                              
      1098 test1              1098                                              

       SU1 NAME                SU2                                              
---------- ------------ ----------                                              
      1099 test1              1099                                              
      1100 test1              1100                                              
      1101 test1              1101                                              
      1102 test1              1102                                              
      1103 test1              1103                                              
      1104 test1              1104                                              
      1105 test1              1105                                              
      1106 test1              1106                                              
      1107 test1              1107                                              
      1108 test1              1108                                              
      1109 test1              1109                                              

       SU1 NAME                SU2                                              
---------- ------------ ----------                                              
      1110 test1              1110                                              
      1111 test1              1111                                              
      1112 test1              1112                                              
      1113 test1              1113                                              
      1114 test1              1114                                              
      1115 test1              1115                                              
      1116 test1              1116                                              
      1117 test1              1117                                              
      1118 test1              1118                                              
      1119 test1              1119                                              
      1120 test1              1120                                              

       SU1 NAME                SU2                                              
---------- ------------ ----------                                              
      1121 test1              1121                                              
      1122 test1              1122                                              
      1123 test1              1123                                              
      1124 test1              1124                                              
      1125 test1              1125                                              
      1126 test1              1126                                              
      1127 test1              1127                                              
      1128 test1              1128                                              
      1129 test1              1129                                              
      1130 test1              1130                                              
      1131 test1              1131                                              

       SU1 NAME                SU2                                              
---------- ------------ ----------                                              
      1132 test1              1132                                              
      1133 test1              1133                                              
      1134 test1              1134                                              
      1135 test1              1135                                              
      1136 test1              1136                                              
      1137 test1              1137                                              
      1138 test1              1138                                              
      1139 test1              1139                                              
      1140 test1              1140                                              
      1141 test1              1141                                              
      1142 test1              1142                                              

       SU1 NAME                SU2                                              
---------- ------------ ----------                                              
      1143 test1              1143                                              
      1144 test1              1144                                              
      1145 test1              1145                                              
      1146 test1              1146                                              
      1147 test1              1147                                              
      1148 test1              1148                                              
      1149 test1              1149                                              
      1150 test1              1150                                              
      1151 test1              1151                                              
      1152 test1              1152                                              
      1153 test1              1153                                              

       SU1 NAME                SU2                                              
---------- ------------ ----------                                              
      1154 test1              1154                                              
      1155 test1              1155                                              
      1156 test1              1156                                              
      1157 test1              1157                                              
      1158 test1              1158                                              
      1159 test1              1159                                              
      1160 test1              1160                                              
      1161 test1              1161                                              
      1162 test1              1162                                              
      1163 test1              1163                                              
      1164 test1              1164                                              

       SU1 NAME                SU2                                              
---------- ------------ ----------                                              
      1165 test1              1165                                              
      1166 test1              1166                                              
      1167 test1              1167                                              
      1168 test1              1168                                              
      1169 test1              1169                                              
      1170 test1              1170                                              
      1171 test1              1171                                              
      1172 test1              1172                                              
      1173 test1              1173                                              
      1174 test1              1174                                              
      1175 test1              1175                                              

       SU1 NAME                SU2                                              
---------- ------------ ----------                                              
      1176 test1              1176                                              
      1177 test1              1177                                              
      1178 test1              1178                                              
      1179 test1              1179                                              
      1180 test1              1180                                              
      1181 test1              1181                                              
      1182 test1              1182                                              
      1183 test1              1183                                              
      1184 test1              1184                                              
      1185 test1              1185                                              
      1186 test1              1186                                              

       SU1 NAME                SU2                                              
---------- ------------ ----------                                              
      1187 test1              1187                                              
      1188 test1              1188                                              
      1189 test1              1189                                              
      1190 test1              1190                                              
      1191 test1              1191                                              
      1192 test1              1192                                              
      1193 test1              1193                                              
      1194 test1              1194                                              
      1195 test1              1195                                              
      1196 test1              1196                                              
      1197 test1              1197                                              

       SU1 NAME                SU2                                              
---------- ------------ ----------                                              
      1198 test1              1198                                              
      1199 test1              1199                                              
      1200 test1              1200                                              
      1201 test1              1201                                              
      1202 test1              1202                                              
      1203 test1              1203                                              
      1204 test1              1204                                              
      1205 test1              1205                                              
      1206 test1              1206                                              
      1207 test1              1207                                              
      1208 test1              1208                                              

       SU1 NAME                SU2                                              
---------- ------------ ----------                                              
      1209 test1              1209                                              
      1210 test1              1210                                              
      1211 test1              1211                                              
      1212 test1              1212                                              
      1213 test1              1213                                              
      1214 test1              1214                                              
      1215 test1              1215                                              
      1216 test1              1216                                              
      1217 test1              1217                                              
      1218 test1              1218                                              
      1219 test1              1219                                              

       SU1 NAME                SU2                                              
---------- ------------ ----------                                              
      1220 test1              1220                                              
      1221 test1              1221                                              
      1222 test1              1222                                              
      1223 test1              1223                                              
      1224 test1              1224                                              
      1225 test1              1225                                              
      1226 test1              1226                                              
      1227 test1              1227                                              
      1228 test1              1228                                              
      1229 test1              1229                                              
      1230 test1              1230                                              

       SU1 NAME                SU2                                              
---------- ------------ ----------                                              
      1231 test1              1231                                              
      1232 test1              1232                                              
      1233 test1              1233                                              
      1234 test1              1234                                              
      1235 test1              1235                                              
      1236 test1              1236                                              
      1237 test1              1237                                              
      1238 test1              1238                                              
      1239 test1              1239                                              
      1240 test1              1240                                              
      1241 test1              1241                                              

       SU1 NAME                SU2                                              
---------- ------------ ----------                                              
      1242 test1              1242                                              
      1243 test1              1243                                              
      1244 test1              1244                                              
      1245 test1              1245                                              
      1246 test1              1246                                              
      1247 test1              1247                                              
      1248 test1              1248                                              
      1249 test1              1249                                              
      1250 test1              1250                                              
      1251 test1              1251                                              
      1252 test1              1252                                              

       SU1 NAME                SU2                                              
---------- ------------ ----------                                              
      1253 test1              1253                                              
      1254 test1              1254                                              
      1255 test1              1255                                              
      1256 test1              1256                                              
      1257 test1              1257                                              
      1258 test1              1258                                              
      1259 test1              1259                                              
      1260 test1              1260                                              
      1261 test1              1261                                              
      1262 test1              1262                                              
      1263 test1              1263                                              

       SU1 NAME                SU2                                              
---------- ------------ ----------                                              
      1264 test1              1264                                              
      1265 test1              1265                                              
      1266 test1              1266                                              
      1267 test1              1267                                              
      1268 test1              1268                                              
      1269 test1              1269                                              
      1270 test1              1270                                              
      1271 test1              1271                                              
      1272 test1              1272                                              
      1273 test1              1273                                              
      1274 test1              1274                                              

       SU1 NAME                SU2                                              
---------- ------------ ----------                                              
      1275 test1              1275                                              
      1276 test1              1276                                              
      1277 test1              1277                                              
      1278 test1              1278                                              
      1279 test1              1279                                              
      1280 test1              1280                                              
      1281 test1              1281                                              
      1282 test1              1282                                              
      1283 test1              1283                                              
      1284 test1              1284                                              
      1285 test1              1285                                              

       SU1 NAME                SU2                                              
---------- ------------ ----------                                              
      1286 test1              1286                                              
      1287 test1              1287                                              
      1288 test1              1288                                              
      1289 test1              1289                                              
      1290 test1              1290                                              
      1291 test1              1291                                              
      1292 test1              1292                                              
      1293 test1              1293                                              
      1294 test1              1294                                              
      1295 test1              1295                                              
      1296 test1              1296                                              

       SU1 NAME                SU2                                              
---------- ------------ ----------                                              
      1297 test1              1297                                              
      1298 test1              1298                                              
      1299 test1              1299                                              
      1300 test1              1300                                              
      1301 test1              1301                                              
      1302 test1              1302                                              
      1303 test1              1303                                              
      1304 test1              1304                                              
      1305 test1              1305                                              
      1306 test1              1306                                              
      1307 test1              1307                                              

       SU1 NAME                SU2                                              
---------- ------------ ----------                                              
      1308 test1              1308                                              
      1309 test1              1309                                              
      1310 test1              1310                                              
      1311 test1              1311                                              
      1312 test1              1312                                              
      1313 test1              1313                                              
      1314 test1              1314                                              
      1315 test1              1315                                              
      1316 test1              1316                                              
      1317 test1              1317                                              
      1318 test1              1318                                              

       SU1 NAME                SU2                                              
---------- ------------ ----------                                              
      1319 test1              1319                                              
      1320 test1              1320                                              
      1321 test1              1321                                              
      1322 test1              1322                                              
      1323 test1              1323                                              
      1324 test1              1324                                              
      1325 test1              1325                                              
      1326 test1              1326                                              
      1327 test1              1327                                              
      1328 test1              1328                                              
      1329 test1              1329                                              

       SU1 NAME                SU2                                              
---------- ------------ ----------                                              
      1330 test1              1330                                              
      1331 test1              1331                                              
      1332 test1              1332                                              
      1333 test1              1333                                              
      1334 test1              1334                                              
      1335 test1              1335                                              
      1336 test1              1336                                              
      1337 test1              1337                                              
      1338 test1              1338                                              
      1339 test1              1339                                              
      1340 test1              1340                                              

       SU1 NAME                SU2                                              
---------- ------------ ----------                                              
      1341 test1              1341                                              
      1342 test1              1342                                              
      1343 test1              1343                                              
      1344 test1              1344                                              
      1345 test1              1345                                              
      1346 test1              1346                                              
      1347 test1              1347                                              
      1348 test1              1348                                              
      1349 test1              1349                                              
      1350 test1              1350                                              
      1351 test1              1351                                              

       SU1 NAME                SU2                                              
---------- ------------ ----------                                              
      1352 test1              1352                                              
      1353 test1              1353                                              
      1354 test1              1354                                              
      1355 test1              1355                                              
      1356 test1              1356                                              
      1357 test1              1357                                              
      1358 test1              1358                                              
      1359 test1              1359                                              
      1360 test1              1360                                              
      1361 test1              1361                                              
      1362 test1              1362                                              

       SU1 NAME                SU2                                              
---------- ------------ ----------                                              
      1363 test1              1363                                              
      1364 test1              1364                                              
      1365 test1              1365                                              
      1366 test1              1366                                              
      1367 test1              1367                                              
      1368 test1              1368                                              
      1369 test1              1369                                              
      1370 test1              1370                                              
      1371 test1              1371                                              
      1372 test1              1372                                              
      1373 test1              1373                                              

       SU1 NAME                SU2                                              
---------- ------------ ----------                                              
      1374 test1              1374                                              
      1375 test1              1375                                              
      1376 test1              1376                                              
      1377 test1              1377                                              
      1378 test1              1378                                              
      1379 test1              1379                                              
      1380 test1              1380                                              
      1381 test1              1381                                              
      1382 test1              1382                                              
      1383 test1              1383                                              
      1384 test1              1384                                              

       SU1 NAME                SU2                                              
---------- ------------ ----------                                              
      1385 test1              1385                                              
      1386 test1              1386                                              
      1387 test1              1387                                              
      1388 test1              1388                                              
      1389 test1              1389                                              
      1390 test1              1390                                              
      1391 test1              1391                                              
      1392 test1              1392                                              
      1393 test1              1393                                              
      1394 test1              1394                                              
      1395 test1              1395                                              

       SU1 NAME                SU2                                              
---------- ------------ ----------                                              
      1396 test1              1396                                              
      1397 test1              1397                                              
      1398 test1              1398                                              
      1399 test1              1399                                              
      1400 test1              1400                                              
      1401 test1              1401                                              
      1402 test1              1402                                              
      1403 test1              1403                                              
      1404 test1              1404                                              
      1405 test1              1405                                              
      1406 test1              1406                                              

       SU1 NAME                SU2                                              
---------- ------------ ----------                                              
      1407 test1              1407                                              
      1408 test1              1408                                              
      1409 test1              1409                                              
      1410 test1              1410                                              
      1411 test1              1411                                              
      1412 test1              1412                                              
      1413 test1              1413                                              
      1414 test1              1414                                              
      1415 test1              1415                                              
      1416 test1              1416                                              
      1417 test1              1417                                              

       SU1 NAME                SU2                                              
---------- ------------ ----------                                              
      1418 test1              1418                                              
      1419 test1              1419                                              
      1420 test1              1420                                              
      1421 test1              1421                                              
      1422 test1              1422                                              
      1423 test1              1423                                              
      1424 test1              1424                                              
      1425 test1              1425                                              
      1426 test1              1426                                              
      1427 test1              1427                                              
      1428 test1              1428                                              

       SU1 NAME                SU2                                              
---------- ------------ ----------                                              
      1429 test1              1429                                              
      1430 test1              1430                                              
      1431 test1              1431                                              
      1432 test1              1432                                              
      1433 test1              1433                                              
      1434 test1              1434                                              
      1435 test1              1435                                              
      1436 test1              1436                                              
      1437 test1              1437                                              
      1438 test1              1438                                              
      1439 test1              1439                                              

       SU1 NAME                SU2                                              
---------- ------------ ----------                                              
      1440 test1              1440                                              
      1441 test1              1441                                              
      1442 test1              1442                                              
      1443 test1              1443                                              
      1444 test1              1444                                              
      1445 test1              1445                                              
      1446 test1              1446                                              
      1447 test1              1447                                              
      1448 test1              1448                                              
      1449 test1              1449                                              
      1450 test1              1450                                              

       SU1 NAME                SU2                                              
---------- ------------ ----------                                              
      1451 test1              1451                                              
      1452 test1              1452                                              
      1453 test1              1453                                              
      1454 test1              1454                                              
      1455 test1              1455                                              
      1456 test1              1456                                              
      1457 test1              1457                                              
      1458 test1              1458                                              
      1459 test1              1459                                              
      1460 test1              1460                                              
      1461 test1              1461                                              

       SU1 NAME                SU2                                              
---------- ------------ ----------                                              
      1462 test1              1462                                              
      1463 test1              1463                                              
      1464 test1              1464                                              
      1465 test1              1465                                              
      1466 test1              1466                                              
      1467 test1              1467                                              
      1468 test1              1468                                              
      1469 test1              1469                                              
      1470 test1              1470                                              
      1471 test1              1471                                              
      1472 test1              1472                                              

       SU1 NAME                SU2                                              
---------- ------------ ----------                                              
      1473 test1              1473                                              
      1474 test1              1474                                              
      1475 test1              1475                                              
      1476 test1              1476                                              
      1477 test1              1477                                              
      1478 test1              1478                                              
      1479 test1              1479                                              
      1480 test1              1480                                              
      1481 test1              1481                                              
      1482 test1              1482                                              
      1483 test1              1483                                              

       SU1 NAME                SU2                                              
---------- ------------ ----------                                              
      1484 test1              1484                                              
      1485 test1              1485                                              
      1486 test1              1486                                              
      1487 test1              1487                                              
      1488 test1              1488                                              
      1489 test1              1489                                              
      1490 test1              1490                                              
      1491 test1              1491                                              
      1492 test1              1492                                              
      1493 test1              1493                                              
      1494 test1              1494                                              

       SU1 NAME                SU2                                              
---------- ------------ ----------                                              
      1495 test1              1495                                              
      1496 test1              1496                                              
      1497 test1              1497                                              
      1498 test1              1498                                              
      1499 test1              1499                                              

500 개의 행이 선택되었습니다.

SQL> delete from ex06;

500 행이 삭제되었습니다.

SQL> insert into ex06 values (1000,'test1',1000);

1 개의 행이 만들어졌습니다.

SQL> insert into ex06 values (1001,'test1',1001);

1 개의 행이 만들어졌습니다.

SQL> insert into ex06 values (1002,'test1',1002);

1 개의 행이 만들어졌습니다.

SQL> insert into ex06 values (1003,'test1',1003);

1 개의 행이 만들어졌습니다.

SQL> insert into ex06 values (1004,'test1',1004);

1 개의 행이 만들어졌습니다.

SQL> insert into ex06 values (1005,'test1',1005);

1 개의 행이 만들어졌습니다.

SQL> insert into ex06 values (1006,'test1',1006);

1 개의 행이 만들어졌습니다.

SQL> insert into ex06 values (1007,'test1',1007);

1 개의 행이 만들어졌습니다.

SQL> insert into ex06 values (1008,'test1',1008);

1 개의 행이 만들어졌습니다.

SQL> insert into ex06 values (1009,'test1',1009);

1 개의 행이 만들어졌습니다.

SQL> insert into ex06 values (1010,'test1',1010);

1 개의 행이 만들어졌습니다.

SQL> insert into ex06 values (1011,'test1',1011);

1 개의 행이 만들어졌습니다.

SQL> insert into ex06 values (1012,'test1',1012);

1 개의 행이 만들어졌습니다.

SQL> insert into ex06 values (1013,'test1',1013);

1 개의 행이 만들어졌습니다.

SQL> insert into ex06 values (1014,'test1',1014);

1 개의 행이 만들어졌습니다.

SQL> insert into ex06 values (1015,'test1',1015);

1 개의 행이 만들어졌습니다.

SQL> insert into ex06 values (1016,'test1',1016);

1 개의 행이 만들어졌습니다.

SQL> insert into ex06 values (1017,'test1',1017);

1 개의 행이 만들어졌습니다.

SQL> insert into ex06 values (1018,'test1',1018);

1 개의 행이 만들어졌습니다.

SQL> insert into ex06 values (1019,'test1',1019);

1 개의 행이 만들어졌습니다.

SQL> insert into ex06 values (1020,'test1',1020);

1 개의 행이 만들어졌습니다.

SQL> insert into ex06 values (1021,'test1',1021);

1 개의 행이 만들어졌습니다.

SQL> insert into ex06 values (1022,'test1',1022);

1 개의 행이 만들어졌습니다.

SQL> insert into ex06 values (1023,'test1',1023);

1 개의 행이 만들어졌습니다.

SQL> insert into ex06 values (1024,'test1',1024);

1 개의 행이 만들어졌습니다.

SQL> insert into ex06 values (1025,'test1',1025);

1 개의 행이 만들어졌습니다.

SQL> insert into ex06 values (1026,'test1',1026);

1 개의 행이 만들어졌습니다.

SQL> insert into ex06 values (1027,'test1',1027);

1 개의 행이 만들어졌습니다.

SQL> insert into ex06 values (1028,'test1',1028);

1 개의 행이 만들어졌습니다.

SQL> insert into ex06 values (1029,'test1',1029);

1 개의 행이 만들어졌습니다.

SQL> insert into ex06 values (1030,'test1',1030);

1 개의 행이 만들어졌습니다.

SQL> insert into ex06 values (1031,'test1',1031);

1 개의 행이 만들어졌습니다.

SQL> insert into ex06 values (1032,'test1',1032);

1 개의 행이 만들어졌습니다.

SQL> insert into ex06 values (1033,'test1',1033);

1 개의 행이 만들어졌습니다.

SQL> insert into ex06 values (1034,'test1',1034);

1 개의 행이 만들어졌습니다.

SQL> insert into ex06 values (1035,'test1',1035);

1 개의 행이 만들어졌습니다.

SQL> insert into ex06 values (1036,'test1',1036);

1 개의 행이 만들어졌습니다.

SQL> insert into ex06 values (1037,'test1',1037);

1 개의 행이 만들어졌습니다.

SQL> insert into ex06 values (1038,'test1',1038);

1 개의 행이 만들어졌습니다.

SQL> insert into ex06 values (1039,'test1',1039);

1 개의 행이 만들어졌습니다.

SQL> insert into ex06 values (1040,'test1',1040);

1 개의 행이 만들어졌습니다.

SQL> insert into ex06 values (1041,'test1',1041);

1 개의 행이 만들어졌습니다.

SQL> insert into ex06 values (1042,'test1',1042);

1 개의 행이 만들어졌습니다.

SQL> insert into ex06 values (1043,'test1',1043);

1 개의 행이 만들어졌습니다.

SQL> insert into ex06 values (1044,'test1',1044);

1 개의 행이 만들어졌습니다.

SQL> insert into ex06 values (1045,'test1',1045);

1 개의 행이 만들어졌습니다.

SQL> insert into ex06 values (1046,'test1',1046);

1 개의 행이 만들어졌습니다.

SQL> insert into ex06 values (1047,'test1',1047);

1 개의 행이 만들어졌습니다.

SQL> insert into ex06 values (1048,'test1',1048);

1 개의 행이 만들어졌습니다.

SQL> insert into ex06 values (1049,'test1',1049);

1 개의 행이 만들어졌습니다.

SQL> insert into ex06 values (1050,'test1',1050);

1 개의 행이 만들어졌습니다.

SQL> insert into ex06 values (1051,'test1',1051);

1 개의 행이 만들어졌습니다.

SQL> insert into ex06 values (1052,'test1',1052);

1 개의 행이 만들어졌습니다.

SQL> insert into ex06 values (1053,'test1',1053);

1 개의 행이 만들어졌습니다.

SQL> insert into ex06 values (1054,'test1',1054);

1 개의 행이 만들어졌습니다.

SQL> insert into ex06 values (1055,'test1',1055);

1 개의 행이 만들어졌습니다.

SQL> insert into ex06 values (1056,'test1',1056);

1 개의 행이 만들어졌습니다.

SQL> insert into ex06 values (1057,'test1',1057);

1 개의 행이 만들어졌습니다.

SQL> insert into ex06 values (1058,'test1',1058);

1 개의 행이 만들어졌습니다.

SQL> insert into ex06 values (1059,'test1',1059);

1 개의 행이 만들어졌습니다.

SQL> insert into ex06 values (1060,'test1',1060);

1 개의 행이 만들어졌습니다.

SQL> insert into ex06 values (1061,'test1',1061);

1 개의 행이 만들어졌습니다.

SQL> insert into ex06 values (1062,'test1',1062);

1 개의 행이 만들어졌습니다.

SQL> insert into ex06 values (1063,'test1',1063);

1 개의 행이 만들어졌습니다.

SQL> insert into ex06 values (1064,'test1',1064);

1 개의 행이 만들어졌습니다.

SQL> insert into ex06 values (1065,'test1',1065);

1 개의 행이 만들어졌습니다.

SQL> insert into ex06 values (1066,'test1',1066);

1 개의 행이 만들어졌습니다.

SQL> insert into ex06 values (1067,'test1',1067);

1 개의 행이 만들어졌습니다.

SQL> insert into ex06 values (1068,'test1',1068);

1 개의 행이 만들어졌습니다.

SQL> insert into ex06 values (1069,'test1',1069);

1 개의 행이 만들어졌습니다.

SQL> insert into ex06 values (1070,'test1',1070);

1 개의 행이 만들어졌습니다.

SQL> insert into ex06 values (1071,'test1',1071);

1 개의 행이 만들어졌습니다.

SQL> insert into ex06 values (1072,'test1',1072);

1 개의 행이 만들어졌습니다.

SQL> insert into ex06 values (1073,'test1',1073);

1 개의 행이 만들어졌습니다.

SQL> insert into ex06 values (1074,'test1',1074);

1 개의 행이 만들어졌습니다.

SQL> insert into ex06 values (1075,'test1',1075);

1 개의 행이 만들어졌습니다.

SQL> insert into ex06 values (1076,'test1',1076);

1 개의 행이 만들어졌습니다.

SQL> insert into ex06 values (1077,'test1',1077);

1 개의 행이 만들어졌습니다.

SQL> insert into ex06 values (1078,'test1',1078);

1 개의 행이 만들어졌습니다.

SQL> insert into ex06 values (1079,'test1',1079);

1 개의 행이 만들어졌습니다.

SQL> insert into ex06 values (1080,'test1',1080);

1 개의 행이 만들어졌습니다.

SQL> insert into ex06 values (1081,'test1',1081);

1 개의 행이 만들어졌습니다.

SQL> insert into ex06 values (1082,'test1',1082);

1 개의 행이 만들어졌습니다.

SQL> insert into ex06 values (1083,'test1',1083);

1 개의 행이 만들어졌습니다.

SQL> insert into ex06 values (1084,'test1',1084);

1 개의 행이 만들어졌습니다.

SQL> insert into ex06 values (1085,'test1',1085);

1 개의 행이 만들어졌습니다.

SQL> insert into ex06 values (1086,'test1',1086);

1 개의 행이 만들어졌습니다.

SQL> insert into ex06 values (1087,'test1',1087);

1 개의 행이 만들어졌습니다.

SQL> insert into ex06 values (1088,'test1',1088);

1 개의 행이 만들어졌습니다.

SQL> insert into ex06 values (1089,'test1',1089);

1 개의 행이 만들어졌습니다.

SQL> insert into ex06 values (1090,'test1',1090);

1 개의 행이 만들어졌습니다.

SQL> insert into ex06 values (1091,'test1',1091);

1 개의 행이 만들어졌습니다.

SQL> insert into ex06 values (1092,'test1',1092);

1 개의 행이 만들어졌습니다.

SQL> insert into ex06 values (1093,'test1',1093);

1 개의 행이 만들어졌습니다.

SQL> insert into ex06 values (1094,'test1',1094);

1 개의 행이 만들어졌습니다.

SQL> insert into ex06 values (1095,'test1',1095);

1 개의 행이 만들어졌습니다.

SQL> insert into ex06 values (1096,'test1',1096);

1 개의 행이 만들어졌습니다.

SQL> insert into ex06 values (1097,'test1',1097);

1 개의 행이 만들어졌습니다.

SQL> insert into ex06 values (1098,'test1',1098);

1 개의 행이 만들어졌습니다.

SQL> insert into ex06 values (1099,'test1',1099);

1 개의 행이 만들어졌습니다.

SQL> insert into ex06 values (1100,'test1',1100);

1 개의 행이 만들어졌습니다.

SQL> insert into ex06 values (1101,'test1',1101);

1 개의 행이 만들어졌습니다.

SQL> insert into ex06 values (1102,'test1',1102);

1 개의 행이 만들어졌습니다.

SQL> insert into ex06 values (1103,'test1',1103);

1 개의 행이 만들어졌습니다.

SQL> insert into ex06 values (1104,'test1',1104);

1 개의 행이 만들어졌습니다.

SQL> insert into ex06 values (1105,'test1',1105);

1 개의 행이 만들어졌습니다.

SQL> insert into ex06 values (1106,'test1',1106);

1 개의 행이 만들어졌습니다.

SQL> insert into ex06 values (1107,'test1',1107);

1 개의 행이 만들어졌습니다.

SQL> insert into ex06 values (1108,'test1',1108);

1 개의 행이 만들어졌습니다.

SQL> insert into ex06 values (1109,'test1',1109);

1 개의 행이 만들어졌습니다.

SQL> insert into ex06 values (1110,'test1',1110);

1 개의 행이 만들어졌습니다.

SQL> insert into ex06 values (1111,'test1',1111);

1 개의 행이 만들어졌습니다.

SQL> insert into ex06 values (1112,'test1',1112);

1 개의 행이 만들어졌습니다.

SQL> insert into ex06 values (1113,'test1',1113);

1 개의 행이 만들어졌습니다.

SQL> insert into ex06 values (1114,'test1',1114);

1 개의 행이 만들어졌습니다.

SQL> insert into ex06 values (1115,'test1',1115);

1 개의 행이 만들어졌습니다.

SQL> insert into ex06 values (1116,'test1',1116);

1 개의 행이 만들어졌습니다.

SQL> insert into ex06 values (1117,'test1',1117);

1 개의 행이 만들어졌습니다.

SQL> insert into ex06 values (1118,'test1',1118);

1 개의 행이 만들어졌습니다.

SQL> insert into ex06 values (1119,'test1',1119);

1 개의 행이 만들어졌습니다.

SQL> insert into ex06 values (1120,'test1',1120);

1 개의 행이 만들어졌습니다.

SQL> insert into ex06 values (1121,'test1',1121);

1 개의 행이 만들어졌습니다.

SQL> insert into ex06 values (1122,'test1',1122);

1 개의 행이 만들어졌습니다.

SQL> insert into ex06 values (1123,'test1',1123);

1 개의 행이 만들어졌습니다.

SQL> insert into ex06 values (1124,'test1',1124);

1 개의 행이 만들어졌습니다.

SQL> insert into ex06 values (1125,'test1',1125);

1 개의 행이 만들어졌습니다.

SQL> insert into ex06 values (1126,'test1',1126);

1 개의 행이 만들어졌습니다.

SQL> insert into ex06 values (1127,'test1',1127);

1 개의 행이 만들어졌습니다.

SQL> insert into ex06 values (1128,'test1',1128);

1 개의 행이 만들어졌습니다.

SQL> insert into ex06 values (1129,'test1',1129);

1 개의 행이 만들어졌습니다.

SQL> insert into ex06 values (1130,'test1',1130);

1 개의 행이 만들어졌습니다.

SQL> insert into ex06 values (1131,'test1',1131);

1 개의 행이 만들어졌습니다.

SQL> insert into ex06 values (1132,'test1',1132);

1 개의 행이 만들어졌습니다.

SQL> insert into ex06 values (1133,'test1',1133);

1 개의 행이 만들어졌습니다.

SQL> insert into ex06 values (1134,'test1',1134);

1 개의 행이 만들어졌습니다.

SQL> insert into ex06 values (1135,'test1',1135);

1 개의 행이 만들어졌습니다.

SQL> insert into ex06 values (1136,'test1',1136);

1 개의 행이 만들어졌습니다.

SQL> insert into ex06 values (1137,'test1',1137);

1 개의 행이 만들어졌습니다.

SQL> insert into ex06 values (1138,'test1',1138);

1 개의 행이 만들어졌습니다.

SQL> insert into ex06 values (1139,'test1',1139);

1 개의 행이 만들어졌습니다.

SQL> insert into ex06 values (1140,'test1',1140);

1 개의 행이 만들어졌습니다.

SQL> insert into ex06 values (1141,'test1',1141);

1 개의 행이 만들어졌습니다.

SQL> insert into ex06 values (1142,'test1',1142);

1 개의 행이 만들어졌습니다.

SQL> insert into ex06 values (1143,'test1',1143);

1 개의 행이 만들어졌습니다.

SQL> insert into ex06 values (1144,'test1',1144);

1 개의 행이 만들어졌습니다.

SQL> insert into ex06 values (1145,'test1',1145);

1 개의 행이 만들어졌습니다.

SQL> insert into ex06 values (1146,'test1',1146);

1 개의 행이 만들어졌습니다.

SQL> insert into ex06 values (1147,'test1',1147);

1 개의 행이 만들어졌습니다.

SQL> insert into ex06 values (1148,'test1',1148);

1 개의 행이 만들어졌습니다.

SQL> insert into ex06 values (1149,'test1',1149);

1 개의 행이 만들어졌습니다.

SQL> insert into ex06 values (1150,'test1',1150);

1 개의 행이 만들어졌습니다.

SQL> insert into ex06 values (1151,'test1',1151);

1 개의 행이 만들어졌습니다.

SQL> insert into ex06 values (1152,'test1',1152);

1 개의 행이 만들어졌습니다.

SQL> insert into ex06 values (1153,'test1',1153);

1 개의 행이 만들어졌습니다.

SQL> insert into ex06 values (1154,'test1',1154);

1 개의 행이 만들어졌습니다.

SQL> insert into ex06 values (1155,'test1',1155);

1 개의 행이 만들어졌습니다.

SQL> insert into ex06 values (1156,'test1',1156);

1 개의 행이 만들어졌습니다.

SQL> insert into ex06 values (1157,'test1',1157);

1 개의 행이 만들어졌습니다.

SQL> insert into ex06 values (1158,'test1',1158);

1 개의 행이 만들어졌습니다.

SQL> insert into ex06 values (1159,'test1',1159);

1 개의 행이 만들어졌습니다.

SQL> insert into ex06 values (1160,'test1',1160);

1 개의 행이 만들어졌습니다.

SQL> insert into ex06 values (1161,'test1',1161);

1 개의 행이 만들어졌습니다.

SQL> insert into ex06 values (1162,'test1',1162);

1 개의 행이 만들어졌습니다.

SQL> insert into ex06 values (1163,'test1',1163);

1 개의 행이 만들어졌습니다.

SQL> insert into ex06 values (1164,'test1',1164);

1 개의 행이 만들어졌습니다.

SQL> insert into ex06 values (1165,'test1',1165);

1 개의 행이 만들어졌습니다.

SQL> insert into ex06 values (1166,'test1',1166);

1 개의 행이 만들어졌습니다.

SQL> insert into ex06 values (1167,'test1',1167);

1 개의 행이 만들어졌습니다.

SQL> insert into ex06 values (1168,'test1',1168);

1 개의 행이 만들어졌습니다.

SQL> insert into ex06 values (1169,'test1',1169);

1 개의 행이 만들어졌습니다.

SQL> insert into ex06 values (1170,'test1',1170);

1 개의 행이 만들어졌습니다.

SQL> insert into ex06 values (1171,'test1',1171);

1 개의 행이 만들어졌습니다.

SQL> insert into ex06 values (1172,'test1',1172);

1 개의 행이 만들어졌습니다.

SQL> insert into ex06 values (1173,'test1',1173);

1 개의 행이 만들어졌습니다.

SQL> insert into ex06 values (1174,'test1',1174);

1 개의 행이 만들어졌습니다.

SQL> insert into ex06 values (1175,'test1',1175);

1 개의 행이 만들어졌습니다.

SQL> insert into ex06 values (1176,'test1',1176);

1 개의 행이 만들어졌습니다.

SQL> insert into ex06 values (1177,'test1',1177);

1 개의 행이 만들어졌습니다.

SQL> insert into ex06 values (1178,'test1',1178);

1 개의 행이 만들어졌습니다.

SQL> insert into ex06 values (1179,'test1',1179);

1 개의 행이 만들어졌습니다.

SQL> insert into ex06 values (1180,'test1',1180);

1 개의 행이 만들어졌습니다.

SQL> insert into ex06 values (1181,'test1',1181);

1 개의 행이 만들어졌습니다.

SQL> insert into ex06 values (1182,'test1',1182);

1 개의 행이 만들어졌습니다.

SQL> insert into ex06 values (1183,'test1',1183);

1 개의 행이 만들어졌습니다.

SQL> insert into ex06 values (1184,'test1',1184);

1 개의 행이 만들어졌습니다.

SQL> insert into ex06 values (1185,'test1',1185);

1 개의 행이 만들어졌습니다.

SQL> insert into ex06 values (1186,'test1',1186);

1 개의 행이 만들어졌습니다.

SQL> insert into ex06 values (1187,'test1',1187);

1 개의 행이 만들어졌습니다.

SQL> insert into ex06 values (1188,'test1',1188);

1 개의 행이 만들어졌습니다.

SQL> insert into ex06 values (1189,'test1',1189);

1 개의 행이 만들어졌습니다.

SQL> insert into ex06 values (1190,'test1',1190);

1 개의 행이 만들어졌습니다.

SQL> insert into ex06 values (1191,'test1',1191);

1 개의 행이 만들어졌습니다.

SQL> insert into ex06 values (1192,'test1',1192);

1 개의 행이 만들어졌습니다.

SQL> insert into ex06 values (1193,'test1',1193);

1 개의 행이 만들어졌습니다.

SQL> insert into ex06 values (1194,'test1',1194);

1 개의 행이 만들어졌습니다.

SQL> insert into ex06 values (1195,'test1',1195);

1 개의 행이 만들어졌습니다.

SQL> insert into ex06 values (1196,'test1',1196);

1 개의 행이 만들어졌습니다.

SQL> insert into ex06 values (1197,'test1',1197);

1 개의 행이 만들어졌습니다.

SQL> insert into ex06 values (1198,'test1',1198);

1 개의 행이 만들어졌습니다.

SQL> insert into ex06 values (1199,'test1',1199);

1 개의 행이 만들어졌습니다.

SQL> insert into ex06 values (1200,'test1',1200);

1 개의 행이 만들어졌습니다.

SQL> insert into ex06 values (1201,'test1',1201);

1 개의 행이 만들어졌습니다.

SQL> insert into ex06 values (1202,'test1',1202);

1 개의 행이 만들어졌습니다.

SQL> insert into ex06 values (1203,'test1',1203);

1 개의 행이 만들어졌습니다.

SQL> insert into ex06 values (1204,'test1',1204);

1 개의 행이 만들어졌습니다.

SQL> insert into ex06 values (1205,'test1',1205);

1 개의 행이 만들어졌습니다.

SQL> insert into ex06 values (1206,'test1',1206);

1 개의 행이 만들어졌습니다.

SQL> insert into ex06 values (1207,'test1',1207);

1 개의 행이 만들어졌습니다.

SQL> insert into ex06 values (1208,'test1',1208);

1 개의 행이 만들어졌습니다.

SQL> insert into ex06 values (1209,'test1',1209);

1 개의 행이 만들어졌습니다.

SQL> insert into ex06 values (1210,'test1',1210);

1 개의 행이 만들어졌습니다.

SQL> insert into ex06 values (1211,'test1',1211);

1 개의 행이 만들어졌습니다.

SQL> insert into ex06 values (1212,'test1',1212);

1 개의 행이 만들어졌습니다.

SQL> insert into ex06 values (1213,'test1',1213);

1 개의 행이 만들어졌습니다.

SQL> insert into ex06 values (1214,'test1',1214);

1 개의 행이 만들어졌습니다.

SQL> insert into ex06 values (1215,'test1',1215);

1 개의 행이 만들어졌습니다.

SQL> insert into ex06 values (1216,'test1',1216);

1 개의 행이 만들어졌습니다.

SQL> insert into ex06 values (1217,'test1',1217);

1 개의 행이 만들어졌습니다.

SQL> insert into ex06 values (1218,'test1',1218);

1 개의 행이 만들어졌습니다.

SQL> insert into ex06 values (1219,'test1',1219);

1 개의 행이 만들어졌습니다.

SQL> insert into ex06 values (1220,'test1',1220);

1 개의 행이 만들어졌습니다.

SQL> insert into ex06 values (1221,'test1',1221);

1 개의 행이 만들어졌습니다.

SQL> insert into ex06 values (1222,'test1',1222);

1 개의 행이 만들어졌습니다.

SQL> insert into ex06 values (1223,'test1',1223);

1 개의 행이 만들어졌습니다.

SQL> insert into ex06 values (1224,'test1',1224);

1 개의 행이 만들어졌습니다.

SQL> insert into ex06 values (1225,'test1',1225);

1 개의 행이 만들어졌습니다.

SQL> insert into ex06 values (1226,'test1',1226);

1 개의 행이 만들어졌습니다.

SQL> insert into ex06 values (1227,'test1',1227);

1 개의 행이 만들어졌습니다.

SQL> insert into ex06 values (1228,'test1',1228);

1 개의 행이 만들어졌습니다.

SQL> insert into ex06 values (1229,'test1',1229);

1 개의 행이 만들어졌습니다.

SQL> insert into ex06 values (1230,'test1',1230);

1 개의 행이 만들어졌습니다.

SQL> insert into ex06 values (1231,'test1',1231);

1 개의 행이 만들어졌습니다.

SQL> insert into ex06 values (1232,'test1',1232);

1 개의 행이 만들어졌습니다.

SQL> insert into ex06 values (1233,'test1',1233);

1 개의 행이 만들어졌습니다.

SQL> insert into ex06 values (1234,'test1',1234);

1 개의 행이 만들어졌습니다.

SQL> insert into ex06 values (1235,'test1',1235);

1 개의 행이 만들어졌습니다.

SQL> insert into ex06 values (1236,'test1',1236);

1 개의 행이 만들어졌습니다.

SQL> insert into ex06 values (1237,'test1',1237);

1 개의 행이 만들어졌습니다.

SQL> insert into ex06 values (1238,'test1',1238);

1 개의 행이 만들어졌습니다.

SQL> insert into ex06 values (1239,'test1',1239);

1 개의 행이 만들어졌습니다.

SQL> insert into ex06 values (1240,'test1',1240);

1 개의 행이 만들어졌습니다.

SQL> insert into ex06 values (1241,'test1',1241);

1 개의 행이 만들어졌습니다.

SQL> insert into ex06 values (1242,'test1',1242);

1 개의 행이 만들어졌습니다.

SQL> insert into ex06 values (1243,'test1',1243);

1 개의 행이 만들어졌습니다.

SQL> insert into ex06 values (1244,'test1',1244);

1 개의 행이 만들어졌습니다.

SQL> insert into ex06 values (1245,'test1',1245);

1 개의 행이 만들어졌습니다.

SQL> insert into ex06 values (1246,'test1',1246);

1 개의 행이 만들어졌습니다.

SQL> insert into ex06 values (1247,'test1',1247);

1 개의 행이 만들어졌습니다.

SQL> insert into ex06 values (1248,'test1',1248);

1 개의 행이 만들어졌습니다.

SQL> insert into ex06 values (1249,'test1',1249);

1 개의 행이 만들어졌습니다.

SQL> insert into ex06 values (1250,'test1',1250);

1 개의 행이 만들어졌습니다.

SQL> insert into ex06 values (1251,'test1',1251);

1 개의 행이 만들어졌습니다.

SQL> insert into ex06 values (1252,'test1',1252);

1 개의 행이 만들어졌습니다.

SQL> insert into ex06 values (1253,'test1',1253);

1 개의 행이 만들어졌습니다.

SQL> insert into ex06 values (1254,'test1',1254);

1 개의 행이 만들어졌습니다.

SQL> insert into ex06 values (1255,'test1',1255);

1 개의 행이 만들어졌습니다.

SQL> insert into ex06 values (1256,'test1',1256);

1 개의 행이 만들어졌습니다.

SQL> insert into ex06 values (1257,'test1',1257);

1 개의 행이 만들어졌습니다.

SQL> insert into ex06 values (1258,'test1',1258);

1 개의 행이 만들어졌습니다.

SQL> insert into ex06 values (1259,'test1',1259);

1 개의 행이 만들어졌습니다.

SQL> insert into ex06 values (1260,'test1',1260);

1 개의 행이 만들어졌습니다.

SQL> insert into ex06 values (1261,'test1',1261);

1 개의 행이 만들어졌습니다.

SQL> insert into ex06 values (1262,'test1',1262);

1 개의 행이 만들어졌습니다.

SQL> insert into ex06 values (1263,'test1',1263);

1 개의 행이 만들어졌습니다.

SQL> insert into ex06 values (1264,'test1',1264);

1 개의 행이 만들어졌습니다.

SQL> insert into ex06 values (1265,'test1',1265);

1 개의 행이 만들어졌습니다.

SQL> insert into ex06 values (1266,'test1',1266);

1 개의 행이 만들어졌습니다.

SQL> insert into ex06 values (1267,'test1',1267);

1 개의 행이 만들어졌습니다.

SQL> insert into ex06 values (1268,'test1',1268);

1 개의 행이 만들어졌습니다.

SQL> insert into ex06 values (1269,'test1',1269);

1 개의 행이 만들어졌습니다.

SQL> insert into ex06 values (1270,'test1',1270);

1 개의 행이 만들어졌습니다.

SQL> insert into ex06 values (1271,'test1',1271);

1 개의 행이 만들어졌습니다.

SQL> insert into ex06 values (1272,'test1',1272);

1 개의 행이 만들어졌습니다.

SQL> insert into ex06 values (1273,'test1',1273);

1 개의 행이 만들어졌습니다.

SQL> insert into ex06 values (1274,'test1',1274);

1 개의 행이 만들어졌습니다.

SQL> insert into ex06 values (1275,'test1',1275);

1 개의 행이 만들어졌습니다.

SQL> insert into ex06 values (1276,'test1',1276);

1 개의 행이 만들어졌습니다.

SQL> insert into ex06 values (1277,'test1',1277);

1 개의 행이 만들어졌습니다.

SQL> insert into ex06 values (1278,'test1',1278);

1 개의 행이 만들어졌습니다.

SQL> insert into ex06 values (1279,'test1',1279);

1 개의 행이 만들어졌습니다.

SQL> insert into ex06 values (1280,'test1',1280);

1 개의 행이 만들어졌습니다.

SQL> insert into ex06 values (1281,'test1',1281);

1 개의 행이 만들어졌습니다.

SQL> insert into ex06 values (1282,'test1',1282);

1 개의 행이 만들어졌습니다.

SQL> insert into ex06 values (1283,'test1',1283);

1 개의 행이 만들어졌습니다.

SQL> insert into ex06 values (1284,'test1',1284);

1 개의 행이 만들어졌습니다.

SQL> insert into ex06 values (1285,'test1',1285);

1 개의 행이 만들어졌습니다.

SQL> insert into ex06 values (1286,'test1',1286);

1 개의 행이 만들어졌습니다.

SQL> insert into ex06 values (1287,'test1',1287);

1 개의 행이 만들어졌습니다.

SQL> insert into ex06 values (1288,'test1',1288);

1 개의 행이 만들어졌습니다.

SQL> insert into ex06 values (1289,'test1',1289);

1 개의 행이 만들어졌습니다.

SQL> insert into ex06 values (1290,'test1',1290);

1 개의 행이 만들어졌습니다.

SQL> insert into ex06 values (1291,'test1',1291);

1 개의 행이 만들어졌습니다.

SQL> insert into ex06 values (1292,'test1',1292);

1 개의 행이 만들어졌습니다.

SQL> insert into ex06 values (1293,'test1',1293);

1 개의 행이 만들어졌습니다.

SQL> insert into ex06 values (1294,'test1',1294);

1 개의 행이 만들어졌습니다.

SQL> insert into ex06 values (1295,'test1',1295);

1 개의 행이 만들어졌습니다.

SQL> insert into ex06 values (1296,'test1',1296);

1 개의 행이 만들어졌습니다.

SQL> insert into ex06 values (1297,'test1',1297);

1 개의 행이 만들어졌습니다.

SQL> insert into ex06 values (1298,'test1',1298);

1 개의 행이 만들어졌습니다.

SQL> insert into ex06 values (1299,'test1',1299);

1 개의 행이 만들어졌습니다.

SQL> insert into ex06 values (1300,'test1',1300);

1 개의 행이 만들어졌습니다.

SQL> insert into ex06 values (1301,'test1',1301);

1 개의 행이 만들어졌습니다.

SQL> insert into ex06 values (1302,'test1',1302);

1 개의 행이 만들어졌습니다.

SQL> insert into ex06 values (1303,'test1',1303);

1 개의 행이 만들어졌습니다.

SQL> insert into ex06 values (1304,'test1',1304);

1 개의 행이 만들어졌습니다.

SQL> insert into ex06 values (1305,'test1',1305);

1 개의 행이 만들어졌습니다.

SQL> insert into ex06 values (1306,'test1',1306);

1 개의 행이 만들어졌습니다.

SQL> insert into ex06 values (1307,'test1',1307);

1 개의 행이 만들어졌습니다.

SQL> insert into ex06 values (1308,'test1',1308);

1 개의 행이 만들어졌습니다.

SQL> insert into ex06 values (1309,'test1',1309);

1 개의 행이 만들어졌습니다.

SQL> insert into ex06 values (1310,'test1',1310);

1 개의 행이 만들어졌습니다.

SQL> insert into ex06 values (1311,'test1',1311);

1 개의 행이 만들어졌습니다.

SQL> insert into ex06 values (1312,'test1',1312);

1 개의 행이 만들어졌습니다.

SQL> insert into ex06 values (1313,'test1',1313);

1 개의 행이 만들어졌습니다.

SQL> insert into ex06 values (1314,'test1',1314);

1 개의 행이 만들어졌습니다.

SQL> insert into ex06 values (1315,'test1',1315);

1 개의 행이 만들어졌습니다.

SQL> insert into ex06 values (1316,'test1',1316);

1 개의 행이 만들어졌습니다.

SQL> insert into ex06 values (1317,'test1',1317);

1 개의 행이 만들어졌습니다.

SQL> insert into ex06 values (1318,'test1',1318);

1 개의 행이 만들어졌습니다.

SQL> insert into ex06 values (1319,'test1',1319);

1 개의 행이 만들어졌습니다.

SQL> insert into ex06 values (1320,'test1',1320);

1 개의 행이 만들어졌습니다.

SQL> insert into ex06 values (1321,'test1',1321);

1 개의 행이 만들어졌습니다.

SQL> insert into ex06 values (1322,'test1',1322);

1 개의 행이 만들어졌습니다.

SQL> insert into ex06 values (1323,'test1',1323);

1 개의 행이 만들어졌습니다.

SQL> insert into ex06 values (1324,'test1',1324);

1 개의 행이 만들어졌습니다.

SQL> insert into ex06 values (1325,'test1',1325);

1 개의 행이 만들어졌습니다.

SQL> insert into ex06 values (1326,'test1',1326);

1 개의 행이 만들어졌습니다.

SQL> insert into ex06 values (1327,'test1',1327);

1 개의 행이 만들어졌습니다.

SQL> insert into ex06 values (1328,'test1',1328);

1 개의 행이 만들어졌습니다.

SQL> insert into ex06 values (1329,'test1',1329);

1 개의 행이 만들어졌습니다.

SQL> insert into ex06 values (1330,'test1',1330);

1 개의 행이 만들어졌습니다.

SQL> insert into ex06 values (1331,'test1',1331);

1 개의 행이 만들어졌습니다.

SQL> insert into ex06 values (1332,'test1',1332);

1 개의 행이 만들어졌습니다.

SQL> insert into ex06 values (1333,'test1',1333);

1 개의 행이 만들어졌습니다.

SQL> insert into ex06 values (1334,'test1',1334);

1 개의 행이 만들어졌습니다.

SQL> insert into ex06 values (1335,'test1',1335);

1 개의 행이 만들어졌습니다.

SQL> insert into ex06 values (1336,'test1',1336);

1 개의 행이 만들어졌습니다.

SQL> insert into ex06 values (1337,'test1',1337);

1 개의 행이 만들어졌습니다.

SQL> insert into ex06 values (1338,'test1',1338);

1 개의 행이 만들어졌습니다.

SQL> insert into ex06 values (1339,'test1',1339);

1 개의 행이 만들어졌습니다.

SQL> insert into ex06 values (1340,'test1',1340);

1 개의 행이 만들어졌습니다.

SQL> insert into ex06 values (1341,'test1',1341);

1 개의 행이 만들어졌습니다.

SQL> insert into ex06 values (1342,'test1',1342);

1 개의 행이 만들어졌습니다.

SQL> insert into ex06 values (1343,'test1',1343);

1 개의 행이 만들어졌습니다.

SQL> insert into ex06 values (1344,'test1',1344);

1 개의 행이 만들어졌습니다.

SQL> insert into ex06 values (1345,'test1',1345);

1 개의 행이 만들어졌습니다.

SQL> insert into ex06 values (1346,'test1',1346);

1 개의 행이 만들어졌습니다.

SQL> insert into ex06 values (1347,'test1',1347);

1 개의 행이 만들어졌습니다.

SQL> insert into ex06 values (1348,'test1',1348);

1 개의 행이 만들어졌습니다.

SQL> insert into ex06 values (1349,'test1',1349);

1 개의 행이 만들어졌습니다.

SQL> insert into ex06 values (1350,'test1',1350);

1 개의 행이 만들어졌습니다.

SQL> insert into ex06 values (1351,'test1',1351);

1 개의 행이 만들어졌습니다.

SQL> insert into ex06 values (1352,'test1',1352);

1 개의 행이 만들어졌습니다.

SQL> insert into ex06 values (1353,'test1',1353);

1 개의 행이 만들어졌습니다.

SQL> insert into ex06 values (1354,'test1',1354);

1 개의 행이 만들어졌습니다.

SQL> insert into ex06 values (1355,'test1',1355);

1 개의 행이 만들어졌습니다.

SQL> insert into ex06 values (1356,'test1',1356);

1 개의 행이 만들어졌습니다.

SQL> insert into ex06 values (1357,'test1',1357);

1 개의 행이 만들어졌습니다.

SQL> insert into ex06 values (1358,'test1',1358);

1 개의 행이 만들어졌습니다.

SQL> insert into ex06 values (1359,'test1',1359);

1 개의 행이 만들어졌습니다.

SQL> insert into ex06 values (1360,'test1',1360);

1 개의 행이 만들어졌습니다.

SQL> insert into ex06 values (1361,'test1',1361);

1 개의 행이 만들어졌습니다.

SQL> insert into ex06 values (1362,'test1',1362);

1 개의 행이 만들어졌습니다.

SQL> insert into ex06 values (1363,'test1',1363);

1 개의 행이 만들어졌습니다.

SQL> insert into ex06 values (1364,'test1',1364);

1 개의 행이 만들어졌습니다.

SQL> insert into ex06 values (1365,'test1',1365);

1 개의 행이 만들어졌습니다.

SQL> insert into ex06 values (1366,'test1',1366);

1 개의 행이 만들어졌습니다.

SQL> insert into ex06 values (1367,'test1',1367);

1 개의 행이 만들어졌습니다.

SQL> insert into ex06 values (1368,'test1',1368);

1 개의 행이 만들어졌습니다.

SQL> insert into ex06 values (1369,'test1',1369);

1 개의 행이 만들어졌습니다.

SQL> insert into ex06 values (1370,'test1',1370);

1 개의 행이 만들어졌습니다.

SQL> insert into ex06 values (1371,'test1',1371);

1 개의 행이 만들어졌습니다.

SQL> insert into ex06 values (1372,'test1',1372);

1 개의 행이 만들어졌습니다.

SQL> insert into ex06 values (1373,'test1',1373);

1 개의 행이 만들어졌습니다.

SQL> insert into ex06 values (1374,'test1',1374);

1 개의 행이 만들어졌습니다.

SQL> insert into ex06 values (1375,'test1',1375);

1 개의 행이 만들어졌습니다.

SQL> insert into ex06 values (1376,'test1',1376);

1 개의 행이 만들어졌습니다.

SQL> insert into ex06 values (1377,'test1',1377);

1 개의 행이 만들어졌습니다.

SQL> insert into ex06 values (1378,'test1',1378);

1 개의 행이 만들어졌습니다.

SQL> insert into ex06 values (1379,'test1',1379);

1 개의 행이 만들어졌습니다.

SQL> insert into ex06 values (1380,'test1',1380);

1 개의 행이 만들어졌습니다.

SQL> insert into ex06 values (1381,'test1',1381);

1 개의 행이 만들어졌습니다.

SQL> insert into ex06 values (1382,'test1',1382);

1 개의 행이 만들어졌습니다.

SQL> insert into ex06 values (1383,'test1',1383);

1 개의 행이 만들어졌습니다.

SQL> insert into ex06 values (1384,'test1',1384);

1 개의 행이 만들어졌습니다.

SQL> insert into ex06 values (1385,'test1',1385);

1 개의 행이 만들어졌습니다.

SQL> insert into ex06 values (1386,'test1',1386);

1 개의 행이 만들어졌습니다.

SQL> insert into ex06 values (1387,'test1',1387);

1 개의 행이 만들어졌습니다.

SQL> insert into ex06 values (1388,'test1',1388);

1 개의 행이 만들어졌습니다.

SQL> insert into ex06 values (1389,'test1',1389);

1 개의 행이 만들어졌습니다.

SQL> insert into ex06 values (1390,'test1',1390);

1 개의 행이 만들어졌습니다.

SQL> insert into ex06 values (1391,'test1',1391);

1 개의 행이 만들어졌습니다.

SQL> insert into ex06 values (1392,'test1',1392);

1 개의 행이 만들어졌습니다.

SQL> insert into ex06 values (1393,'test1',1393);

1 개의 행이 만들어졌습니다.

SQL> insert into ex06 values (1394,'test1',1394);

1 개의 행이 만들어졌습니다.

SQL> insert into ex06 values (1395,'test1',1395);

1 개의 행이 만들어졌습니다.

SQL> insert into ex06 values (1396,'test1',1396);

1 개의 행이 만들어졌습니다.

SQL> insert into ex06 values (1397,'test1',1397);

1 개의 행이 만들어졌습니다.

SQL> insert into ex06 values (1398,'test1',1398);

1 개의 행이 만들어졌습니다.

SQL> insert into ex06 values (1399,'test1',1399);

1 개의 행이 만들어졌습니다.

SQL> insert into ex06 values (1400,'test1',1400);

1 개의 행이 만들어졌습니다.

SQL> insert into ex06 values (1401,'test1',1401);

1 개의 행이 만들어졌습니다.

SQL> insert into ex06 values (1402,'test1',1402);

1 개의 행이 만들어졌습니다.

SQL> insert into ex06 values (1403,'test1',1403);

1 개의 행이 만들어졌습니다.

SQL> insert into ex06 values (1404,'test1',1404);

1 개의 행이 만들어졌습니다.

SQL> insert into ex06 values (1405,'test1',1405);

1 개의 행이 만들어졌습니다.

SQL> insert into ex06 values (1406,'test1',1406);

1 개의 행이 만들어졌습니다.

SQL> insert into ex06 values (1407,'test1',1407);

1 개의 행이 만들어졌습니다.

SQL> insert into ex06 values (1408,'test1',1408);

1 개의 행이 만들어졌습니다.

SQL> insert into ex06 values (1409,'test1',1409);

1 개의 행이 만들어졌습니다.

SQL> insert into ex06 values (1410,'test1',1410);

1 개의 행이 만들어졌습니다.

SQL> insert into ex06 values (1411,'test1',1411);

1 개의 행이 만들어졌습니다.

SQL> insert into ex06 values (1412,'test1',1412);

1 개의 행이 만들어졌습니다.

SQL> insert into ex06 values (1413,'test1',1413);

1 개의 행이 만들어졌습니다.

SQL> insert into ex06 values (1414,'test1',1414);

1 개의 행이 만들어졌습니다.

SQL> insert into ex06 values (1415,'test1',1415);

1 개의 행이 만들어졌습니다.

SQL> insert into ex06 values (1416,'test1',1416);

1 개의 행이 만들어졌습니다.

SQL> insert into ex06 values (1417,'test1',1417);

1 개의 행이 만들어졌습니다.

SQL> insert into ex06 values (1418,'test1',1418);

1 개의 행이 만들어졌습니다.

SQL> insert into ex06 values (1419,'test1',1419);

1 개의 행이 만들어졌습니다.

SQL> insert into ex06 values (1420,'test1',1420);

1 개의 행이 만들어졌습니다.

SQL> insert into ex06 values (1421,'test1',1421);

1 개의 행이 만들어졌습니다.

SQL> insert into ex06 values (1422,'test1',1422);

1 개의 행이 만들어졌습니다.

SQL> insert into ex06 values (1423,'test1',1423);

1 개의 행이 만들어졌습니다.

SQL> insert into ex06 values (1424,'test1',1424);

1 개의 행이 만들어졌습니다.

SQL> insert into ex06 values (1425,'test1',1425);

1 개의 행이 만들어졌습니다.

SQL> insert into ex06 values (1426,'test1',1426);

1 개의 행이 만들어졌습니다.

SQL> insert into ex06 values (1427,'test1',1427);

1 개의 행이 만들어졌습니다.

SQL> insert into ex06 values (1428,'test1',1428);

1 개의 행이 만들어졌습니다.

SQL> insert into ex06 values (1429,'test1',1429);

1 개의 행이 만들어졌습니다.

SQL> insert into ex06 values (1430,'test1',1430);

1 개의 행이 만들어졌습니다.

SQL> insert into ex06 values (1431,'test1',1431);

1 개의 행이 만들어졌습니다.

SQL> insert into ex06 values (1432,'test1',1432);

1 개의 행이 만들어졌습니다.

SQL> insert into ex06 values (1433,'test1',1433);

1 개의 행이 만들어졌습니다.

SQL> insert into ex06 values (1434,'test1',1434);

1 개의 행이 만들어졌습니다.

SQL> insert into ex06 values (1435,'test1',1435);

1 개의 행이 만들어졌습니다.

SQL> insert into ex06 values (1436,'test1',1436);

1 개의 행이 만들어졌습니다.

SQL> insert into ex06 values (1437,'test1',1437);

1 개의 행이 만들어졌습니다.

SQL> insert into ex06 values (1438,'test1',1438);

1 개의 행이 만들어졌습니다.

SQL> insert into ex06 values (1439,'test1',1439);

1 개의 행이 만들어졌습니다.

SQL> insert into ex06 values (1440,'test1',1440);

1 개의 행이 만들어졌습니다.

SQL> insert into ex06 values (1441,'test1',1441);

1 개의 행이 만들어졌습니다.

SQL> insert into ex06 values (1442,'test1',1442);

1 개의 행이 만들어졌습니다.

SQL> insert into ex06 values (1443,'test1',1443);

1 개의 행이 만들어졌습니다.

SQL> insert into ex06 values (1444,'test1',1444);

1 개의 행이 만들어졌습니다.

SQL> insert into ex06 values (1445,'test1',1445);

1 개의 행이 만들어졌습니다.

SQL> insert into ex06 values (1446,'test1',1446);

1 개의 행이 만들어졌습니다.

SQL> insert into ex06 values (1447,'test1',1447);

1 개의 행이 만들어졌습니다.

SQL> insert into ex06 values (1448,'test1',1448);

1 개의 행이 만들어졌습니다.

SQL> insert into ex06 values (1449,'test1',1449);

1 개의 행이 만들어졌습니다.

SQL> insert into ex06 values (1450,'test1',1450);

1 개의 행이 만들어졌습니다.

SQL> insert into ex06 values (1451,'test1',1451);

1 개의 행이 만들어졌습니다.

SQL> insert into ex06 values (1452,'test1',1452);

1 개의 행이 만들어졌습니다.

SQL> insert into ex06 values (1453,'test1',1453);

1 개의 행이 만들어졌습니다.

SQL> insert into ex06 values (1454,'test1',1454);

1 개의 행이 만들어졌습니다.

SQL> insert into ex06 values (1455,'test1',1455);

1 개의 행이 만들어졌습니다.

SQL> insert into ex06 values (1456,'test1',1456);

1 개의 행이 만들어졌습니다.

SQL> insert into ex06 values (1457,'test1',1457);

1 개의 행이 만들어졌습니다.

SQL> insert into ex06 values (1458,'test1',1458);

1 개의 행이 만들어졌습니다.

SQL> insert into ex06 values (1459,'test1',1459);

1 개의 행이 만들어졌습니다.

SQL> insert into ex06 values (1460,'test1',1460);

1 개의 행이 만들어졌습니다.

SQL> insert into ex06 values (1461,'test1',1461);

1 개의 행이 만들어졌습니다.

SQL> insert into ex06 values (1462,'test1',1462);

1 개의 행이 만들어졌습니다.

SQL> insert into ex06 values (1463,'test1',1463);

1 개의 행이 만들어졌습니다.

SQL> insert into ex06 values (1464,'test1',1464);

1 개의 행이 만들어졌습니다.

SQL> insert into ex06 values (1465,'test1',1465);

1 개의 행이 만들어졌습니다.

SQL> insert into ex06 values (1466,'test1',1466);

1 개의 행이 만들어졌습니다.

SQL> insert into ex06 values (1467,'test1',1467);

1 개의 행이 만들어졌습니다.

SQL> insert into ex06 values (1468,'test1',1468);

1 개의 행이 만들어졌습니다.

SQL> insert into ex06 values (1469,'test1',1469);

1 개의 행이 만들어졌습니다.

SQL> insert into ex06 values (1470,'test1',1470);

1 개의 행이 만들어졌습니다.

SQL> insert into ex06 values (1471,'test1',1471);

1 개의 행이 만들어졌습니다.

SQL> insert into ex06 values (1472,'test1',1472);

1 개의 행이 만들어졌습니다.

SQL> insert into ex06 values (1473,'test1',1473);

1 개의 행이 만들어졌습니다.

SQL> insert into ex06 values (1474,'test1',1474);

1 개의 행이 만들어졌습니다.

SQL> insert into ex06 values (1475,'test1',1475);

1 개의 행이 만들어졌습니다.

SQL> insert into ex06 values (1476,'test1',1476);

1 개의 행이 만들어졌습니다.

SQL> insert into ex06 values (1477,'test1',1477);

1 개의 행이 만들어졌습니다.

SQL> insert into ex06 values (1478,'test1',1478);

1 개의 행이 만들어졌습니다.

SQL> insert into ex06 values (1479,'test1',1479);

1 개의 행이 만들어졌습니다.

SQL> insert into ex06 values (1480,'test1',1480);

1 개의 행이 만들어졌습니다.

SQL> insert into ex06 values (1481,'test1',1481);

1 개의 행이 만들어졌습니다.

SQL> insert into ex06 values (1482,'test1',1482);

1 개의 행이 만들어졌습니다.

SQL> insert into ex06 values (1483,'test1',1483);

1 개의 행이 만들어졌습니다.

SQL> insert into ex06 values (1484,'test1',1484);

1 개의 행이 만들어졌습니다.

SQL> insert into ex06 values (1485,'test1',1485);

1 개의 행이 만들어졌습니다.

SQL> insert into ex06 values (1486,'test1',1486);

1 개의 행이 만들어졌습니다.

SQL> insert into ex06 values (1487,'test1',1487);

1 개의 행이 만들어졌습니다.

SQL> insert into ex06 values (1488,'test1',1488);

1 개의 행이 만들어졌습니다.

SQL> insert into ex06 values (1489,'test1',1489);

1 개의 행이 만들어졌습니다.

SQL> insert into ex06 values (1490,'test1',1490);

1 개의 행이 만들어졌습니다.

SQL> insert into ex06 values (1491,'test1',1491);

1 개의 행이 만들어졌습니다.

SQL> insert into ex06 values (1492,'test1',1492);

1 개의 행이 만들어졌습니다.

SQL> insert into ex06 values (1493,'test1',1493);

1 개의 행이 만들어졌습니다.

SQL> insert into ex06 values (1494,'test1',1494);

1 개의 행이 만들어졌습니다.

SQL> insert into ex06 values (1495,'test1',1495);

1 개의 행이 만들어졌습니다.

SQL> insert into ex06 values (1496,'test1',1496);

1 개의 행이 만들어졌습니다.

SQL> insert into ex06 values (1497,'test1',1497);

1 개의 행이 만들어졌습니다.

SQL> insert into ex06 values (1498,'test1',1498);

1 개의 행이 만들어졌습니다.

SQL> insert into ex06 values (1499,'test1',1499);

1 개의 행이 만들어졌습니다.

SQL> truncate table ex06;

테이블이 잘렸습니다.

SQL> delete from ex06 where name='test1';

0 행이 삭제되었습니다.

SQL> insert into ex06 values (1000,'test1',1000);

1 개의 행이 만들어졌습니다.

SQL> insert into ex06 values (1001,'test1',1001);

1 개의 행이 만들어졌습니다.

SQL> insert into ex06 values (1002,'test1',1002);

1 개의 행이 만들어졌습니다.

SQL> insert into ex06 values (1003,'test1',1003);

1 개의 행이 만들어졌습니다.

SQL> insert into ex06 values (1004,'test1',1004);

1 개의 행이 만들어졌습니다.

SQL> insert into ex06 values (1005,'test1',1005);

1 개의 행이 만들어졌습니다.

SQL> insert into ex06 values (1006,'test1',1006);

1 개의 행이 만들어졌습니다.

SQL> insert into ex06 values (1007,'test1',1007);

1 개의 행이 만들어졌습니다.

SQL> insert into ex06 values (1008,'test1',1008);

1 개의 행이 만들어졌습니다.

SQL> insert into ex06 values (1009,'test1',1009);

1 개의 행이 만들어졌습니다.

SQL> insert into ex06 values (1010,'test1',1010);

1 개의 행이 만들어졌습니다.

SQL> insert into ex06 values (1011,'test1',1011);

1 개의 행이 만들어졌습니다.

SQL> insert into ex06 values (1012,'test1',1012);

1 개의 행이 만들어졌습니다.

SQL> insert into ex06 values (1013,'test1',1013);

1 개의 행이 만들어졌습니다.

SQL> insert into ex06 values (1014,'test1',1014);

1 개의 행이 만들어졌습니다.

SQL> insert into ex06 values (1015,'test1',1015);

1 개의 행이 만들어졌습니다.

SQL> insert into ex06 values (1016,'test1',1016);

1 개의 행이 만들어졌습니다.

SQL> insert into ex06 values (1017,'test1',1017);

1 개의 행이 만들어졌습니다.

SQL> insert into ex06 values (1018,'test1',1018);

1 개의 행이 만들어졌습니다.

SQL> insert into ex06 values (1019,'test1',1019);

1 개의 행이 만들어졌습니다.

SQL> insert into ex06 values (1020,'test1',1020);

1 개의 행이 만들어졌습니다.

SQL> insert into ex06 values (1021,'test1',1021);

1 개의 행이 만들어졌습니다.

SQL> insert into ex06 values (1022,'test1',1022);

1 개의 행이 만들어졌습니다.

SQL> insert into ex06 values (1023,'test1',1023);

1 개의 행이 만들어졌습니다.

SQL> insert into ex06 values (1024,'test1',1024);

1 개의 행이 만들어졌습니다.

SQL> insert into ex06 values (1025,'test1',1025);

1 개의 행이 만들어졌습니다.

SQL> insert into ex06 values (1026,'test1',1026);

1 개의 행이 만들어졌습니다.

SQL> insert into ex06 values (1027,'test1',1027);

1 개의 행이 만들어졌습니다.

SQL> insert into ex06 values (1028,'test1',1028);

1 개의 행이 만들어졌습니다.

SQL> insert into ex06 values (1029,'test1',1029);

1 개의 행이 만들어졌습니다.

SQL> insert into ex06 values (1030,'test1',1030);

1 개의 행이 만들어졌습니다.

SQL> insert into ex06 values (1031,'test1',1031);

1 개의 행이 만들어졌습니다.

SQL> insert into ex06 values (1032,'test1',1032);

1 개의 행이 만들어졌습니다.

SQL> insert into ex06 values (1033,'test1',1033);

1 개의 행이 만들어졌습니다.

SQL> insert into ex06 values (1034,'test1',1034);

1 개의 행이 만들어졌습니다.

SQL> insert into ex06 values (1035,'test1',1035);

1 개의 행이 만들어졌습니다.

SQL> insert into ex06 values (1036,'test1',1036);

1 개의 행이 만들어졌습니다.

SQL> insert into ex06 values (1037,'test1',1037);

1 개의 행이 만들어졌습니다.

SQL> insert into ex06 values (1038,'test1',1038);

1 개의 행이 만들어졌습니다.

SQL> insert into ex06 values (1039,'test1',1039);

1 개의 행이 만들어졌습니다.

SQL> insert into ex06 values (1040,'test1',1040);

1 개의 행이 만들어졌습니다.

SQL> insert into ex06 values (1041,'test1',1041);

1 개의 행이 만들어졌습니다.

SQL> insert into ex06 values (1042,'test1',1042);

1 개의 행이 만들어졌습니다.

SQL> insert into ex06 values (1043,'test1',1043);

1 개의 행이 만들어졌습니다.

SQL> insert into ex06 values (1044,'test1',1044);

1 개의 행이 만들어졌습니다.

SQL> insert into ex06 values (1045,'test1',1045);

1 개의 행이 만들어졌습니다.

SQL> insert into ex06 values (1046,'test1',1046);

1 개의 행이 만들어졌습니다.

SQL> insert into ex06 values (1047,'test1',1047);

1 개의 행이 만들어졌습니다.

SQL> insert into ex06 values (1048,'test1',1048);

1 개의 행이 만들어졌습니다.

SQL> insert into ex06 values (1049,'test1',1049);

1 개의 행이 만들어졌습니다.

SQL> insert into ex06 values (1050,'test1',1050);

1 개의 행이 만들어졌습니다.

SQL> insert into ex06 values (1051,'test1',1051);

1 개의 행이 만들어졌습니다.

SQL> insert into ex06 values (1052,'test1',1052);

1 개의 행이 만들어졌습니다.

SQL> insert into ex06 values (1053,'test1',1053);

1 개의 행이 만들어졌습니다.

SQL> insert into ex06 values (1054,'test1',1054);

1 개의 행이 만들어졌습니다.

SQL> insert into ex06 values (1055,'test1',1055);

1 개의 행이 만들어졌습니다.

SQL> insert into ex06 values (1056,'test1',1056);

1 개의 행이 만들어졌습니다.

SQL> insert into ex06 values (1057,'test1',1057);

1 개의 행이 만들어졌습니다.

SQL> insert into ex06 values (1058,'test1',1058);

1 개의 행이 만들어졌습니다.

SQL> insert into ex06 values (1059,'test1',1059);

1 개의 행이 만들어졌습니다.

SQL> insert into ex06 values (1060,'test1',1060);

1 개의 행이 만들어졌습니다.

SQL> insert into ex06 values (1061,'test1',1061);

1 개의 행이 만들어졌습니다.

SQL> insert into ex06 values (1062,'test1',1062);

1 개의 행이 만들어졌습니다.

SQL> insert into ex06 values (1063,'test1',1063);

1 개의 행이 만들어졌습니다.

SQL> insert into ex06 values (1064,'test1',1064);

1 개의 행이 만들어졌습니다.

SQL> insert into ex06 values (1065,'test1',1065);

1 개의 행이 만들어졌습니다.

SQL> insert into ex06 values (1066,'test1',1066);

1 개의 행이 만들어졌습니다.

SQL> insert into ex06 values (1067,'test1',1067);

1 개의 행이 만들어졌습니다.

SQL> insert into ex06 values (1068,'test1',1068);

1 개의 행이 만들어졌습니다.

SQL> insert into ex06 values (1069,'test1',1069);

1 개의 행이 만들어졌습니다.

SQL> insert into ex06 values (1070,'test1',1070);

1 개의 행이 만들어졌습니다.

SQL> insert into ex06 values (1071,'test1',1071);

1 개의 행이 만들어졌습니다.

SQL> insert into ex06 values (1072,'test1',1072);

1 개의 행이 만들어졌습니다.

SQL> insert into ex06 values (1073,'test1',1073);

1 개의 행이 만들어졌습니다.

SQL> insert into ex06 values (1074,'test1',1074);

1 개의 행이 만들어졌습니다.

SQL> insert into ex06 values (1075,'test1',1075);

1 개의 행이 만들어졌습니다.

SQL> insert into ex06 values (1076,'test1',1076);

1 개의 행이 만들어졌습니다.

SQL> insert into ex06 values (1077,'test1',1077);

1 개의 행이 만들어졌습니다.

SQL> insert into ex06 values (1078,'test1',1078);

1 개의 행이 만들어졌습니다.

SQL> insert into ex06 values (1079,'test1',1079);

1 개의 행이 만들어졌습니다.

SQL> insert into ex06 values (1080,'test1',1080);

1 개의 행이 만들어졌습니다.

SQL> insert into ex06 values (1081,'test1',1081);

1 개의 행이 만들어졌습니다.

SQL> insert into ex06 values (1082,'test1',1082);

1 개의 행이 만들어졌습니다.

SQL> insert into ex06 values (1083,'test1',1083);

1 개의 행이 만들어졌습니다.

SQL> insert into ex06 values (1084,'test1',1084);

1 개의 행이 만들어졌습니다.

SQL> insert into ex06 values (1085,'test1',1085);

1 개의 행이 만들어졌습니다.

SQL> insert into ex06 values (1086,'test1',1086);

1 개의 행이 만들어졌습니다.

SQL> insert into ex06 values (1087,'test1',1087);

1 개의 행이 만들어졌습니다.

SQL> insert into ex06 values (1088,'test1',1088);

1 개의 행이 만들어졌습니다.

SQL> insert into ex06 values (1089,'test1',1089);

1 개의 행이 만들어졌습니다.

SQL> insert into ex06 values (1090,'test1',1090);

1 개의 행이 만들어졌습니다.

SQL> insert into ex06 values (1091,'test1',1091);

1 개의 행이 만들어졌습니다.

SQL> insert into ex06 values (1092,'test1',1092);

1 개의 행이 만들어졌습니다.

SQL> insert into ex06 values (1093,'test1',1093);

1 개의 행이 만들어졌습니다.

SQL> insert into ex06 values (1094,'test1',1094);

1 개의 행이 만들어졌습니다.

SQL> insert into ex06 values (1095,'test1',1095);

1 개의 행이 만들어졌습니다.

SQL> insert into ex06 values (1096,'test1',1096);

1 개의 행이 만들어졌습니다.

SQL> insert into ex06 values (1097,'test1',1097);

1 개의 행이 만들어졌습니다.

SQL> insert into ex06 values (1098,'test1',1098);

1 개의 행이 만들어졌습니다.

SQL> insert into ex06 values (1099,'test1',1099);

1 개의 행이 만들어졌습니다.

SQL> insert into ex06 values (1100,'test1',1100);

1 개의 행이 만들어졌습니다.

SQL> insert into ex06 values (1101,'test1',1101);

1 개의 행이 만들어졌습니다.

SQL> insert into ex06 values (1102,'test1',1102);

1 개의 행이 만들어졌습니다.

SQL> insert into ex06 values (1103,'test1',1103);

1 개의 행이 만들어졌습니다.

SQL> insert into ex06 values (1104,'test1',1104);

1 개의 행이 만들어졌습니다.

SQL> insert into ex06 values (1105,'test1',1105);

1 개의 행이 만들어졌습니다.

SQL> insert into ex06 values (1106,'test1',1106);

1 개의 행이 만들어졌습니다.

SQL> insert into ex06 values (1107,'test1',1107);

1 개의 행이 만들어졌습니다.

SQL> insert into ex06 values (1108,'test1',1108);

1 개의 행이 만들어졌습니다.

SQL> insert into ex06 values (1109,'test1',1109);

1 개의 행이 만들어졌습니다.

SQL> insert into ex06 values (1110,'test1',1110);

1 개의 행이 만들어졌습니다.

SQL> insert into ex06 values (1111,'test1',1111);

1 개의 행이 만들어졌습니다.

SQL> insert into ex06 values (1112,'test1',1112);

1 개의 행이 만들어졌습니다.

SQL> insert into ex06 values (1113,'test1',1113);

1 개의 행이 만들어졌습니다.

SQL> insert into ex06 values (1114,'test1',1114);

1 개의 행이 만들어졌습니다.

SQL> insert into ex06 values (1115,'test1',1115);

1 개의 행이 만들어졌습니다.

SQL> insert into ex06 values (1116,'test1',1116);

1 개의 행이 만들어졌습니다.

SQL> insert into ex06 values (1117,'test1',1117);

1 개의 행이 만들어졌습니다.

SQL> insert into ex06 values (1118,'test1',1118);

1 개의 행이 만들어졌습니다.

SQL> insert into ex06 values (1119,'test1',1119);

1 개의 행이 만들어졌습니다.

SQL> insert into ex06 values (1120,'test1',1120);

1 개의 행이 만들어졌습니다.

SQL> insert into ex06 values (1121,'test1',1121);

1 개의 행이 만들어졌습니다.

SQL> insert into ex06 values (1122,'test1',1122);

1 개의 행이 만들어졌습니다.

SQL> insert into ex06 values (1123,'test1',1123);

1 개의 행이 만들어졌습니다.

SQL> insert into ex06 values (1124,'test1',1124);

1 개의 행이 만들어졌습니다.

SQL> insert into ex06 values (1125,'test1',1125);

1 개의 행이 만들어졌습니다.

SQL> insert into ex06 values (1126,'test1',1126);

1 개의 행이 만들어졌습니다.

SQL> insert into ex06 values (1127,'test1',1127);

1 개의 행이 만들어졌습니다.

SQL> insert into ex06 values (1128,'test1',1128);

1 개의 행이 만들어졌습니다.

SQL> insert into ex06 values (1129,'test1',1129);

1 개의 행이 만들어졌습니다.

SQL> insert into ex06 values (1130,'test1',1130);

1 개의 행이 만들어졌습니다.

SQL> insert into ex06 values (1131,'test1',1131);

1 개의 행이 만들어졌습니다.

SQL> insert into ex06 values (1132,'test1',1132);

1 개의 행이 만들어졌습니다.

SQL> insert into ex06 values (1133,'test1',1133);

1 개의 행이 만들어졌습니다.

SQL> insert into ex06 values (1134,'test1',1134);

1 개의 행이 만들어졌습니다.

SQL> insert into ex06 values (1135,'test1',1135);

1 개의 행이 만들어졌습니다.

SQL> insert into ex06 values (1136,'test1',1136);

1 개의 행이 만들어졌습니다.

SQL> insert into ex06 values (1137,'test1',1137);

1 개의 행이 만들어졌습니다.

SQL> insert into ex06 values (1138,'test1',1138);

1 개의 행이 만들어졌습니다.

SQL> insert into ex06 values (1139,'test1',1139);

1 개의 행이 만들어졌습니다.

SQL> insert into ex06 values (1140,'test1',1140);

1 개의 행이 만들어졌습니다.

SQL> insert into ex06 values (1141,'test1',1141);

1 개의 행이 만들어졌습니다.

SQL> insert into ex06 values (1142,'test1',1142);

1 개의 행이 만들어졌습니다.

SQL> insert into ex06 values (1143,'test1',1143);

1 개의 행이 만들어졌습니다.

SQL> insert into ex06 values (1144,'test1',1144);

1 개의 행이 만들어졌습니다.

SQL> insert into ex06 values (1145,'test1',1145);

1 개의 행이 만들어졌습니다.

SQL> insert into ex06 values (1146,'test1',1146);

1 개의 행이 만들어졌습니다.

SQL> insert into ex06 values (1147,'test1',1147);

1 개의 행이 만들어졌습니다.

SQL> insert into ex06 values (1148,'test1',1148);

1 개의 행이 만들어졌습니다.

SQL> insert into ex06 values (1149,'test1',1149);

1 개의 행이 만들어졌습니다.

SQL> insert into ex06 values (1150,'test1',1150);

1 개의 행이 만들어졌습니다.

SQL> insert into ex06 values (1151,'test1',1151);

1 개의 행이 만들어졌습니다.

SQL> insert into ex06 values (1152,'test1',1152);

1 개의 행이 만들어졌습니다.

SQL> insert into ex06 values (1153,'test1',1153);

1 개의 행이 만들어졌습니다.

SQL> insert into ex06 values (1154,'test1',1154);

1 개의 행이 만들어졌습니다.

SQL> insert into ex06 values (1155,'test1',1155);

1 개의 행이 만들어졌습니다.

SQL> insert into ex06 values (1156,'test1',1156);

1 개의 행이 만들어졌습니다.

SQL> insert into ex06 values (1157,'test1',1157);

1 개의 행이 만들어졌습니다.

SQL> insert into ex06 values (1158,'test1',1158);

1 개의 행이 만들어졌습니다.

SQL> insert into ex06 values (1159,'test1',1159);

1 개의 행이 만들어졌습니다.

SQL> insert into ex06 values (1160,'test1',1160);

1 개의 행이 만들어졌습니다.

SQL> insert into ex06 values (1161,'test1',1161);

1 개의 행이 만들어졌습니다.

SQL> insert into ex06 values (1162,'test1',1162);

1 개의 행이 만들어졌습니다.

SQL> insert into ex06 values (1163,'test1',1163);

1 개의 행이 만들어졌습니다.

SQL> insert into ex06 values (1164,'test1',1164);

1 개의 행이 만들어졌습니다.

SQL> insert into ex06 values (1165,'test1',1165);

1 개의 행이 만들어졌습니다.

SQL> insert into ex06 values (1166,'test1',1166);

1 개의 행이 만들어졌습니다.

SQL> insert into ex06 values (1167,'test1',1167);

1 개의 행이 만들어졌습니다.

SQL> insert into ex06 values (1168,'test1',1168);

1 개의 행이 만들어졌습니다.

SQL> insert into ex06 values (1169,'test1',1169);

1 개의 행이 만들어졌습니다.

SQL> insert into ex06 values (1170,'test1',1170);

1 개의 행이 만들어졌습니다.

SQL> insert into ex06 values (1171,'test1',1171);

1 개의 행이 만들어졌습니다.

SQL> insert into ex06 values (1172,'test1',1172);

1 개의 행이 만들어졌습니다.

SQL> insert into ex06 values (1173,'test1',1173);

1 개의 행이 만들어졌습니다.

SQL> insert into ex06 values (1174,'test1',1174);

1 개의 행이 만들어졌습니다.

SQL> insert into ex06 values (1175,'test1',1175);

1 개의 행이 만들어졌습니다.

SQL> insert into ex06 values (1176,'test1',1176);

1 개의 행이 만들어졌습니다.

SQL> insert into ex06 values (1177,'test1',1177);

1 개의 행이 만들어졌습니다.

SQL> insert into ex06 values (1178,'test1',1178);

1 개의 행이 만들어졌습니다.

SQL> insert into ex06 values (1179,'test1',1179);

1 개의 행이 만들어졌습니다.

SQL> insert into ex06 values (1180,'test1',1180);

1 개의 행이 만들어졌습니다.

SQL> insert into ex06 values (1181,'test1',1181);

1 개의 행이 만들어졌습니다.

SQL> insert into ex06 values (1182,'test1',1182);

1 개의 행이 만들어졌습니다.

SQL> insert into ex06 values (1183,'test1',1183);

1 개의 행이 만들어졌습니다.

SQL> insert into ex06 values (1184,'test1',1184);

1 개의 행이 만들어졌습니다.

SQL> insert into ex06 values (1185,'test1',1185);

1 개의 행이 만들어졌습니다.

SQL> insert into ex06 values (1186,'test1',1186);

1 개의 행이 만들어졌습니다.

SQL> insert into ex06 values (1187,'test1',1187);

1 개의 행이 만들어졌습니다.

SQL> insert into ex06 values (1188,'test1',1188);

1 개의 행이 만들어졌습니다.

SQL> insert into ex06 values (1189,'test1',1189);

1 개의 행이 만들어졌습니다.

SQL> insert into ex06 values (1190,'test1',1190);

1 개의 행이 만들어졌습니다.

SQL> insert into ex06 values (1191,'test1',1191);

1 개의 행이 만들어졌습니다.

SQL> insert into ex06 values (1192,'test1',1192);

1 개의 행이 만들어졌습니다.

SQL> insert into ex06 values (1193,'test1',1193);

1 개의 행이 만들어졌습니다.

SQL> insert into ex06 values (1194,'test1',1194);

1 개의 행이 만들어졌습니다.

SQL> insert into ex06 values (1195,'test1',1195);

1 개의 행이 만들어졌습니다.

SQL> insert into ex06 values (1196,'test1',1196);

1 개의 행이 만들어졌습니다.

SQL> insert into ex06 values (1197,'test1',1197);

1 개의 행이 만들어졌습니다.

SQL> insert into ex06 values (1198,'test1',1198);

1 개의 행이 만들어졌습니다.

SQL> insert into ex06 values (1199,'test1',1199);

1 개의 행이 만들어졌습니다.

SQL> insert into ex06 values (1200,'test1',1200);

1 개의 행이 만들어졌습니다.

SQL> insert into ex06 values (1201,'test1',1201);

1 개의 행이 만들어졌습니다.

SQL> insert into ex06 values (1202,'test1',1202);

1 개의 행이 만들어졌습니다.

SQL> insert into ex06 values (1203,'test1',1203);

1 개의 행이 만들어졌습니다.

SQL> insert into ex06 values (1204,'test1',1204);

1 개의 행이 만들어졌습니다.

SQL> insert into ex06 values (1205,'test1',1205);

1 개의 행이 만들어졌습니다.

SQL> insert into ex06 values (1206,'test1',1206);

1 개의 행이 만들어졌습니다.

SQL> insert into ex06 values (1207,'test1',1207);

1 개의 행이 만들어졌습니다.

SQL> insert into ex06 values (1208,'test1',1208);

1 개의 행이 만들어졌습니다.

SQL> insert into ex06 values (1209,'test1',1209);

1 개의 행이 만들어졌습니다.

SQL> insert into ex06 values (1210,'test1',1210);

1 개의 행이 만들어졌습니다.

SQL> insert into ex06 values (1211,'test1',1211);

1 개의 행이 만들어졌습니다.

SQL> insert into ex06 values (1212,'test1',1212);

1 개의 행이 만들어졌습니다.

SQL> insert into ex06 values (1213,'test1',1213);

1 개의 행이 만들어졌습니다.

SQL> insert into ex06 values (1214,'test1',1214);

1 개의 행이 만들어졌습니다.

SQL> insert into ex06 values (1215,'test1',1215);

1 개의 행이 만들어졌습니다.

SQL> insert into ex06 values (1216,'test1',1216);

1 개의 행이 만들어졌습니다.

SQL> insert into ex06 values (1217,'test1',1217);

1 개의 행이 만들어졌습니다.

SQL> insert into ex06 values (1218,'test1',1218);

1 개의 행이 만들어졌습니다.

SQL> insert into ex06 values (1219,'test1',1219);

1 개의 행이 만들어졌습니다.

SQL> insert into ex06 values (1220,'test1',1220);

1 개의 행이 만들어졌습니다.

SQL> insert into ex06 values (1221,'test1',1221);

1 개의 행이 만들어졌습니다.

SQL> insert into ex06 values (1222,'test1',1222);

1 개의 행이 만들어졌습니다.

SQL> insert into ex06 values (1223,'test1',1223);

1 개의 행이 만들어졌습니다.

SQL> insert into ex06 values (1224,'test1',1224);

1 개의 행이 만들어졌습니다.

SQL> insert into ex06 values (1225,'test1',1225);

1 개의 행이 만들어졌습니다.

SQL> insert into ex06 values (1226,'test1',1226);

1 개의 행이 만들어졌습니다.

SQL> insert into ex06 values (1227,'test1',1227);

1 개의 행이 만들어졌습니다.

SQL> insert into ex06 values (1228,'test1',1228);

1 개의 행이 만들어졌습니다.

SQL> insert into ex06 values (1229,'test1',1229);

1 개의 행이 만들어졌습니다.

SQL> insert into ex06 values (1230,'test1',1230);

1 개의 행이 만들어졌습니다.

SQL> insert into ex06 values (1231,'test1',1231);

1 개의 행이 만들어졌습니다.

SQL> insert into ex06 values (1232,'test1',1232);

1 개의 행이 만들어졌습니다.

SQL> insert into ex06 values (1233,'test1',1233);

1 개의 행이 만들어졌습니다.

SQL> insert into ex06 values (1234,'test1',1234);

1 개의 행이 만들어졌습니다.

SQL> insert into ex06 values (1235,'test1',1235);

1 개의 행이 만들어졌습니다.

SQL> insert into ex06 values (1236,'test1',1236);

1 개의 행이 만들어졌습니다.

SQL> insert into ex06 values (1237,'test1',1237);

1 개의 행이 만들어졌습니다.

SQL> insert into ex06 values (1238,'test1',1238);

1 개의 행이 만들어졌습니다.

SQL> insert into ex06 values (1239,'test1',1239);

1 개의 행이 만들어졌습니다.

SQL> insert into ex06 values (1240,'test1',1240);

1 개의 행이 만들어졌습니다.

SQL> insert into ex06 values (1241,'test1',1241);

1 개의 행이 만들어졌습니다.

SQL> insert into ex06 values (1242,'test1',1242);

1 개의 행이 만들어졌습니다.

SQL> insert into ex06 values (1243,'test1',1243);

1 개의 행이 만들어졌습니다.

SQL> insert into ex06 values (1244,'test1',1244);

1 개의 행이 만들어졌습니다.

SQL> insert into ex06 values (1245,'test1',1245);

1 개의 행이 만들어졌습니다.

SQL> insert into ex06 values (1246,'test1',1246);

1 개의 행이 만들어졌습니다.

SQL> insert into ex06 values (1247,'test1',1247);

1 개의 행이 만들어졌습니다.

SQL> insert into ex06 values (1248,'test1',1248);

1 개의 행이 만들어졌습니다.

SQL> insert into ex06 values (1249,'test1',1249);

1 개의 행이 만들어졌습니다.

SQL> insert into ex06 values (1250,'test1',1250);

1 개의 행이 만들어졌습니다.

SQL> insert into ex06 values (1251,'test1',1251);

1 개의 행이 만들어졌습니다.

SQL> insert into ex06 values (1252,'test1',1252);

1 개의 행이 만들어졌습니다.

SQL> insert into ex06 values (1253,'test1',1253);

1 개의 행이 만들어졌습니다.

SQL> insert into ex06 values (1254,'test1',1254);

1 개의 행이 만들어졌습니다.

SQL> insert into ex06 values (1255,'test1',1255);

1 개의 행이 만들어졌습니다.

SQL> insert into ex06 values (1256,'test1',1256);

1 개의 행이 만들어졌습니다.

SQL> insert into ex06 values (1257,'test1',1257);

1 개의 행이 만들어졌습니다.

SQL> insert into ex06 values (1258,'test1',1258);

1 개의 행이 만들어졌습니다.

SQL> insert into ex06 values (1259,'test1',1259);

1 개의 행이 만들어졌습니다.

SQL> insert into ex06 values (1260,'test1',1260);

1 개의 행이 만들어졌습니다.

SQL> insert into ex06 values (1261,'test1',1261);

1 개의 행이 만들어졌습니다.

SQL> insert into ex06 values (1262,'test1',1262);

1 개의 행이 만들어졌습니다.

SQL> insert into ex06 values (1263,'test1',1263);

1 개의 행이 만들어졌습니다.

SQL> insert into ex06 values (1264,'test1',1264);

1 개의 행이 만들어졌습니다.

SQL> insert into ex06 values (1265,'test1',1265);

1 개의 행이 만들어졌습니다.

SQL> insert into ex06 values (1266,'test1',1266);

1 개의 행이 만들어졌습니다.

SQL> insert into ex06 values (1267,'test1',1267);

1 개의 행이 만들어졌습니다.

SQL> insert into ex06 values (1268,'test1',1268);

1 개의 행이 만들어졌습니다.

SQL> insert into ex06 values (1269,'test1',1269);

1 개의 행이 만들어졌습니다.

SQL> insert into ex06 values (1270,'test1',1270);

1 개의 행이 만들어졌습니다.

SQL> insert into ex06 values (1271,'test1',1271);

1 개의 행이 만들어졌습니다.

SQL> insert into ex06 values (1272,'test1',1272);

1 개의 행이 만들어졌습니다.

SQL> insert into ex06 values (1273,'test1',1273);

1 개의 행이 만들어졌습니다.

SQL> insert into ex06 values (1274,'test1',1274);

1 개의 행이 만들어졌습니다.

SQL> insert into ex06 values (1275,'test1',1275);

1 개의 행이 만들어졌습니다.

SQL> insert into ex06 values (1276,'test1',1276);

1 개의 행이 만들어졌습니다.

SQL> insert into ex06 values (1277,'test1',1277);

1 개의 행이 만들어졌습니다.

SQL> insert into ex06 values (1278,'test1',1278);

1 개의 행이 만들어졌습니다.

SQL> insert into ex06 values (1279,'test1',1279);

1 개의 행이 만들어졌습니다.

SQL> insert into ex06 values (1280,'test1',1280);

1 개의 행이 만들어졌습니다.

SQL> insert into ex06 values (1281,'test1',1281);

1 개의 행이 만들어졌습니다.

SQL> insert into ex06 values (1282,'test1',1282);

1 개의 행이 만들어졌습니다.

SQL> insert into ex06 values (1283,'test1',1283);

1 개의 행이 만들어졌습니다.

SQL> insert into ex06 values (1284,'test1',1284);

1 개의 행이 만들어졌습니다.

SQL> insert into ex06 values (1285,'test1',1285);

1 개의 행이 만들어졌습니다.

SQL> insert into ex06 values (1286,'test1',1286);

1 개의 행이 만들어졌습니다.

SQL> insert into ex06 values (1287,'test1',1287);

1 개의 행이 만들어졌습니다.

SQL> insert into ex06 values (1288,'test1',1288);

1 개의 행이 만들어졌습니다.

SQL> insert into ex06 values (1289,'test1',1289);

1 개의 행이 만들어졌습니다.

SQL> insert into ex06 values (1290,'test1',1290);

1 개의 행이 만들어졌습니다.

SQL> insert into ex06 values (1291,'test1',1291);

1 개의 행이 만들어졌습니다.

SQL> insert into ex06 values (1292,'test1',1292);

1 개의 행이 만들어졌습니다.

SQL> insert into ex06 values (1293,'test1',1293);

1 개의 행이 만들어졌습니다.

SQL> insert into ex06 values (1294,'test1',1294);

1 개의 행이 만들어졌습니다.

SQL> insert into ex06 values (1295,'test1',1295);

1 개의 행이 만들어졌습니다.

SQL> insert into ex06 values (1296,'test1',1296);

1 개의 행이 만들어졌습니다.

SQL> insert into ex06 values (1297,'test1',1297);

1 개의 행이 만들어졌습니다.

SQL> insert into ex06 values (1298,'test1',1298);

1 개의 행이 만들어졌습니다.

SQL> insert into ex06 values (1299,'test1',1299);

1 개의 행이 만들어졌습니다.

SQL> insert into ex06 values (1300,'test1',1300);

1 개의 행이 만들어졌습니다.

SQL> insert into ex06 values (1301,'test1',1301);

1 개의 행이 만들어졌습니다.

SQL> insert into ex06 values (1302,'test1',1302);

1 개의 행이 만들어졌습니다.

SQL> insert into ex06 values (1303,'test1',1303);

1 개의 행이 만들어졌습니다.

SQL> insert into ex06 values (1304,'test1',1304);

1 개의 행이 만들어졌습니다.

SQL> insert into ex06 values (1305,'test1',1305);

1 개의 행이 만들어졌습니다.

SQL> insert into ex06 values (1306,'test1',1306);

1 개의 행이 만들어졌습니다.

SQL> insert into ex06 values (1307,'test1',1307);

1 개의 행이 만들어졌습니다.

SQL> insert into ex06 values (1308,'test1',1308);

1 개의 행이 만들어졌습니다.

SQL> insert into ex06 values (1309,'test1',1309);

1 개의 행이 만들어졌습니다.

SQL> insert into ex06 values (1310,'test1',1310);

1 개의 행이 만들어졌습니다.

SQL> insert into ex06 values (1311,'test1',1311);

1 개의 행이 만들어졌습니다.

SQL> insert into ex06 values (1312,'test1',1312);

1 개의 행이 만들어졌습니다.

SQL> insert into ex06 values (1313,'test1',1313);

1 개의 행이 만들어졌습니다.

SQL> insert into ex06 values (1314,'test1',1314);

1 개의 행이 만들어졌습니다.

SQL> insert into ex06 values (1315,'test1',1315);

1 개의 행이 만들어졌습니다.

SQL> insert into ex06 values (1316,'test1',1316);

1 개의 행이 만들어졌습니다.

SQL> insert into ex06 values (1317,'test1',1317);

1 개의 행이 만들어졌습니다.

SQL> insert into ex06 values (1318,'test1',1318);

1 개의 행이 만들어졌습니다.

SQL> insert into ex06 values (1319,'test1',1319);

1 개의 행이 만들어졌습니다.

SQL> insert into ex06 values (1320,'test1',1320);

1 개의 행이 만들어졌습니다.

SQL> insert into ex06 values (1321,'test1',1321);

1 개의 행이 만들어졌습니다.

SQL> insert into ex06 values (1322,'test1',1322);

1 개의 행이 만들어졌습니다.

SQL> insert into ex06 values (1323,'test1',1323);

1 개의 행이 만들어졌습니다.

SQL> insert into ex06 values (1324,'test1',1324);

1 개의 행이 만들어졌습니다.

SQL> insert into ex06 values (1325,'test1',1325);

1 개의 행이 만들어졌습니다.

SQL> insert into ex06 values (1326,'test1',1326);

1 개의 행이 만들어졌습니다.

SQL> insert into ex06 values (1327,'test1',1327);

1 개의 행이 만들어졌습니다.

SQL> insert into ex06 values (1328,'test1',1328);

1 개의 행이 만들어졌습니다.

SQL> insert into ex06 values (1329,'test1',1329);

1 개의 행이 만들어졌습니다.

SQL> insert into ex06 values (1330,'test1',1330);

1 개의 행이 만들어졌습니다.

SQL> insert into ex06 values (1331,'test1',1331);

1 개의 행이 만들어졌습니다.

SQL> insert into ex06 values (1332,'test1',1332);

1 개의 행이 만들어졌습니다.

SQL> insert into ex06 values (1333,'test1',1333);

1 개의 행이 만들어졌습니다.

SQL> insert into ex06 values (1334,'test1',1334);

1 개의 행이 만들어졌습니다.

SQL> insert into ex06 values (1335,'test1',1335);

1 개의 행이 만들어졌습니다.

SQL> insert into ex06 values (1336,'test1',1336);

1 개의 행이 만들어졌습니다.

SQL> insert into ex06 values (1337,'test1',1337);

1 개의 행이 만들어졌습니다.

SQL> insert into ex06 values (1338,'test1',1338);

1 개의 행이 만들어졌습니다.

SQL> insert into ex06 values (1339,'test1',1339);

1 개의 행이 만들어졌습니다.

SQL> insert into ex06 values (1340,'test1',1340);

1 개의 행이 만들어졌습니다.

SQL> insert into ex06 values (1341,'test1',1341);

1 개의 행이 만들어졌습니다.

SQL> insert into ex06 values (1342,'test1',1342);

1 개의 행이 만들어졌습니다.

SQL> insert into ex06 values (1343,'test1',1343);

1 개의 행이 만들어졌습니다.

SQL> insert into ex06 values (1344,'test1',1344);

1 개의 행이 만들어졌습니다.

SQL> insert into ex06 values (1345,'test1',1345);

1 개의 행이 만들어졌습니다.

SQL> insert into ex06 values (1346,'test1',1346);

1 개의 행이 만들어졌습니다.

SQL> insert into ex06 values (1347,'test1',1347);

1 개의 행이 만들어졌습니다.

SQL> insert into ex06 values (1348,'test1',1348);

1 개의 행이 만들어졌습니다.

SQL> insert into ex06 values (1349,'test1',1349);

1 개의 행이 만들어졌습니다.

SQL> insert into ex06 values (1350,'test1',1350);

1 개의 행이 만들어졌습니다.

SQL> insert into ex06 values (1351,'test1',1351);

1 개의 행이 만들어졌습니다.

SQL> insert into ex06 values (1352,'test1',1352);

1 개의 행이 만들어졌습니다.

SQL> insert into ex06 values (1353,'test1',1353);

1 개의 행이 만들어졌습니다.

SQL> insert into ex06 values (1354,'test1',1354);

1 개의 행이 만들어졌습니다.

SQL> insert into ex06 values (1355,'test1',1355);

1 개의 행이 만들어졌습니다.

SQL> insert into ex06 values (1356,'test1',1356);

1 개의 행이 만들어졌습니다.

SQL> insert into ex06 values (1357,'test1',1357);

1 개의 행이 만들어졌습니다.

SQL> insert into ex06 values (1358,'test1',1358);

1 개의 행이 만들어졌습니다.

SQL> insert into ex06 values (1359,'test1',1359);

1 개의 행이 만들어졌습니다.

SQL> insert into ex06 values (1360,'test1',1360);

1 개의 행이 만들어졌습니다.

SQL> insert into ex06 values (1361,'test1',1361);

1 개의 행이 만들어졌습니다.

SQL> insert into ex06 values (1362,'test1',1362);

1 개의 행이 만들어졌습니다.

SQL> insert into ex06 values (1363,'test1',1363);

1 개의 행이 만들어졌습니다.

SQL> insert into ex06 values (1364,'test1',1364);

1 개의 행이 만들어졌습니다.

SQL> insert into ex06 values (1365,'test1',1365);

1 개의 행이 만들어졌습니다.

SQL> insert into ex06 values (1366,'test1',1366);

1 개의 행이 만들어졌습니다.

SQL> insert into ex06 values (1367,'test1',1367);

1 개의 행이 만들어졌습니다.

SQL> insert into ex06 values (1368,'test1',1368);

1 개의 행이 만들어졌습니다.

SQL> insert into ex06 values (1369,'test1',1369);

1 개의 행이 만들어졌습니다.

SQL> insert into ex06 values (1370,'test1',1370);

1 개의 행이 만들어졌습니다.

SQL> insert into ex06 values (1371,'test1',1371);

1 개의 행이 만들어졌습니다.

SQL> insert into ex06 values (1372,'test1',1372);

1 개의 행이 만들어졌습니다.

SQL> insert into ex06 values (1373,'test1',1373);

1 개의 행이 만들어졌습니다.

SQL> insert into ex06 values (1374,'test1',1374);

1 개의 행이 만들어졌습니다.

SQL> insert into ex06 values (1375,'test1',1375);

1 개의 행이 만들어졌습니다.

SQL> insert into ex06 values (1376,'test1',1376);

1 개의 행이 만들어졌습니다.

SQL> insert into ex06 values (1377,'test1',1377);

1 개의 행이 만들어졌습니다.

SQL> insert into ex06 values (1378,'test1',1378);

1 개의 행이 만들어졌습니다.

SQL> insert into ex06 values (1379,'test1',1379);

1 개의 행이 만들어졌습니다.

SQL> insert into ex06 values (1380,'test1',1380);

1 개의 행이 만들어졌습니다.

SQL> insert into ex06 values (1381,'test1',1381);

1 개의 행이 만들어졌습니다.

SQL> insert into ex06 values (1382,'test1',1382);

1 개의 행이 만들어졌습니다.

SQL> insert into ex06 values (1383,'test1',1383);

1 개의 행이 만들어졌습니다.

SQL> insert into ex06 values (1384,'test1',1384);

1 개의 행이 만들어졌습니다.

SQL> insert into ex06 values (1385,'test1',1385);

1 개의 행이 만들어졌습니다.

SQL> insert into ex06 values (1386,'test1',1386);

1 개의 행이 만들어졌습니다.

SQL> insert into ex06 values (1387,'test1',1387);

1 개의 행이 만들어졌습니다.

SQL> insert into ex06 values (1388,'test1',1388);

1 개의 행이 만들어졌습니다.

SQL> insert into ex06 values (1389,'test1',1389);

1 개의 행이 만들어졌습니다.

SQL> insert into ex06 values (1390,'test1',1390);

1 개의 행이 만들어졌습니다.

SQL> insert into ex06 values (1391,'test1',1391);

1 개의 행이 만들어졌습니다.

SQL> insert into ex06 values (1392,'test1',1392);

1 개의 행이 만들어졌습니다.

SQL> insert into ex06 values (1393,'test1',1393);

1 개의 행이 만들어졌습니다.

SQL> insert into ex06 values (1394,'test1',1394);

1 개의 행이 만들어졌습니다.

SQL> insert into ex06 values (1395,'test1',1395);

1 개의 행이 만들어졌습니다.

SQL> insert into ex06 values (1396,'test1',1396);

1 개의 행이 만들어졌습니다.

SQL> insert into ex06 values (1397,'test1',1397);

1 개의 행이 만들어졌습니다.

SQL> insert into ex06 values (1398,'test1',1398);

1 개의 행이 만들어졌습니다.

SQL> insert into ex06 values (1399,'test1',1399);

1 개의 행이 만들어졌습니다.

SQL> insert into ex06 values (1400,'test1',1400);

1 개의 행이 만들어졌습니다.

SQL> insert into ex06 values (1401,'test1',1401);

1 개의 행이 만들어졌습니다.

SQL> insert into ex06 values (1402,'test1',1402);

1 개의 행이 만들어졌습니다.

SQL> insert into ex06 values (1403,'test1',1403);

1 개의 행이 만들어졌습니다.

SQL> insert into ex06 values (1404,'test1',1404);

1 개의 행이 만들어졌습니다.

SQL> insert into ex06 values (1405,'test1',1405);

1 개의 행이 만들어졌습니다.

SQL> insert into ex06 values (1406,'test1',1406);

1 개의 행이 만들어졌습니다.

SQL> insert into ex06 values (1407,'test1',1407);

1 개의 행이 만들어졌습니다.

SQL> insert into ex06 values (1408,'test1',1408);

1 개의 행이 만들어졌습니다.

SQL> insert into ex06 values (1409,'test1',1409);

1 개의 행이 만들어졌습니다.

SQL> insert into ex06 values (1410,'test1',1410);

1 개의 행이 만들어졌습니다.

SQL> insert into ex06 values (1411,'test1',1411);

1 개의 행이 만들어졌습니다.

SQL> insert into ex06 values (1412,'test1',1412);

1 개의 행이 만들어졌습니다.

SQL> insert into ex06 values (1413,'test1',1413);

1 개의 행이 만들어졌습니다.

SQL> insert into ex06 values (1414,'test1',1414);

1 개의 행이 만들어졌습니다.

SQL> insert into ex06 values (1415,'test1',1415);

1 개의 행이 만들어졌습니다.

SQL> insert into ex06 values (1416,'test1',1416);

1 개의 행이 만들어졌습니다.

SQL> insert into ex06 values (1417,'test1',1417);

1 개의 행이 만들어졌습니다.

SQL> insert into ex06 values (1418,'test1',1418);

1 개의 행이 만들어졌습니다.

SQL> insert into ex06 values (1419,'test1',1419);

1 개의 행이 만들어졌습니다.

SQL> insert into ex06 values (1420,'test1',1420);

1 개의 행이 만들어졌습니다.

SQL> insert into ex06 values (1421,'test1',1421);

1 개의 행이 만들어졌습니다.

SQL> insert into ex06 values (1422,'test1',1422);

1 개의 행이 만들어졌습니다.

SQL> insert into ex06 values (1423,'test1',1423);

1 개의 행이 만들어졌습니다.

SQL> insert into ex06 values (1424,'test1',1424);

1 개의 행이 만들어졌습니다.

SQL> insert into ex06 values (1425,'test1',1425);

1 개의 행이 만들어졌습니다.

SQL> insert into ex06 values (1426,'test1',1426);

1 개의 행이 만들어졌습니다.

SQL> insert into ex06 values (1427,'test1',1427);

1 개의 행이 만들어졌습니다.

SQL> insert into ex06 values (1428,'test1',1428);

1 개의 행이 만들어졌습니다.

SQL> insert into ex06 values (1429,'test1',1429);

1 개의 행이 만들어졌습니다.

SQL> insert into ex06 values (1430,'test1',1430);

1 개의 행이 만들어졌습니다.

SQL> insert into ex06 values (1431,'test1',1431);

1 개의 행이 만들어졌습니다.

SQL> insert into ex06 values (1432,'test1',1432);

1 개의 행이 만들어졌습니다.

SQL> insert into ex06 values (1433,'test1',1433);

1 개의 행이 만들어졌습니다.

SQL> insert into ex06 values (1434,'test1',1434);

1 개의 행이 만들어졌습니다.

SQL> insert into ex06 values (1435,'test1',1435);

1 개의 행이 만들어졌습니다.

SQL> insert into ex06 values (1436,'test1',1436);

1 개의 행이 만들어졌습니다.

SQL> insert into ex06 values (1437,'test1',1437);

1 개의 행이 만들어졌습니다.

SQL> insert into ex06 values (1438,'test1',1438);

1 개의 행이 만들어졌습니다.

SQL> insert into ex06 values (1439,'test1',1439);

1 개의 행이 만들어졌습니다.

SQL> insert into ex06 values (1440,'test1',1440);

1 개의 행이 만들어졌습니다.

SQL> insert into ex06 values (1441,'test1',1441);

1 개의 행이 만들어졌습니다.

SQL> insert into ex06 values (1442,'test1',1442);

1 개의 행이 만들어졌습니다.

SQL> insert into ex06 values (1443,'test1',1443);

1 개의 행이 만들어졌습니다.

SQL> insert into ex06 values (1444,'test1',1444);

1 개의 행이 만들어졌습니다.

SQL> insert into ex06 values (1445,'test1',1445);

1 개의 행이 만들어졌습니다.

SQL> insert into ex06 values (1446,'test1',1446);

1 개의 행이 만들어졌습니다.

SQL> insert into ex06 values (1447,'test1',1447);

1 개의 행이 만들어졌습니다.

SQL> insert into ex06 values (1448,'test1',1448);

1 개의 행이 만들어졌습니다.

SQL> insert into ex06 values (1449,'test1',1449);

1 개의 행이 만들어졌습니다.

SQL> insert into ex06 values (1450,'test1',1450);

1 개의 행이 만들어졌습니다.

SQL> insert into ex06 values (1451,'test1',1451);

1 개의 행이 만들어졌습니다.

SQL> insert into ex06 values (1452,'test1',1452);

1 개의 행이 만들어졌습니다.

SQL> insert into ex06 values (1453,'test1',1453);

1 개의 행이 만들어졌습니다.

SQL> insert into ex06 values (1454,'test1',1454);

1 개의 행이 만들어졌습니다.

SQL> insert into ex06 values (1455,'test1',1455);

1 개의 행이 만들어졌습니다.

SQL> insert into ex06 values (1456,'test1',1456);

1 개의 행이 만들어졌습니다.

SQL> insert into ex06 values (1457,'test1',1457);

1 개의 행이 만들어졌습니다.

SQL> insert into ex06 values (1458,'test1',1458);

1 개의 행이 만들어졌습니다.

SQL> insert into ex06 values (1459,'test1',1459);

1 개의 행이 만들어졌습니다.

SQL> insert into ex06 values (1460,'test1',1460);

1 개의 행이 만들어졌습니다.

SQL> insert into ex06 values (1461,'test1',1461);

1 개의 행이 만들어졌습니다.

SQL> insert into ex06 values (1462,'test1',1462);

1 개의 행이 만들어졌습니다.

SQL> insert into ex06 values (1463,'test1',1463);

1 개의 행이 만들어졌습니다.

SQL> insert into ex06 values (1464,'test1',1464);

1 개의 행이 만들어졌습니다.

SQL> insert into ex06 values (1465,'test1',1465);

1 개의 행이 만들어졌습니다.

SQL> insert into ex06 values (1466,'test1',1466);

1 개의 행이 만들어졌습니다.

SQL> insert into ex06 values (1467,'test1',1467);

1 개의 행이 만들어졌습니다.

SQL> insert into ex06 values (1468,'test1',1468);

1 개의 행이 만들어졌습니다.

SQL> insert into ex06 values (1469,'test1',1469);

1 개의 행이 만들어졌습니다.

SQL> insert into ex06 values (1470,'test1',1470);

1 개의 행이 만들어졌습니다.

SQL> insert into ex06 values (1471,'test1',1471);

1 개의 행이 만들어졌습니다.

SQL> insert into ex06 values (1472,'test1',1472);

1 개의 행이 만들어졌습니다.

SQL> insert into ex06 values (1473,'test1',1473);

1 개의 행이 만들어졌습니다.

SQL> insert into ex06 values (1474,'test1',1474);

1 개의 행이 만들어졌습니다.

SQL> insert into ex06 values (1475,'test1',1475);

1 개의 행이 만들어졌습니다.

SQL> insert into ex06 values (1476,'test1',1476);

1 개의 행이 만들어졌습니다.

SQL> insert into ex06 values (1477,'test1',1477);

1 개의 행이 만들어졌습니다.

SQL> insert into ex06 values (1478,'test1',1478);

1 개의 행이 만들어졌습니다.

SQL> insert into ex06 values (1479,'test1',1479);

1 개의 행이 만들어졌습니다.

SQL> insert into ex06 values (1480,'test1',1480);

1 개의 행이 만들어졌습니다.

SQL> insert into ex06 values (1481,'test1',1481);

1 개의 행이 만들어졌습니다.

SQL> insert into ex06 values (1482,'test1',1482);

1 개의 행이 만들어졌습니다.

SQL> insert into ex06 values (1483,'test1',1483);

1 개의 행이 만들어졌습니다.

SQL> insert into ex06 values (1484,'test1',1484);

1 개의 행이 만들어졌습니다.

SQL> insert into ex06 values (1485,'test1',1485);

1 개의 행이 만들어졌습니다.

SQL> insert into ex06 values (1486,'test1',1486);

1 개의 행이 만들어졌습니다.

SQL> insert into ex06 values (1487,'test1',1487);

1 개의 행이 만들어졌습니다.

SQL> insert into ex06 values (1488,'test1',1488);

1 개의 행이 만들어졌습니다.

SQL> insert into ex06 values (1489,'test1',1489);

1 개의 행이 만들어졌습니다.

SQL> insert into ex06 values (1490,'test1',1490);

1 개의 행이 만들어졌습니다.

SQL> insert into ex06 values (1491,'test1',1491);

1 개의 행이 만들어졌습니다.

SQL> insert into ex06 values (1492,'test1',1492);

1 개의 행이 만들어졌습니다.

SQL> insert into ex06 values (1493,'test1',1493);

1 개의 행이 만들어졌습니다.

SQL> insert into ex06 values (1494,'test1',1494);

1 개의 행이 만들어졌습니다.

SQL> insert into ex06 values (1495,'test1',1495);

1 개의 행이 만들어졌습니다.

SQL> insert into ex06 values (1496,'test1',1496);

1 개의 행이 만들어졌습니다.

SQL> insert into ex06 values (1497,'test1',1497);

1 개의 행이 만들어졌습니다.

SQL> insert into ex06 values (1498,'test1',1498);

1 개의 행이 만들어졌습니다.

SQL> insert into ex06 values (1499,'test1',1499);

1 개의 행이 만들어졌습니다.

SQL> select * from ex06;

       SU1 NAME                SU2                                              
---------- ------------ ----------                                              
      1000 test1              1000                                              
      1001 test1              1001                                              
      1002 test1              1002                                              
      1003 test1              1003                                              
      1004 test1              1004                                              
      1005 test1              1005                                              
      1006 test1              1006                                              
      1007 test1              1007                                              
      1008 test1              1008                                              
      1009 test1              1009                                              
      1010 test1              1010                                              

       SU1 NAME                SU2                                              
---------- ------------ ----------                                              
      1011 test1              1011                                              
      1012 test1              1012                                              
      1013 test1              1013                                              
      1014 test1              1014                                              
      1015 test1              1015                                              
      1016 test1              1016                                              
      1017 test1              1017                                              
      1018 test1              1018                                              
      1019 test1              1019                                              
      1020 test1              1020                                              
      1021 test1              1021                                              

       SU1 NAME                SU2                                              
---------- ------------ ----------                                              
      1022 test1              1022                                              
      1023 test1              1023                                              
      1024 test1              1024                                              
      1025 test1              1025                                              
      1026 test1              1026                                              
      1027 test1              1027                                              
      1028 test1              1028                                              
      1029 test1              1029                                              
      1030 test1              1030                                              
      1031 test1              1031                                              
      1032 test1              1032                                              

       SU1 NAME                SU2                                              
---------- ------------ ----------                                              
      1033 test1              1033                                              
      1034 test1              1034                                              
      1035 test1              1035                                              
      1036 test1              1036                                              
      1037 test1              1037                                              
      1038 test1              1038                                              
      1039 test1              1039                                              
      1040 test1              1040                                              
      1041 test1              1041                                              
      1042 test1              1042                                              
      1043 test1              1043                                              

       SU1 NAME                SU2                                              
---------- ------------ ----------                                              
      1044 test1              1044                                              
      1045 test1              1045                                              
      1046 test1              1046                                              
      1047 test1              1047                                              
      1048 test1              1048                                              
      1049 test1              1049                                              
      1050 test1              1050                                              
      1051 test1              1051                                              
      1052 test1              1052                                              
      1053 test1              1053                                              
      1054 test1              1054                                              

       SU1 NAME                SU2                                              
---------- ------------ ----------                                              
      1055 test1              1055                                              
      1056 test1              1056                                              
      1057 test1              1057                                              
      1058 test1              1058                                              
      1059 test1              1059                                              
      1060 test1              1060                                              
      1061 test1              1061                                              
      1062 test1              1062                                              
      1063 test1              1063                                              
      1064 test1              1064                                              
      1065 test1              1065                                              

       SU1 NAME                SU2                                              
---------- ------------ ----------                                              
      1066 test1              1066                                              
      1067 test1              1067                                              
      1068 test1              1068                                              
      1069 test1              1069                                              
      1070 test1              1070                                              
      1071 test1              1071                                              
      1072 test1              1072                                              
      1073 test1              1073                                              
      1074 test1              1074                                              
      1075 test1              1075                                              
      1076 test1              1076                                              

       SU1 NAME                SU2                                              
---------- ------------ ----------                                              
      1077 test1              1077                                              
      1078 test1              1078                                              
      1079 test1              1079                                              
      1080 test1              1080                                              
      1081 test1              1081                                              
      1082 test1              1082                                              
      1083 test1              1083                                              
      1084 test1              1084                                              
      1085 test1              1085                                              
      1086 test1              1086                                              
      1087 test1              1087                                              

       SU1 NAME                SU2                                              
---------- ------------ ----------                                              
      1088 test1              1088                                              
      1089 test1              1089                                              
      1090 test1              1090                                              
      1091 test1              1091                                              
      1092 test1              1092                                              
      1093 test1              1093                                              
      1094 test1              1094                                              
      1095 test1              1095                                              
      1096 test1              1096                                              
      1097 test1              1097                                              
      1098 test1              1098                                              

       SU1 NAME                SU2                                              
---------- ------------ ----------                                              
      1099 test1              1099                                              
      1100 test1              1100                                              
      1101 test1              1101                                              
      1102 test1              1102                                              
      1103 test1              1103                                              
      1104 test1              1104                                              
      1105 test1              1105                                              
      1106 test1              1106                                              
      1107 test1              1107                                              
      1108 test1              1108                                              
      1109 test1              1109                                              

       SU1 NAME                SU2                                              
---------- ------------ ----------                                              
      1110 test1              1110                                              
      1111 test1              1111                                              
      1112 test1              1112                                              
      1113 test1              1113                                              
      1114 test1              1114                                              
      1115 test1              1115                                              
      1116 test1              1116                                              
      1117 test1              1117                                              
      1118 test1              1118                                              
      1119 test1              1119                                              
      1120 test1              1120                                              

       SU1 NAME                SU2                                              
---------- ------------ ----------                                              
      1121 test1              1121                                              
      1122 test1              1122                                              
      1123 test1              1123                                              
      1124 test1              1124                                              
      1125 test1              1125                                              
      1126 test1              1126                                              
      1127 test1              1127                                              
      1128 test1              1128                                              
      1129 test1              1129                                              
      1130 test1              1130                                              
      1131 test1              1131                                              

       SU1 NAME                SU2                                              
---------- ------------ ----------                                              
      1132 test1              1132                                              
      1133 test1              1133                                              
      1134 test1              1134                                              
      1135 test1              1135                                              
      1136 test1              1136                                              
      1137 test1              1137                                              
      1138 test1              1138                                              
      1139 test1              1139                                              
      1140 test1              1140                                              
      1141 test1              1141                                              
      1142 test1              1142                                              

       SU1 NAME                SU2                                              
---------- ------------ ----------                                              
      1143 test1              1143                                              
      1144 test1              1144                                              
      1145 test1              1145                                              
      1146 test1              1146                                              
      1147 test1              1147                                              
      1148 test1              1148                                              
      1149 test1              1149                                              
      1150 test1              1150                                              
      1151 test1              1151                                              
      1152 test1              1152                                              
      1153 test1              1153                                              

       SU1 NAME                SU2                                              
---------- ------------ ----------                                              
      1154 test1              1154                                              
      1155 test1              1155                                              
      1156 test1              1156                                              
      1157 test1              1157                                              
      1158 test1              1158                                              
      1159 test1              1159                                              
      1160 test1              1160                                              
      1161 test1              1161                                              
      1162 test1              1162                                              
      1163 test1              1163                                              
      1164 test1              1164                                              

       SU1 NAME                SU2                                              
---------- ------------ ----------                                              
      1165 test1              1165                                              
      1166 test1              1166                                              
      1167 test1              1167                                              
      1168 test1              1168                                              
      1169 test1              1169                                              
      1170 test1              1170                                              
      1171 test1              1171                                              
      1172 test1              1172                                              
      1173 test1              1173                                              
      1174 test1              1174                                              
      1175 test1              1175                                              

       SU1 NAME                SU2                                              
---------- ------------ ----------                                              
      1176 test1              1176                                              
      1177 test1              1177                                              
      1178 test1              1178                                              
      1179 test1              1179                                              
      1180 test1              1180                                              
      1181 test1              1181                                              
      1182 test1              1182                                              
      1183 test1              1183                                              
      1184 test1              1184                                              
      1185 test1              1185                                              
      1186 test1              1186                                              

       SU1 NAME                SU2                                              
---------- ------------ ----------                                              
      1187 test1              1187                                              
      1188 test1              1188                                              
      1189 test1              1189                                              
      1190 test1              1190                                              
      1191 test1              1191                                              
      1192 test1              1192                                              
      1193 test1              1193                                              
      1194 test1              1194                                              
      1195 test1              1195                                              
      1196 test1              1196                                              
      1197 test1              1197                                              

       SU1 NAME                SU2                                              
---------- ------------ ----------                                              
      1198 test1              1198                                              
      1199 test1              1199                                              
      1200 test1              1200                                              
      1201 test1              1201                                              
      1202 test1              1202                                              
      1203 test1              1203                                              
      1204 test1              1204                                              
      1205 test1              1205                                              
      1206 test1              1206                                              
      1207 test1              1207                                              
      1208 test1              1208                                              

       SU1 NAME                SU2                                              
---------- ------------ ----------                                              
      1209 test1              1209                                              
      1210 test1              1210                                              
      1211 test1              1211                                              
      1212 test1              1212                                              
      1213 test1              1213                                              
      1214 test1              1214                                              
      1215 test1              1215                                              
      1216 test1              1216                                              
      1217 test1              1217                                              
      1218 test1              1218                                              
      1219 test1              1219                                              

       SU1 NAME                SU2                                              
---------- ------------ ----------                                              
      1220 test1              1220                                              
      1221 test1              1221                                              
      1222 test1              1222                                              
      1223 test1              1223                                              
      1224 test1              1224                                              
      1225 test1              1225                                              
      1226 test1              1226                                              
      1227 test1              1227                                              
      1228 test1              1228                                              
      1229 test1              1229                                              
      1230 test1              1230                                              

       SU1 NAME                SU2                                              
---------- ------------ ----------                                              
      1231 test1              1231                                              
      1232 test1              1232                                              
      1233 test1              1233                                              
      1234 test1              1234                                              
      1235 test1              1235                                              
      1236 test1              1236                                              
      1237 test1              1237                                              
      1238 test1              1238                                              
      1239 test1              1239                                              
      1240 test1              1240                                              
      1241 test1              1241                                              

       SU1 NAME                SU2                                              
---------- ------------ ----------                                              
      1242 test1              1242                                              
      1243 test1              1243                                              
      1244 test1              1244                                              
      1245 test1              1245                                              
      1246 test1              1246                                              
      1247 test1              1247                                              
      1248 test1              1248                                              
      1249 test1              1249                                              
      1250 test1              1250                                              
      1251 test1              1251                                              
      1252 test1              1252                                              

       SU1 NAME                SU2                                              
---------- ------------ ----------                                              
      1253 test1              1253                                              
      1254 test1              1254                                              
      1255 test1              1255                                              
      1256 test1              1256                                              
      1257 test1              1257                                              
      1258 test1              1258                                              
      1259 test1              1259                                              
      1260 test1              1260                                              
      1261 test1              1261                                              
      1262 test1              1262                                              
      1263 test1              1263                                              

       SU1 NAME                SU2                                              
---------- ------------ ----------                                              
      1264 test1              1264                                              
      1265 test1              1265                                              
      1266 test1              1266                                              
      1267 test1              1267                                              
      1268 test1              1268                                              
      1269 test1              1269                                              
      1270 test1              1270                                              
      1271 test1              1271                                              
      1272 test1              1272                                              
      1273 test1              1273                                              
      1274 test1              1274                                              

       SU1 NAME                SU2                                              
---------- ------------ ----------                                              
      1275 test1              1275                                              
      1276 test1              1276                                              
      1277 test1              1277                                              
      1278 test1              1278                                              
      1279 test1              1279                                              
      1280 test1              1280                                              
      1281 test1              1281                                              
      1282 test1              1282                                              
      1283 test1              1283                                              
      1284 test1              1284                                              
      1285 test1              1285                                              

       SU1 NAME                SU2                                              
---------- ------------ ----------                                              
      1286 test1              1286                                              
      1287 test1              1287                                              
      1288 test1              1288                                              
      1289 test1              1289                                              
      1290 test1              1290                                              
      1291 test1              1291                                              
      1292 test1              1292                                              
      1293 test1              1293                                              
      1294 test1              1294                                              
      1295 test1              1295                                              
      1296 test1              1296                                              

       SU1 NAME                SU2                                              
---------- ------------ ----------                                              
      1297 test1              1297                                              
      1298 test1              1298                                              
      1299 test1              1299                                              
      1300 test1              1300                                              
      1301 test1              1301                                              
      1302 test1              1302                                              
      1303 test1              1303                                              
      1304 test1              1304                                              
      1305 test1              1305                                              
      1306 test1              1306                                              
      1307 test1              1307                                              

       SU1 NAME                SU2                                              
---------- ------------ ----------                                              
      1308 test1              1308                                              
      1309 test1              1309                                              
      1310 test1              1310                                              
      1311 test1              1311                                              
      1312 test1              1312                                              
      1313 test1              1313                                              
      1314 test1              1314                                              
      1315 test1              1315                                              
      1316 test1              1316                                              
      1317 test1              1317                                              
      1318 test1              1318                                              

       SU1 NAME                SU2                                              
---------- ------------ ----------                                              
      1319 test1              1319                                              
      1320 test1              1320                                              
      1321 test1              1321                                              
      1322 test1              1322                                              
      1323 test1              1323                                              
      1324 test1              1324                                              
      1325 test1              1325                                              
      1326 test1              1326                                              
      1327 test1              1327                                              
      1328 test1              1328                                              
      1329 test1              1329                                              

       SU1 NAME                SU2                                              
---------- ------------ ----------                                              
      1330 test1              1330                                              
      1331 test1              1331                                              
      1332 test1              1332                                              
      1333 test1              1333                                              
      1334 test1              1334                                              
      1335 test1              1335                                              
      1336 test1              1336                                              
      1337 test1              1337                                              
      1338 test1              1338                                              
      1339 test1              1339                                              
      1340 test1              1340                                              

       SU1 NAME                SU2                                              
---------- ------------ ----------                                              
      1341 test1              1341                                              
      1342 test1              1342                                              
      1343 test1              1343                                              
      1344 test1              1344                                              
      1345 test1              1345                                              
      1346 test1              1346                                              
      1347 test1              1347                                              
      1348 test1              1348                                              
      1349 test1              1349                                              
      1350 test1              1350                                              
      1351 test1              1351                                              

       SU1 NAME                SU2                                              
---------- ------------ ----------                                              
      1352 test1              1352                                              
      1353 test1              1353                                              
      1354 test1              1354                                              
      1355 test1              1355                                              
      1356 test1              1356                                              
      1357 test1              1357                                              
      1358 test1              1358                                              
      1359 test1              1359                                              
      1360 test1              1360                                              
      1361 test1              1361                                              
      1362 test1              1362                                              

       SU1 NAME                SU2                                              
---------- ------------ ----------                                              
      1363 test1              1363                                              
      1364 test1              1364                                              
      1365 test1              1365                                              
      1366 test1              1366                                              
      1367 test1              1367                                              
      1368 test1              1368                                              
      1369 test1              1369                                              
      1370 test1              1370                                              
      1371 test1              1371                                              
      1372 test1              1372                                              
      1373 test1              1373                                              

       SU1 NAME                SU2                                              
---------- ------------ ----------                                              
      1374 test1              1374                                              
      1375 test1              1375                                              
      1376 test1              1376                                              
      1377 test1              1377                                              
      1378 test1              1378                                              
      1379 test1              1379                                              
      1380 test1              1380                                              
      1381 test1              1381                                              
      1382 test1              1382                                              
      1383 test1              1383                                              
      1384 test1              1384                                              

       SU1 NAME                SU2                                              
---------- ------------ ----------                                              
      1385 test1              1385                                              
      1386 test1              1386                                              
      1387 test1              1387                                              
      1388 test1              1388                                              
      1389 test1              1389                                              
      1390 test1              1390                                              
      1391 test1              1391                                              
      1392 test1              1392                                              
      1393 test1              1393                                              
      1394 test1              1394                                              
      1395 test1              1395                                              

       SU1 NAME                SU2                                              
---------- ------------ ----------                                              
      1396 test1              1396                                              
      1397 test1              1397                                              
      1398 test1              1398                                              
      1399 test1              1399                                              
      1400 test1              1400                                              
      1401 test1              1401                                              
      1402 test1              1402                                              
      1403 test1              1403                                              
      1404 test1              1404                                              
      1405 test1              1405                                              
      1406 test1              1406                                              

       SU1 NAME                SU2                                              
---------- ------------ ----------                                              
      1407 test1              1407                                              
      1408 test1              1408                                              
      1409 test1              1409                                              
      1410 test1              1410                                              
      1411 test1              1411                                              
      1412 test1              1412                                              
      1413 test1              1413                                              
      1414 test1              1414                                              
      1415 test1              1415                                              
      1416 test1              1416                                              
      1417 test1              1417                                              

       SU1 NAME                SU2                                              
---------- ------------ ----------                                              
      1418 test1              1418                                              
      1419 test1              1419                                              
      1420 test1              1420                                              
      1421 test1              1421                                              
      1422 test1              1422                                              
      1423 test1              1423                                              
      1424 test1              1424                                              
      1425 test1              1425                                              
      1426 test1              1426                                              
      1427 test1              1427                                              
      1428 test1              1428                                              

       SU1 NAME                SU2                                              
---------- ------------ ----------                                              
      1429 test1              1429                                              
      1430 test1              1430                                              
      1431 test1              1431                                              
      1432 test1              1432                                              
      1433 test1              1433                                              
      1434 test1              1434                                              
      1435 test1              1435                                              
      1436 test1              1436                                              
      1437 test1              1437                                              
      1438 test1              1438                                              
      1439 test1              1439                                              

       SU1 NAME                SU2                                              
---------- ------------ ----------                                              
      1440 test1              1440                                              
      1441 test1              1441                                              
      1442 test1              1442                                              
      1443 test1              1443                                              
      1444 test1              1444                                              
      1445 test1              1445                                              
      1446 test1              1446                                              
      1447 test1              1447                                              
      1448 test1              1448                                              
      1449 test1              1449                                              
      1450 test1              1450                                              

       SU1 NAME                SU2                                              
---------- ------------ ----------                                              
      1451 test1              1451                                              
      1452 test1              1452                                              
      1453 test1              1453                                              
      1454 test1              1454                                              
      1455 test1              1455                                              
      1456 test1              1456                                              
      1457 test1              1457                                              
      1458 test1              1458                                              
      1459 test1              1459                                              
      1460 test1              1460                                              
      1461 test1              1461                                              

       SU1 NAME                SU2                                              
---------- ------------ ----------                                              
      1462 test1              1462                                              
      1463 test1              1463                                              
      1464 test1              1464                                              
      1465 test1              1465                                              
      1466 test1              1466                                              
      1467 test1              1467                                              
      1468 test1              1468                                              
      1469 test1              1469                                              
      1470 test1              1470                                              
      1471 test1              1471                                              
      1472 test1              1472                                              

       SU1 NAME                SU2                                              
---------- ------------ ----------                                              
      1473 test1              1473                                              
      1474 test1              1474                                              
      1475 test1              1475                                              
      1476 test1              1476                                              
      1477 test1              1477                                              
      1478 test1              1478                                              
      1479 test1              1479                                              
      1480 test1              1480                                              
      1481 test1              1481                                              
      1482 test1              1482                                              
      1483 test1              1483                                              

       SU1 NAME                SU2                                              
---------- ------------ ----------                                              
      1484 test1              1484                                              
      1485 test1              1485                                              
      1486 test1              1486                                              
      1487 test1              1487                                              
      1488 test1              1488                                              
      1489 test1              1489                                              
      1490 test1              1490                                              
      1491 test1              1491                                              
      1492 test1              1492                                              
      1493 test1              1493                                              
      1494 test1              1494                                              

       SU1 NAME                SU2                                              
---------- ------------ ----------                                              
      1495 test1              1495                                              
      1496 test1              1496                                              
      1497 test1              1497                                              
      1498 test1              1498                                              
      1499 test1              1499                                              

500 개의 행이 선택되었습니다.

SQL> delete from ex06 where name='test1';

500 행이 삭제되었습니다.

SQL> create table ex05 (sub varchar2(6), content varchar2(30));

테이블이 생성되었습니다.

SQL> insert into ex05 values('test1','testtest');

1 개의 행이 만들어졌습니다.

SQL> insert into ex05 values('test2','testtest');

1 개의 행이 만들어졌습니다.

SQL> insert into ex05 values('test3','testtest');

1 개의 행이 만들어졌습니다.

SQL> select * from ex05;

SUB          CONTENT                                                            
------------ ------------------------------------------------------------       
test1        testtest                                                           
test2        testtest                                                           
test3        testtest                                                           

SQL> delete from ex05 where sub='test2';

1 행이 삭제되었습니다.

SQL> insert into ex05 values ('test3','testtest');

1 개의 행이 만들어졌습니다.

SQL> select * from ex05;

SUB          CONTENT                                                            
------------ ------------------------------------------------------------       
test1        testtest                                                           
test3        testtest                                                           
test3        testtest                                                           

SQL> create table ex07 (num number, sub varchar2(6), content varchar2(10));

테이블이 생성되었습니다.

SQL> insert into ex07 values (1,'test1','testtest');

1 개의 행이 만들어졌습니다.

SQL> insert into ex07 values (2,'test2','testtest');

1 개의 행이 만들어졌습니다.

SQL> insert into ex07 values (3,'test3','testtest');

1 개의 행이 만들어졌습니다.

SQL> insert into ex07 values (4,'test2','testtest');

1 개의 행이 만들어졌습니다.

SQL> select * from ex07;

       NUM SUB          CONTENT                                                 
---------- ------------ --------------------                                    
         1 test1        testtest                                                
         2 test2        testtest                                                
         3 test3        testtest                                                
         4 test2        testtest                                                

SQL> insert into ex07 values (null,'test4','testtest');

1 개의 행이 만들어졌습니다.

SQL> select * from ex07;

       NUM SUB          CONTENT                                                 
---------- ------------ --------------------                                    
         1 test1        testtest                                                
         2 test2        testtest                                                
         3 test3        testtest                                                
         4 test2        testtest                                                
           test4        testtest                                                

SQL> create table ex08 (num number not null, sub varchar2(6), content varchar2(6);
create table ex08 (num number not null, sub varchar2(6), content varchar2(6)
                                                                           *
1행에 오류:
ORA-00907: 누락된 우괄호 


SQL> create table ex08 (num number not null, sub varchar2(6), content varchar2(6));

테이블이 생성되었습니다.

SQL> insert into ex08 values (1111,'test1','test1');

1 개의 행이 만들어졌습니다.

SQL> select * from ex08;

       NUM SUB          CONTENT                                                 
---------- ------------ ------------                                            
      1111 test1        test1                                                   

SQL> insert into ex08 values (null,'test1','test1');
insert into ex08 values (null,'test1','test1')
                         *
1행에 오류:
ORA-01400: NULL을 ("SCOTT"."EX08"."NUM") 안에 삽입할 수 없습니다 


SQL> alter table ex08 modify (sub varchar2(6) not null);

테이블이 변경되었습니다.

SQL> insert into ex08 values (2222,null,'test2');
insert into ex08 values (2222,null,'test2')
                              *
1행에 오류:
ORA-01400: NULL을 ("SCOTT"."EX08"."SUB") 안에 삽입할 수 없습니다 


SQL> insert into ex08 values (2222,'test2',null);

1 개의 행이 만들어졌습니다.

SQL> select * from ex08;

       NUM SUB          CONTENT                                                 
---------- ------------ ------------                                            
      1111 test1        test1                                                   
      2222 test2                                                                

SQL> alter table ex08 modify (content varchar2(6) not null);
alter table ex08 modify (content varchar2(6) not null)
*
1행에 오류:
ORA-02296: 제약 (SCOTT.)을 사용 가능하게 할 수 없음 - 부합하는 값이 없습니다 


SQL> alter table ex08 modify (content varchar2(8));

테이블이 변경되었습니다.

SQL> alter table ex08 modify (content varchar2(4));
alter table ex08 modify (content varchar2(4))
                         *
1행에 오류:
ORA-01441: 일부 값이 너무 커서 열 길이를 줄일 수 없음 


SQL> insert into ex08 values (1111,'test3',null);

1 개의 행이 만들어졌습니다.

SQL> select * from ex08;

       NUM SUB          CONTENT                                                 
---------- ------------ ----------------                                        
      1111 test1        test1                                                   
      2222 test2                                                                
      1111 test3                                                                

SQL> create table ex09 (num number unique, sub varchar2(6), content varchar2(9));

테이블이 생성되었습니다.

SQL> insert into ex09 values (1111,'test1','test01');

1 개의 행이 만들어졌습니다.

SQL> insert into ex09 values (2222,'test2','test02');

1 개의 행이 만들어졌습니다.

SQL> insert into ex09 values (3333,'test3','test03');

1 개의 행이 만들어졌습니다.

SQL> select * from ex09;

       NUM SUB          CONTENT                                                 
---------- ------------ ------------------                                      
      1111 test1        test01                                                  
      2222 test2        test02                                                  
      3333 test3        test03                                                  

SQL> insert into ex09 values (2222,'test4','test04');
insert into ex09 values (2222,'test4','test04')
*
1행에 오류:
ORA-00001: 무결성 제약 조건(SCOTT.SYS_C004002)에 위배됩니다 


SQL> insert into ex09 values (null,'test4','test04');

1 개의 행이 만들어졌습니다.

SQL> select * from ex09;

       NUM SUB          CONTENT                                                 
---------- ------------ ------------------                                      
      1111 test1        test01                                                  
      2222 test2        test02                                                  
      3333 test3        test03                                                  
           test4        test04                                                  

SQL> insert into ex09 values (null,'test5','test05');

1 개의 행이 만들어졌습니다.

SQL> select * from ex09;

       NUM SUB          CONTENT                                                 
---------- ------------ ------------------                                      
      1111 test1        test01                                                  
      2222 test2        test02                                                  
      3333 test3        test03                                                  
           test4        test04                                                  
           test5        test05                                                  

SQL> create table ex10 (num number primary key, sub varchar2(6),content varchar2(9));

테이블이 생성되었습니다.

SQL> insert into ex10 values (1111,'test1','test01');

1 개의 행이 만들어졌습니다.

SQL> insert into ex10 values (2222,'test2','test02');

1 개의 행이 만들어졌습니다.

SQL> select * from ex10;

       NUM SUB          CONTENT                                                 
---------- ------------ ------------------                                      
      1111 test1        test01                                                  
      2222 test2        test02                                                  

SQL> insert into ex10 values (null,'test2','test02');
insert into ex10 values (null,'test2','test02')
                         *
1행에 오류:
ORA-01400: NULL을 ("SCOTT"."EX10"."NUM") 안에 삽입할 수 없습니다 


SQL> insert into ex10 values (1111,'test2','test02');
insert into ex10 values (1111,'test2','test02')
*
1행에 오류:
ORA-00001: 무결성 제약 조건(SCOTT.SYS_C004003)에 위배됩니다 


SQL> drop table ex05;

테이블이 삭제되었습니다.

SQL> drop table ex06;

테이블이 삭제되었습니다.

SQL> drop table ex07;

테이블이 삭제되었습니다.

SQL> drop table ex08;

테이블이 삭제되었습니다.

SQL> drop table ex09;

테이블이 삭제되었습니다.

SQL> drop table ex10;

테이블이 삭제되었습니다.

SQL> create table ex05(num number, sub varchar2(6), content varchar2(9));

테이블이 생성되었습니다.

SQL> desc ex05;
 이름                                      널?      유형
 ----------------------------------------- -------- ----------------------------
 NUM                                                NUMBER
 SUB                                                VARCHAR2(6)
 CONTENT                                            VARCHAR2(9)

SQL> alter table ex05 modify (sub varchar2(6) not null);

테이블이 변경되었습니다.

SQL> desc ex05;
 이름                                      널?      유형
 ----------------------------------------- -------- ----------------------------
 NUM                                                NUMBER
 SUB                                       NOT NULL VARCHAR2(6)
 CONTENT                                            VARCHAR2(9)

SQL> alter table ex05 modify (num number primary key);

테이블이 변경되었습니다.

SQL> desc ex05;
 이름                                      널?      유형
 ----------------------------------------- -------- ----------------------------
 NUM                                       NOT NULL NUMBER
 SUB                                       NOT NULL VARCHAR2(6)
 CONTENT                                            VARCHAR2(9)

SQL> create table ex06(
  2  	num number constraint ex06_num_pk primary key,
  3  	sub varchar2(6),
  4  	content varchar2(9)
  5  );

테이블이 생성되었습니다.

SQL> desc ex06;
 이름                                      널?      유형
 ----------------------------------------- -------- ----------------------------
 NUM                                       NOT NULL NUMBER
 SUB                                                VARCHAR2(6)
 CONTENT                                            VARCHAR2(9)

SQL> alter table ex06 drop ex06_num_pk;
alter table ex06 drop ex06_num_pk
                      *
1행에 오류:
ORA-00905: 누락된 키워드 


SQL> alter table ex06 drop constraint ex06_num_pk;

테이블이 변경되었습니다.

SQL> desc ex06;
 이름                                      널?      유형
 ----------------------------------------- -------- ----------------------------
 NUM                                                NUMBER
 SUB                                                VARCHAR2(6)
 CONTENT                                            VARCHAR2(9)

SQL> alter table ex06 add constraint ex06_num_pk(num);
alter table ex06 add constraint ex06_num_pk(num)
                                           *
1행에 오류:
ORA-00904: : 부적합한 식별자 


SQL> alter table ex06 add constraint ex06_num_pk primary key(num);

테이블이 변경되었습니다.

SQL> select empno,ename,deptno from emp;

     EMPNO ENAME                    DEPTNO                                      
---------- -------------------- ----------                                      
      7369 SMITH                        20                                      
      7499 ALLEN                        30                                      
      7521 WARD                         30                                      
      7566 JONES                        20                                      
      7654 MARTIN                       30                                      
      7698 BLAKE                        30                                      
      7782 CLARK                        10                                      
      7788 SCOTT                        20                                      
      7839 KING                         10                                      
      7844 TURNER                       30                                      
      7876 ADAMS                        20                                      

     EMPNO ENAME                    DEPTNO                                      
---------- -------------------- ----------                                      
      7900 JAMES                        30                                      
      7902 FORD                         20                                      
      7934 MILLER                       10                                      
      1111 test1                                                                
      3333 test1                                                                
      4444 test1                                                                
      5555 최사원                                                               
      2222 test1                                                                

19 개의 행이 선택되었습니다.

SQL> select * from dept;

    DEPTNO DNAME                        LOC                                     
---------- ---------------------------- --------------------------              
        10 ACCOUNTING                   NEW YORK                                
        20 RESEARCH                     DALLAS                                  
        30 SALES                        CHICAGO                                 
        40 OPERATIONS                   BOSTON                                  
        50 관리팀                       서울                                    

SQL> desc dept;
 이름                                      널?      유형
 ----------------------------------------- -------- ----------------------------
 DEPTNO                                    NOT NULL NUMBER(2)
 DNAME                                              VARCHAR2(14)
 LOC                                                VARCHAR2(13)

SQL> create table ex07(
  2  	su1 number,
  3  	name varchar2(6),
  4  	deptno number(2) references dept(deptno)
  5  );

테이블이 생성되었습니다.

SQL> insert into ex07 values (1111,'test1',10);

1 개의 행이 만들어졌습니다.

SQL> insert into ex07 values (2222,'test2',20);

1 개의 행이 만들어졌습니다.

SQL> insert into ex07 values (3333,'test3',10);

1 개의 행이 만들어졌습니다.

SQL> insert into ex07 values (4444,'test4',60);
insert into ex07 values (4444,'test4',60)
*
1행에 오류:
ORA-02291: 무결성 제약조건(SCOTT.SYS_C004008)이 위배되었습니다- 부모 키가
없습니다 


SQL> select * from dept;

    DEPTNO DNAME                        LOC                                     
---------- ---------------------------- --------------------------              
        10 ACCOUNTING                   NEW YORK                                
        20 RESEARCH                     DALLAS                                  
        30 SALES                        CHICAGO                                 
        40 OPERATIONS                   BOSTON                                  
        50 관리팀                       서울                                    

SQL> insert into dept values (60,'회계팀','부산');

1 개의 행이 만들어졌습니다.

SQL> select * from dept;

    DEPTNO DNAME                        LOC                                     
---------- ---------------------------- --------------------------              
        10 ACCOUNTING                   NEW YORK                                
        20 RESEARCH                     DALLAS                                  
        30 SALES                        CHICAGO                                 
        40 OPERATIONS                   BOSTON                                  
        50 관리팀                       서울                                    
        60 회계팀                       부산                                    

6 개의 행이 선택되었습니다.

SQL> select * from ex07;

       SU1 NAME             DEPTNO                                              
---------- ------------ ----------                                              
      1111 test1                10                                              
      2222 test2                20                                              
      3333 test3                10                                              

SQL> insert into ex07 values (4444,'test4',60);

1 개의 행이 만들어졌습니다.

SQL> -- 부모테이블
SQL> create table ex08(
  2  	num number primary key,
  3  	name varchar2(6)
  4  );

테이블이 생성되었습니다.

SQL> -- 자식테이블
SQL> create table ex09(
  2  	su1 number primary key,
  3  	sub varchar2(9),
  4  	num number references ex08(num)
  5  );

테이블이 생성되었습니다.

SQL> insert into ex09 values (1111,'test1',1000);
insert into ex09 values (1111,'test1',1000)
*
1행에 오류:
ORA-02291: 무결성 제약조건(SCOTT.SYS_C004011)이 위배되었습니다- 부모 키가
없습니다 


SQL> insert into ex08 values (1000,'ex1');

1 개의 행이 만들어졌습니다.

SQL> insert into ex09 values (1111,'test1',1000);

1 개의 행이 만들어졌습니다.

SQL> insert into ex09 values (2222,'test2',1000);

1 개의 행이 만들어졌습니다.

SQL> insert into ex09 values (3333,'test3',2000);
insert into ex09 values (3333,'test3',2000)
*
1행에 오류:
ORA-02291: 무결성 제약조건(SCOTT.SYS_C004011)이 위배되었습니다- 부모 키가
없습니다 


SQL> insert into ex08 values (2000,'ex02');

1 개의 행이 만들어졌습니다.

SQL> insert into ex09 values (3333,'test3',2000);

1 개의 행이 만들어졌습니다.

SQL> select * from ex08;

       NUM NAME                                                                 
---------- ------------                                                         
      1000 ex1                                                                  
      2000 ex02                                                                 

SQL> select * from ex09;

       SU1 SUB                       NUM                                        
---------- ------------------ ----------                                        
      1111 test1                    1000                                        
      2222 test2                    1000                                        
      3333 test3                    2000                                        

SQL> drop table ex08;
drop table ex08
           *
1행에 오류:
ORA-02449: 외래 키에 의해 참조되는 고유/기본 키가 테이블에 있습니다 


SQL> delete from ex08;
delete from ex08
*
1행에 오류:
ORA-02292: 무결성 제약조건(SCOTT.SYS_C004011)이 위배되었습니다- 자식 레코드가
발견되었습니다 


SQL> delete from ex09 where su1=3333;

1 행이 삭제되었습니다.

SQL> delete from ex08 where num=2000;

1 행이 삭제되었습니다.

SQL> drop table ex09;

테이블이 삭제되었습니다.

SQL> drop table ex08;

테이블이 삭제되었습니다.

SQL> -- 부모테이블
SQL> create table ex08(
  2  	num number primary key,
  3  	name varchar2(6)
  4  );

테이블이 생성되었습니다.

SQL> -- 자식테이블
SQL> create table ex09(
  2  	su1 number primary key,
  3  	sub varchar2(9),
  4  	num number constraint ex09_num_fk references ex08(num)
  5  );

테이블이 생성되었습니다.

SQL> insert into ex08 values (100,'ex01');

1 개의 행이 만들어졌습니다.

SQL> insert into ex08 values (200,'ex02');

1 개의 행이 만들어졌습니다.

SQL> insert into ex09 values (1111,'test1',100);

1 개의 행이 만들어졌습니다.

SQL> insert into ex09 values (2222,'test2',100);

1 개의 행이 만들어졌습니다.

SQL> insert into ex09 values (3333,'test3',200);

1 개의 행이 만들어졌습니다.

SQL> insert into ex09 values (3333,'test3',300);
insert into ex09 values (3333,'test3',300)
*
1행에 오류:
ORA-00001: 무결성 제약 조건(SCOTT.SYS_C004013)에 위배됩니다 


SQL> drop table ex08;
drop table ex08
           *
1행에 오류:
ORA-02449: 외래 키에 의해 참조되는 고유/기본 키가 테이블에 있습니다 


SQL> alter table ex09 drop constraint ex09_num_fk;

테이블이 변경되었습니다.

SQL> select * from ex08;l
  2  ;
select * from ex08;l
                  *
1행에 오류:
ORA-00911: 문자가 부적합합니다 


SQL> select * from ex08;

       NUM NAME                                                                 
---------- ------------                                                         
       100 ex01                                                                 
       200 ex02                                                                 

SQL> select * from ex09;

       SU1 SUB                       NUM                                        
---------- ------------------ ----------                                        
      1111 test1                     100                                        
      2222 test2                     100                                        
      3333 test3                     200                                        

SQL> drop table ex08;

테이블이 삭제되었습니다.

SQL> select * from ex09;

       SU1 SUB                       NUM                                        
---------- ------------------ ----------                                        
      1111 test1                     100                                        
      2222 test2                     100                                        
      3333 test3                     200                                        

SQL> drop table ex08;
drop table ex08
           *
1행에 오류:
ORA-00942: 테이블 또는 뷰가 존재하지 않습니다 


SQL> drop table ex09;

테이블이 삭제되었습니다.

SQL> select * from user_constraints;

OWNER                                                                           
------------------------------------------------------------                    
CONSTRAINT_NAME                                              CO                 
------------------------------------------------------------ --                 
TABLE_NAME                                                                      
------------------------------------------------------------                    
SEARCH_CONDITION                                                                
--------------------------------------------------------------------------------
R_OWNER                                                                         
------------------------------------------------------------                    
R_CONSTRAINT_NAME                                            DELETE_RULE        
------------------------------------------------------------ ------------------ 
STATUS           DEFERRABLE                   DEFERRED                          
---------------- ---------------------------- ------------------                
VALIDATED                  GENERATED                    BAD    RELY     LAST_CHA
-------------------------- ---------------------------- ------ -------- --------
INDEX_OWNER                                                                     
------------------------------------------------------------                    
INDEX_NAME                                                   INVALID            
------------------------------------------------------------ --------------     
VIEW_RELATED                                                                    
----------------------------                                                    
SCOTT                                                                           

OWNER                                                                           
------------------------------------------------------------                    
CONSTRAINT_NAME                                              CO                 
------------------------------------------------------------ --                 
TABLE_NAME                                                                      
------------------------------------------------------------                    
SEARCH_CONDITION                                                                
--------------------------------------------------------------------------------
R_OWNER                                                                         
------------------------------------------------------------                    
R_CONSTRAINT_NAME                                            DELETE_RULE        
------------------------------------------------------------ ------------------ 
STATUS           DEFERRABLE                   DEFERRED                          
---------------- ---------------------------- ------------------                
VALIDATED                  GENERATED                    BAD    RELY     LAST_CHA
-------------------------- ---------------------------- ------ -------- --------
INDEX_OWNER                                                                     
------------------------------------------------------------                    
INDEX_NAME                                                   INVALID            
------------------------------------------------------------ --------------     
VIEW_RELATED                                                                    
----------------------------                                                    
SYS_C004008                                                  R                  

OWNER                                                                           
------------------------------------------------------------                    
CONSTRAINT_NAME                                              CO                 
------------------------------------------------------------ --                 
TABLE_NAME                                                                      
------------------------------------------------------------                    
SEARCH_CONDITION                                                                
--------------------------------------------------------------------------------
R_OWNER                                                                         
------------------------------------------------------------                    
R_CONSTRAINT_NAME                                            DELETE_RULE        
------------------------------------------------------------ ------------------ 
STATUS           DEFERRABLE                   DEFERRED                          
---------------- ---------------------------- ------------------                
VALIDATED                  GENERATED                    BAD    RELY     LAST_CHA
-------------------------- ---------------------------- ------ -------- --------
INDEX_OWNER                                                                     
------------------------------------------------------------                    
INDEX_NAME                                                   INVALID            
------------------------------------------------------------ --------------     
VIEW_RELATED                                                                    
----------------------------                                                    
EX07                                                                            

OWNER                                                                           
------------------------------------------------------------                    
CONSTRAINT_NAME                                              CO                 
------------------------------------------------------------ --                 
TABLE_NAME                                                                      
------------------------------------------------------------                    
SEARCH_CONDITION                                                                
--------------------------------------------------------------------------------
R_OWNER                                                                         
------------------------------------------------------------                    
R_CONSTRAINT_NAME                                            DELETE_RULE        
------------------------------------------------------------ ------------------ 
STATUS           DEFERRABLE                   DEFERRED                          
---------------- ---------------------------- ------------------                
VALIDATED                  GENERATED                    BAD    RELY     LAST_CHA
-------------------------- ---------------------------- ------ -------- --------
INDEX_OWNER                                                                     
------------------------------------------------------------                    
INDEX_NAME                                                   INVALID            
------------------------------------------------------------ --------------     
VIEW_RELATED                                                                    
----------------------------                                                    
                                                                                

OWNER                                                                           
------------------------------------------------------------                    
CONSTRAINT_NAME                                              CO                 
------------------------------------------------------------ --                 
TABLE_NAME                                                                      
------------------------------------------------------------                    
SEARCH_CONDITION                                                                
--------------------------------------------------------------------------------
R_OWNER                                                                         
------------------------------------------------------------                    
R_CONSTRAINT_NAME                                            DELETE_RULE        
------------------------------------------------------------ ------------------ 
STATUS           DEFERRABLE                   DEFERRED                          
---------------- ---------------------------- ------------------                
VALIDATED                  GENERATED                    BAD    RELY     LAST_CHA
-------------------------- ---------------------------- ------ -------- --------
INDEX_OWNER                                                                     
------------------------------------------------------------                    
INDEX_NAME                                                   INVALID            
------------------------------------------------------------ --------------     
VIEW_RELATED                                                                    
----------------------------                                                    
SCOTT                                                                           

OWNER                                                                           
------------------------------------------------------------                    
CONSTRAINT_NAME                                              CO                 
------------------------------------------------------------ --                 
TABLE_NAME                                                                      
------------------------------------------------------------                    
SEARCH_CONDITION                                                                
--------------------------------------------------------------------------------
R_OWNER                                                                         
------------------------------------------------------------                    
R_CONSTRAINT_NAME                                            DELETE_RULE        
------------------------------------------------------------ ------------------ 
STATUS           DEFERRABLE                   DEFERRED                          
---------------- ---------------------------- ------------------                
VALIDATED                  GENERATED                    BAD    RELY     LAST_CHA
-------------------------- ---------------------------- ------ -------- --------
INDEX_OWNER                                                                     
------------------------------------------------------------                    
INDEX_NAME                                                   INVALID            
------------------------------------------------------------ --------------     
VIEW_RELATED                                                                    
----------------------------                                                    
PK_DEPT                                                      NO ACTION          

OWNER                                                                           
------------------------------------------------------------                    
CONSTRAINT_NAME                                              CO                 
------------------------------------------------------------ --                 
TABLE_NAME                                                                      
------------------------------------------------------------                    
SEARCH_CONDITION                                                                
--------------------------------------------------------------------------------
R_OWNER                                                                         
------------------------------------------------------------                    
R_CONSTRAINT_NAME                                            DELETE_RULE        
------------------------------------------------------------ ------------------ 
STATUS           DEFERRABLE                   DEFERRED                          
---------------- ---------------------------- ------------------                
VALIDATED                  GENERATED                    BAD    RELY     LAST_CHA
-------------------------- ---------------------------- ------ -------- --------
INDEX_OWNER                                                                     
------------------------------------------------------------                    
INDEX_NAME                                                   INVALID            
------------------------------------------------------------ --------------     
VIEW_RELATED                                                                    
----------------------------                                                    
ENABLED          NOT DEFERRABLE               IMMEDIATE                         

OWNER                                                                           
------------------------------------------------------------                    
CONSTRAINT_NAME                                              CO                 
------------------------------------------------------------ --                 
TABLE_NAME                                                                      
------------------------------------------------------------                    
SEARCH_CONDITION                                                                
--------------------------------------------------------------------------------
R_OWNER                                                                         
------------------------------------------------------------                    
R_CONSTRAINT_NAME                                            DELETE_RULE        
------------------------------------------------------------ ------------------ 
STATUS           DEFERRABLE                   DEFERRED                          
---------------- ---------------------------- ------------------                
VALIDATED                  GENERATED                    BAD    RELY     LAST_CHA
-------------------------- ---------------------------- ------ -------- --------
INDEX_OWNER                                                                     
------------------------------------------------------------                    
INDEX_NAME                                                   INVALID            
------------------------------------------------------------ --------------     
VIEW_RELATED                                                                    
----------------------------                                                    
VALIDATED                  GENERATED NAME                               18/11/05

OWNER                                                                           
------------------------------------------------------------                    
CONSTRAINT_NAME                                              CO                 
------------------------------------------------------------ --                 
TABLE_NAME                                                                      
------------------------------------------------------------                    
SEARCH_CONDITION                                                                
--------------------------------------------------------------------------------
R_OWNER                                                                         
------------------------------------------------------------                    
R_CONSTRAINT_NAME                                            DELETE_RULE        
------------------------------------------------------------ ------------------ 
STATUS           DEFERRABLE                   DEFERRED                          
---------------- ---------------------------- ------------------                
VALIDATED                  GENERATED                    BAD    RELY     LAST_CHA
-------------------------- ---------------------------- ------ -------- --------
INDEX_OWNER                                                                     
------------------------------------------------------------                    
INDEX_NAME                                                   INVALID            
------------------------------------------------------------ --------------     
VIEW_RELATED                                                                    
----------------------------                                                    
                                                                                

OWNER                                                                           
------------------------------------------------------------                    
CONSTRAINT_NAME                                              CO                 
------------------------------------------------------------ --                 
TABLE_NAME                                                                      
------------------------------------------------------------                    
SEARCH_CONDITION                                                                
--------------------------------------------------------------------------------
R_OWNER                                                                         
------------------------------------------------------------                    
R_CONSTRAINT_NAME                                            DELETE_RULE        
------------------------------------------------------------ ------------------ 
STATUS           DEFERRABLE                   DEFERRED                          
---------------- ---------------------------- ------------------                
VALIDATED                  GENERATED                    BAD    RELY     LAST_CHA
-------------------------- ---------------------------- ------ -------- --------
INDEX_OWNER                                                                     
------------------------------------------------------------                    
INDEX_NAME                                                   INVALID            
------------------------------------------------------------ --------------     
VIEW_RELATED                                                                    
----------------------------                                                    
                                                                                

OWNER                                                                           
------------------------------------------------------------                    
CONSTRAINT_NAME                                              CO                 
------------------------------------------------------------ --                 
TABLE_NAME                                                                      
------------------------------------------------------------                    
SEARCH_CONDITION                                                                
--------------------------------------------------------------------------------
R_OWNER                                                                         
------------------------------------------------------------                    
R_CONSTRAINT_NAME                                            DELETE_RULE        
------------------------------------------------------------ ------------------ 
STATUS           DEFERRABLE                   DEFERRED                          
---------------- ---------------------------- ------------------                
VALIDATED                  GENERATED                    BAD    RELY     LAST_CHA
-------------------------- ---------------------------- ------ -------- --------
INDEX_OWNER                                                                     
------------------------------------------------------------                    
INDEX_NAME                                                   INVALID            
------------------------------------------------------------ --------------     
VIEW_RELATED                                                                    
----------------------------                                                    
                                                                                

OWNER                                                                           
------------------------------------------------------------                    
CONSTRAINT_NAME                                              CO                 
------------------------------------------------------------ --                 
TABLE_NAME                                                                      
------------------------------------------------------------                    
SEARCH_CONDITION                                                                
--------------------------------------------------------------------------------
R_OWNER                                                                         
------------------------------------------------------------                    
R_CONSTRAINT_NAME                                            DELETE_RULE        
------------------------------------------------------------ ------------------ 
STATUS           DEFERRABLE                   DEFERRED                          
---------------- ---------------------------- ------------------                
VALIDATED                  GENERATED                    BAD    RELY     LAST_CHA
-------------------------- ---------------------------- ------ -------- --------
INDEX_OWNER                                                                     
------------------------------------------------------------                    
INDEX_NAME                                                   INVALID            
------------------------------------------------------------ --------------     
VIEW_RELATED                                                                    
----------------------------                                                    
                                                                                

OWNER                                                                           
------------------------------------------------------------                    
CONSTRAINT_NAME                                              CO                 
------------------------------------------------------------ --                 
TABLE_NAME                                                                      
------------------------------------------------------------                    
SEARCH_CONDITION                                                                
--------------------------------------------------------------------------------
R_OWNER                                                                         
------------------------------------------------------------                    
R_CONSTRAINT_NAME                                            DELETE_RULE        
------------------------------------------------------------ ------------------ 
STATUS           DEFERRABLE                   DEFERRED                          
---------------- ---------------------------- ------------------                
VALIDATED                  GENERATED                    BAD    RELY     LAST_CHA
-------------------------- ---------------------------- ------ -------- --------
INDEX_OWNER                                                                     
------------------------------------------------------------                    
INDEX_NAME                                                   INVALID            
------------------------------------------------------------ --------------     
VIEW_RELATED                                                                    
----------------------------                                                    
SCOTT                                                                           

OWNER                                                                           
------------------------------------------------------------                    
CONSTRAINT_NAME                                              CO                 
------------------------------------------------------------ --                 
TABLE_NAME                                                                      
------------------------------------------------------------                    
SEARCH_CONDITION                                                                
--------------------------------------------------------------------------------
R_OWNER                                                                         
------------------------------------------------------------                    
R_CONSTRAINT_NAME                                            DELETE_RULE        
------------------------------------------------------------ ------------------ 
STATUS           DEFERRABLE                   DEFERRED                          
---------------- ---------------------------- ------------------                
VALIDATED                  GENERATED                    BAD    RELY     LAST_CHA
-------------------------- ---------------------------- ------ -------- --------
INDEX_OWNER                                                                     
------------------------------------------------------------                    
INDEX_NAME                                                   INVALID            
------------------------------------------------------------ --------------     
VIEW_RELATED                                                                    
----------------------------                                                    
SYS_C004004                                                  C                  

OWNER                                                                           
------------------------------------------------------------                    
CONSTRAINT_NAME                                              CO                 
------------------------------------------------------------ --                 
TABLE_NAME                                                                      
------------------------------------------------------------                    
SEARCH_CONDITION                                                                
--------------------------------------------------------------------------------
R_OWNER                                                                         
------------------------------------------------------------                    
R_CONSTRAINT_NAME                                            DELETE_RULE        
------------------------------------------------------------ ------------------ 
STATUS           DEFERRABLE                   DEFERRED                          
---------------- ---------------------------- ------------------                
VALIDATED                  GENERATED                    BAD    RELY     LAST_CHA
-------------------------- ---------------------------- ------ -------- --------
INDEX_OWNER                                                                     
------------------------------------------------------------                    
INDEX_NAME                                                   INVALID            
------------------------------------------------------------ --------------     
VIEW_RELATED                                                                    
----------------------------                                                    
EX05                                                                            

OWNER                                                                           
------------------------------------------------------------                    
CONSTRAINT_NAME                                              CO                 
------------------------------------------------------------ --                 
TABLE_NAME                                                                      
------------------------------------------------------------                    
SEARCH_CONDITION                                                                
--------------------------------------------------------------------------------
R_OWNER                                                                         
------------------------------------------------------------                    
R_CONSTRAINT_NAME                                            DELETE_RULE        
------------------------------------------------------------ ------------------ 
STATUS           DEFERRABLE                   DEFERRED                          
---------------- ---------------------------- ------------------                
VALIDATED                  GENERATED                    BAD    RELY     LAST_CHA
-------------------------- ---------------------------- ------ -------- --------
INDEX_OWNER                                                                     
------------------------------------------------------------                    
INDEX_NAME                                                   INVALID            
------------------------------------------------------------ --------------     
VIEW_RELATED                                                                    
----------------------------                                                    
"SUB" IS NOT NULL                                                               

OWNER                                                                           
------------------------------------------------------------                    
CONSTRAINT_NAME                                              CO                 
------------------------------------------------------------ --                 
TABLE_NAME                                                                      
------------------------------------------------------------                    
SEARCH_CONDITION                                                                
--------------------------------------------------------------------------------
R_OWNER                                                                         
------------------------------------------------------------                    
R_CONSTRAINT_NAME                                            DELETE_RULE        
------------------------------------------------------------ ------------------ 
STATUS           DEFERRABLE                   DEFERRED                          
---------------- ---------------------------- ------------------                
VALIDATED                  GENERATED                    BAD    RELY     LAST_CHA
-------------------------- ---------------------------- ------ -------- --------
INDEX_OWNER                                                                     
------------------------------------------------------------                    
INDEX_NAME                                                   INVALID            
------------------------------------------------------------ --------------     
VIEW_RELATED                                                                    
----------------------------                                                    
                                                                                

OWNER                                                                           
------------------------------------------------------------                    
CONSTRAINT_NAME                                              CO                 
------------------------------------------------------------ --                 
TABLE_NAME                                                                      
------------------------------------------------------------                    
SEARCH_CONDITION                                                                
--------------------------------------------------------------------------------
R_OWNER                                                                         
------------------------------------------------------------                    
R_CONSTRAINT_NAME                                            DELETE_RULE        
------------------------------------------------------------ ------------------ 
STATUS           DEFERRABLE                   DEFERRED                          
---------------- ---------------------------- ------------------                
VALIDATED                  GENERATED                    BAD    RELY     LAST_CHA
-------------------------- ---------------------------- ------ -------- --------
INDEX_OWNER                                                                     
------------------------------------------------------------                    
INDEX_NAME                                                   INVALID            
------------------------------------------------------------ --------------     
VIEW_RELATED                                                                    
----------------------------                                                    
                                                                                

OWNER                                                                           
------------------------------------------------------------                    
CONSTRAINT_NAME                                              CO                 
------------------------------------------------------------ --                 
TABLE_NAME                                                                      
------------------------------------------------------------                    
SEARCH_CONDITION                                                                
--------------------------------------------------------------------------------
R_OWNER                                                                         
------------------------------------------------------------                    
R_CONSTRAINT_NAME                                            DELETE_RULE        
------------------------------------------------------------ ------------------ 
STATUS           DEFERRABLE                   DEFERRED                          
---------------- ---------------------------- ------------------                
VALIDATED                  GENERATED                    BAD    RELY     LAST_CHA
-------------------------- ---------------------------- ------ -------- --------
INDEX_OWNER                                                                     
------------------------------------------------------------                    
INDEX_NAME                                                   INVALID            
------------------------------------------------------------ --------------     
VIEW_RELATED                                                                    
----------------------------                                                    
ENABLED          NOT DEFERRABLE               IMMEDIATE                         

OWNER                                                                           
------------------------------------------------------------                    
CONSTRAINT_NAME                                              CO                 
------------------------------------------------------------ --                 
TABLE_NAME                                                                      
------------------------------------------------------------                    
SEARCH_CONDITION                                                                
--------------------------------------------------------------------------------
R_OWNER                                                                         
------------------------------------------------------------                    
R_CONSTRAINT_NAME                                            DELETE_RULE        
------------------------------------------------------------ ------------------ 
STATUS           DEFERRABLE                   DEFERRED                          
---------------- ---------------------------- ------------------                
VALIDATED                  GENERATED                    BAD    RELY     LAST_CHA
-------------------------- ---------------------------- ------ -------- --------
INDEX_OWNER                                                                     
------------------------------------------------------------                    
INDEX_NAME                                                   INVALID            
------------------------------------------------------------ --------------     
VIEW_RELATED                                                                    
----------------------------                                                    
VALIDATED                  GENERATED NAME                               18/11/05

OWNER                                                                           
------------------------------------------------------------                    
CONSTRAINT_NAME                                              CO                 
------------------------------------------------------------ --                 
TABLE_NAME                                                                      
------------------------------------------------------------                    
SEARCH_CONDITION                                                                
--------------------------------------------------------------------------------
R_OWNER                                                                         
------------------------------------------------------------                    
R_CONSTRAINT_NAME                                            DELETE_RULE        
------------------------------------------------------------ ------------------ 
STATUS           DEFERRABLE                   DEFERRED                          
---------------- ---------------------------- ------------------                
VALIDATED                  GENERATED                    BAD    RELY     LAST_CHA
-------------------------- ---------------------------- ------ -------- --------
INDEX_OWNER                                                                     
------------------------------------------------------------                    
INDEX_NAME                                                   INVALID            
------------------------------------------------------------ --------------     
VIEW_RELATED                                                                    
----------------------------                                                    
                                                                                

OWNER                                                                           
------------------------------------------------------------                    
CONSTRAINT_NAME                                              CO                 
------------------------------------------------------------ --                 
TABLE_NAME                                                                      
------------------------------------------------------------                    
SEARCH_CONDITION                                                                
--------------------------------------------------------------------------------
R_OWNER                                                                         
------------------------------------------------------------                    
R_CONSTRAINT_NAME                                            DELETE_RULE        
------------------------------------------------------------ ------------------ 
STATUS           DEFERRABLE                   DEFERRED                          
---------------- ---------------------------- ------------------                
VALIDATED                  GENERATED                    BAD    RELY     LAST_CHA
-------------------------- ---------------------------- ------ -------- --------
INDEX_OWNER                                                                     
------------------------------------------------------------                    
INDEX_NAME                                                   INVALID            
------------------------------------------------------------ --------------     
VIEW_RELATED                                                                    
----------------------------                                                    
                                                                                

OWNER                                                                           
------------------------------------------------------------                    
CONSTRAINT_NAME                                              CO                 
------------------------------------------------------------ --                 
TABLE_NAME                                                                      
------------------------------------------------------------                    
SEARCH_CONDITION                                                                
--------------------------------------------------------------------------------
R_OWNER                                                                         
------------------------------------------------------------                    
R_CONSTRAINT_NAME                                            DELETE_RULE        
------------------------------------------------------------ ------------------ 
STATUS           DEFERRABLE                   DEFERRED                          
---------------- ---------------------------- ------------------                
VALIDATED                  GENERATED                    BAD    RELY     LAST_CHA
-------------------------- ---------------------------- ------ -------- --------
INDEX_OWNER                                                                     
------------------------------------------------------------                    
INDEX_NAME                                                   INVALID            
------------------------------------------------------------ --------------     
VIEW_RELATED                                                                    
----------------------------                                                    
                                                                                

OWNER                                                                           
------------------------------------------------------------                    
CONSTRAINT_NAME                                              CO                 
------------------------------------------------------------ --                 
TABLE_NAME                                                                      
------------------------------------------------------------                    
SEARCH_CONDITION                                                                
--------------------------------------------------------------------------------
R_OWNER                                                                         
------------------------------------------------------------                    
R_CONSTRAINT_NAME                                            DELETE_RULE        
------------------------------------------------------------ ------------------ 
STATUS           DEFERRABLE                   DEFERRED                          
---------------- ---------------------------- ------------------                
VALIDATED                  GENERATED                    BAD    RELY     LAST_CHA
-------------------------- ---------------------------- ------ -------- --------
INDEX_OWNER                                                                     
------------------------------------------------------------                    
INDEX_NAME                                                   INVALID            
------------------------------------------------------------ --------------     
VIEW_RELATED                                                                    
----------------------------                                                    
                                                                                

OWNER                                                                           
------------------------------------------------------------                    
CONSTRAINT_NAME                                              CO                 
------------------------------------------------------------ --                 
TABLE_NAME                                                                      
------------------------------------------------------------                    
SEARCH_CONDITION                                                                
--------------------------------------------------------------------------------
R_OWNER                                                                         
------------------------------------------------------------                    
R_CONSTRAINT_NAME                                            DELETE_RULE        
------------------------------------------------------------ ------------------ 
STATUS           DEFERRABLE                   DEFERRED                          
---------------- ---------------------------- ------------------                
VALIDATED                  GENERATED                    BAD    RELY     LAST_CHA
-------------------------- ---------------------------- ------ -------- --------
INDEX_OWNER                                                                     
------------------------------------------------------------                    
INDEX_NAME                                                   INVALID            
------------------------------------------------------------ --------------     
VIEW_RELATED                                                                    
----------------------------                                                    
SCOTT                                                                           

OWNER                                                                           
------------------------------------------------------------                    
CONSTRAINT_NAME                                              CO                 
------------------------------------------------------------ --                 
TABLE_NAME                                                                      
------------------------------------------------------------                    
SEARCH_CONDITION                                                                
--------------------------------------------------------------------------------
R_OWNER                                                                         
------------------------------------------------------------                    
R_CONSTRAINT_NAME                                            DELETE_RULE        
------------------------------------------------------------ ------------------ 
STATUS           DEFERRABLE                   DEFERRED                          
---------------- ---------------------------- ------------------                
VALIDATED                  GENERATED                    BAD    RELY     LAST_CHA
-------------------------- ---------------------------- ------ -------- --------
INDEX_OWNER                                                                     
------------------------------------------------------------                    
INDEX_NAME                                                   INVALID            
------------------------------------------------------------ --------------     
VIEW_RELATED                                                                    
----------------------------                                                    
FK_DEPTNO                                                    R                  

OWNER                                                                           
------------------------------------------------------------                    
CONSTRAINT_NAME                                              CO                 
------------------------------------------------------------ --                 
TABLE_NAME                                                                      
------------------------------------------------------------                    
SEARCH_CONDITION                                                                
--------------------------------------------------------------------------------
R_OWNER                                                                         
------------------------------------------------------------                    
R_CONSTRAINT_NAME                                            DELETE_RULE        
------------------------------------------------------------ ------------------ 
STATUS           DEFERRABLE                   DEFERRED                          
---------------- ---------------------------- ------------------                
VALIDATED                  GENERATED                    BAD    RELY     LAST_CHA
-------------------------- ---------------------------- ------ -------- --------
INDEX_OWNER                                                                     
------------------------------------------------------------                    
INDEX_NAME                                                   INVALID            
------------------------------------------------------------ --------------     
VIEW_RELATED                                                                    
----------------------------                                                    
EMP                                                                             

OWNER                                                                           
------------------------------------------------------------                    
CONSTRAINT_NAME                                              CO                 
------------------------------------------------------------ --                 
TABLE_NAME                                                                      
------------------------------------------------------------                    
SEARCH_CONDITION                                                                
--------------------------------------------------------------------------------
R_OWNER                                                                         
------------------------------------------------------------                    
R_CONSTRAINT_NAME                                            DELETE_RULE        
------------------------------------------------------------ ------------------ 
STATUS           DEFERRABLE                   DEFERRED                          
---------------- ---------------------------- ------------------                
VALIDATED                  GENERATED                    BAD    RELY     LAST_CHA
-------------------------- ---------------------------- ------ -------- --------
INDEX_OWNER                                                                     
------------------------------------------------------------                    
INDEX_NAME                                                   INVALID            
------------------------------------------------------------ --------------     
VIEW_RELATED                                                                    
----------------------------                                                    
                                                                                

OWNER                                                                           
------------------------------------------------------------                    
CONSTRAINT_NAME                                              CO                 
------------------------------------------------------------ --                 
TABLE_NAME                                                                      
------------------------------------------------------------                    
SEARCH_CONDITION                                                                
--------------------------------------------------------------------------------
R_OWNER                                                                         
------------------------------------------------------------                    
R_CONSTRAINT_NAME                                            DELETE_RULE        
------------------------------------------------------------ ------------------ 
STATUS           DEFERRABLE                   DEFERRED                          
---------------- ---------------------------- ------------------                
VALIDATED                  GENERATED                    BAD    RELY     LAST_CHA
-------------------------- ---------------------------- ------ -------- --------
INDEX_OWNER                                                                     
------------------------------------------------------------                    
INDEX_NAME                                                   INVALID            
------------------------------------------------------------ --------------     
VIEW_RELATED                                                                    
----------------------------                                                    
SCOTT                                                                           

OWNER                                                                           
------------------------------------------------------------                    
CONSTRAINT_NAME                                              CO                 
------------------------------------------------------------ --                 
TABLE_NAME                                                                      
------------------------------------------------------------                    
SEARCH_CONDITION                                                                
--------------------------------------------------------------------------------
R_OWNER                                                                         
------------------------------------------------------------                    
R_CONSTRAINT_NAME                                            DELETE_RULE        
------------------------------------------------------------ ------------------ 
STATUS           DEFERRABLE                   DEFERRED                          
---------------- ---------------------------- ------------------                
VALIDATED                  GENERATED                    BAD    RELY     LAST_CHA
-------------------------- ---------------------------- ------ -------- --------
INDEX_OWNER                                                                     
------------------------------------------------------------                    
INDEX_NAME                                                   INVALID            
------------------------------------------------------------ --------------     
VIEW_RELATED                                                                    
----------------------------                                                    
PK_DEPT                                                      NO ACTION          

OWNER                                                                           
------------------------------------------------------------                    
CONSTRAINT_NAME                                              CO                 
------------------------------------------------------------ --                 
TABLE_NAME                                                                      
------------------------------------------------------------                    
SEARCH_CONDITION                                                                
--------------------------------------------------------------------------------
R_OWNER                                                                         
------------------------------------------------------------                    
R_CONSTRAINT_NAME                                            DELETE_RULE        
------------------------------------------------------------ ------------------ 
STATUS           DEFERRABLE                   DEFERRED                          
---------------- ---------------------------- ------------------                
VALIDATED                  GENERATED                    BAD    RELY     LAST_CHA
-------------------------- ---------------------------- ------ -------- --------
INDEX_OWNER                                                                     
------------------------------------------------------------                    
INDEX_NAME                                                   INVALID            
------------------------------------------------------------ --------------     
VIEW_RELATED                                                                    
----------------------------                                                    
ENABLED          NOT DEFERRABLE               IMMEDIATE                         

OWNER                                                                           
------------------------------------------------------------                    
CONSTRAINT_NAME                                              CO                 
------------------------------------------------------------ --                 
TABLE_NAME                                                                      
------------------------------------------------------------                    
SEARCH_CONDITION                                                                
--------------------------------------------------------------------------------
R_OWNER                                                                         
------------------------------------------------------------                    
R_CONSTRAINT_NAME                                            DELETE_RULE        
------------------------------------------------------------ ------------------ 
STATUS           DEFERRABLE                   DEFERRED                          
---------------- ---------------------------- ------------------                
VALIDATED                  GENERATED                    BAD    RELY     LAST_CHA
-------------------------- ---------------------------- ------ -------- --------
INDEX_OWNER                                                                     
------------------------------------------------------------                    
INDEX_NAME                                                   INVALID            
------------------------------------------------------------ --------------     
VIEW_RELATED                                                                    
----------------------------                                                    
VALIDATED                  USER NAME                                    18/10/30

OWNER                                                                           
------------------------------------------------------------                    
CONSTRAINT_NAME                                              CO                 
------------------------------------------------------------ --                 
TABLE_NAME                                                                      
------------------------------------------------------------                    
SEARCH_CONDITION                                                                
--------------------------------------------------------------------------------
R_OWNER                                                                         
------------------------------------------------------------                    
R_CONSTRAINT_NAME                                            DELETE_RULE        
------------------------------------------------------------ ------------------ 
STATUS           DEFERRABLE                   DEFERRED                          
---------------- ---------------------------- ------------------                
VALIDATED                  GENERATED                    BAD    RELY     LAST_CHA
-------------------------- ---------------------------- ------ -------- --------
INDEX_OWNER                                                                     
------------------------------------------------------------                    
INDEX_NAME                                                   INVALID            
------------------------------------------------------------ --------------     
VIEW_RELATED                                                                    
----------------------------                                                    
                                                                                

OWNER                                                                           
------------------------------------------------------------                    
CONSTRAINT_NAME                                              CO                 
------------------------------------------------------------ --                 
TABLE_NAME                                                                      
------------------------------------------------------------                    
SEARCH_CONDITION                                                                
--------------------------------------------------------------------------------
R_OWNER                                                                         
------------------------------------------------------------                    
R_CONSTRAINT_NAME                                            DELETE_RULE        
------------------------------------------------------------ ------------------ 
STATUS           DEFERRABLE                   DEFERRED                          
---------------- ---------------------------- ------------------                
VALIDATED                  GENERATED                    BAD    RELY     LAST_CHA
-------------------------- ---------------------------- ------ -------- --------
INDEX_OWNER                                                                     
------------------------------------------------------------                    
INDEX_NAME                                                   INVALID            
------------------------------------------------------------ --------------     
VIEW_RELATED                                                                    
----------------------------                                                    
                                                                                

OWNER                                                                           
------------------------------------------------------------                    
CONSTRAINT_NAME                                              CO                 
------------------------------------------------------------ --                 
TABLE_NAME                                                                      
------------------------------------------------------------                    
SEARCH_CONDITION                                                                
--------------------------------------------------------------------------------
R_OWNER                                                                         
------------------------------------------------------------                    
R_CONSTRAINT_NAME                                            DELETE_RULE        
------------------------------------------------------------ ------------------ 
STATUS           DEFERRABLE                   DEFERRED                          
---------------- ---------------------------- ------------------                
VALIDATED                  GENERATED                    BAD    RELY     LAST_CHA
-------------------------- ---------------------------- ------ -------- --------
INDEX_OWNER                                                                     
------------------------------------------------------------                    
INDEX_NAME                                                   INVALID            
------------------------------------------------------------ --------------     
VIEW_RELATED                                                                    
----------------------------                                                    
                                                                                

OWNER                                                                           
------------------------------------------------------------                    
CONSTRAINT_NAME                                              CO                 
------------------------------------------------------------ --                 
TABLE_NAME                                                                      
------------------------------------------------------------                    
SEARCH_CONDITION                                                                
--------------------------------------------------------------------------------
R_OWNER                                                                         
------------------------------------------------------------                    
R_CONSTRAINT_NAME                                            DELETE_RULE        
------------------------------------------------------------ ------------------ 
STATUS           DEFERRABLE                   DEFERRED                          
---------------- ---------------------------- ------------------                
VALIDATED                  GENERATED                    BAD    RELY     LAST_CHA
-------------------------- ---------------------------- ------ -------- --------
INDEX_OWNER                                                                     
------------------------------------------------------------                    
INDEX_NAME                                                   INVALID            
------------------------------------------------------------ --------------     
VIEW_RELATED                                                                    
----------------------------                                                    
                                                                                

OWNER                                                                           
------------------------------------------------------------                    
CONSTRAINT_NAME                                              CO                 
------------------------------------------------------------ --                 
TABLE_NAME                                                                      
------------------------------------------------------------                    
SEARCH_CONDITION                                                                
--------------------------------------------------------------------------------
R_OWNER                                                                         
------------------------------------------------------------                    
R_CONSTRAINT_NAME                                            DELETE_RULE        
------------------------------------------------------------ ------------------ 
STATUS           DEFERRABLE                   DEFERRED                          
---------------- ---------------------------- ------------------                
VALIDATED                  GENERATED                    BAD    RELY     LAST_CHA
-------------------------- ---------------------------- ------ -------- --------
INDEX_OWNER                                                                     
------------------------------------------------------------                    
INDEX_NAME                                                   INVALID            
------------------------------------------------------------ --------------     
VIEW_RELATED                                                                    
----------------------------                                                    
SCOTT                                                                           

OWNER                                                                           
------------------------------------------------------------                    
CONSTRAINT_NAME                                              CO                 
------------------------------------------------------------ --                 
TABLE_NAME                                                                      
------------------------------------------------------------                    
SEARCH_CONDITION                                                                
--------------------------------------------------------------------------------
R_OWNER                                                                         
------------------------------------------------------------                    
R_CONSTRAINT_NAME                                            DELETE_RULE        
------------------------------------------------------------ ------------------ 
STATUS           DEFERRABLE                   DEFERRED                          
---------------- ---------------------------- ------------------                
VALIDATED                  GENERATED                    BAD    RELY     LAST_CHA
-------------------------- ---------------------------- ------ -------- --------
INDEX_OWNER                                                                     
------------------------------------------------------------                    
INDEX_NAME                                                   INVALID            
------------------------------------------------------------ --------------     
VIEW_RELATED                                                                    
----------------------------                                                    
PK_DEPT                                                      P                  

OWNER                                                                           
------------------------------------------------------------                    
CONSTRAINT_NAME                                              CO                 
------------------------------------------------------------ --                 
TABLE_NAME                                                                      
------------------------------------------------------------                    
SEARCH_CONDITION                                                                
--------------------------------------------------------------------------------
R_OWNER                                                                         
------------------------------------------------------------                    
R_CONSTRAINT_NAME                                            DELETE_RULE        
------------------------------------------------------------ ------------------ 
STATUS           DEFERRABLE                   DEFERRED                          
---------------- ---------------------------- ------------------                
VALIDATED                  GENERATED                    BAD    RELY     LAST_CHA
-------------------------- ---------------------------- ------ -------- --------
INDEX_OWNER                                                                     
------------------------------------------------------------                    
INDEX_NAME                                                   INVALID            
------------------------------------------------------------ --------------     
VIEW_RELATED                                                                    
----------------------------                                                    
DEPT                                                                            

OWNER                                                                           
------------------------------------------------------------                    
CONSTRAINT_NAME                                              CO                 
------------------------------------------------------------ --                 
TABLE_NAME                                                                      
------------------------------------------------------------                    
SEARCH_CONDITION                                                                
--------------------------------------------------------------------------------
R_OWNER                                                                         
------------------------------------------------------------                    
R_CONSTRAINT_NAME                                            DELETE_RULE        
------------------------------------------------------------ ------------------ 
STATUS           DEFERRABLE                   DEFERRED                          
---------------- ---------------------------- ------------------                
VALIDATED                  GENERATED                    BAD    RELY     LAST_CHA
-------------------------- ---------------------------- ------ -------- --------
INDEX_OWNER                                                                     
------------------------------------------------------------                    
INDEX_NAME                                                   INVALID            
------------------------------------------------------------ --------------     
VIEW_RELATED                                                                    
----------------------------                                                    
                                                                                

OWNER                                                                           
------------------------------------------------------------                    
CONSTRAINT_NAME                                              CO                 
------------------------------------------------------------ --                 
TABLE_NAME                                                                      
------------------------------------------------------------                    
SEARCH_CONDITION                                                                
--------------------------------------------------------------------------------
R_OWNER                                                                         
------------------------------------------------------------                    
R_CONSTRAINT_NAME                                            DELETE_RULE        
------------------------------------------------------------ ------------------ 
STATUS           DEFERRABLE                   DEFERRED                          
---------------- ---------------------------- ------------------                
VALIDATED                  GENERATED                    BAD    RELY     LAST_CHA
-------------------------- ---------------------------- ------ -------- --------
INDEX_OWNER                                                                     
------------------------------------------------------------                    
INDEX_NAME                                                   INVALID            
------------------------------------------------------------ --------------     
VIEW_RELATED                                                                    
----------------------------                                                    
                                                                                

OWNER                                                                           
------------------------------------------------------------                    
CONSTRAINT_NAME                                              CO                 
------------------------------------------------------------ --                 
TABLE_NAME                                                                      
------------------------------------------------------------                    
SEARCH_CONDITION                                                                
--------------------------------------------------------------------------------
R_OWNER                                                                         
------------------------------------------------------------                    
R_CONSTRAINT_NAME                                            DELETE_RULE        
------------------------------------------------------------ ------------------ 
STATUS           DEFERRABLE                   DEFERRED                          
---------------- ---------------------------- ------------------                
VALIDATED                  GENERATED                    BAD    RELY     LAST_CHA
-------------------------- ---------------------------- ------ -------- --------
INDEX_OWNER                                                                     
------------------------------------------------------------                    
INDEX_NAME                                                   INVALID            
------------------------------------------------------------ --------------     
VIEW_RELATED                                                                    
----------------------------                                                    
                                                                                

OWNER                                                                           
------------------------------------------------------------                    
CONSTRAINT_NAME                                              CO                 
------------------------------------------------------------ --                 
TABLE_NAME                                                                      
------------------------------------------------------------                    
SEARCH_CONDITION                                                                
--------------------------------------------------------------------------------
R_OWNER                                                                         
------------------------------------------------------------                    
R_CONSTRAINT_NAME                                            DELETE_RULE        
------------------------------------------------------------ ------------------ 
STATUS           DEFERRABLE                   DEFERRED                          
---------------- ---------------------------- ------------------                
VALIDATED                  GENERATED                    BAD    RELY     LAST_CHA
-------------------------- ---------------------------- ------ -------- --------
INDEX_OWNER                                                                     
------------------------------------------------------------                    
INDEX_NAME                                                   INVALID            
------------------------------------------------------------ --------------     
VIEW_RELATED                                                                    
----------------------------                                                    
ENABLED          NOT DEFERRABLE               IMMEDIATE                         

OWNER                                                                           
------------------------------------------------------------                    
CONSTRAINT_NAME                                              CO                 
------------------------------------------------------------ --                 
TABLE_NAME                                                                      
------------------------------------------------------------                    
SEARCH_CONDITION                                                                
--------------------------------------------------------------------------------
R_OWNER                                                                         
------------------------------------------------------------                    
R_CONSTRAINT_NAME                                            DELETE_RULE        
------------------------------------------------------------ ------------------ 
STATUS           DEFERRABLE                   DEFERRED                          
---------------- ---------------------------- ------------------                
VALIDATED                  GENERATED                    BAD    RELY     LAST_CHA
-------------------------- ---------------------------- ------ -------- --------
INDEX_OWNER                                                                     
------------------------------------------------------------                    
INDEX_NAME                                                   INVALID            
------------------------------------------------------------ --------------     
VIEW_RELATED                                                                    
----------------------------                                                    
VALIDATED                  USER NAME                                    18/10/30

OWNER                                                                           
------------------------------------------------------------                    
CONSTRAINT_NAME                                              CO                 
------------------------------------------------------------ --                 
TABLE_NAME                                                                      
------------------------------------------------------------                    
SEARCH_CONDITION                                                                
--------------------------------------------------------------------------------
R_OWNER                                                                         
------------------------------------------------------------                    
R_CONSTRAINT_NAME                                            DELETE_RULE        
------------------------------------------------------------ ------------------ 
STATUS           DEFERRABLE                   DEFERRED                          
---------------- ---------------------------- ------------------                
VALIDATED                  GENERATED                    BAD    RELY     LAST_CHA
-------------------------- ---------------------------- ------ -------- --------
INDEX_OWNER                                                                     
------------------------------------------------------------                    
INDEX_NAME                                                   INVALID            
------------------------------------------------------------ --------------     
VIEW_RELATED                                                                    
----------------------------                                                    
SCOTT                                                                           

OWNER                                                                           
------------------------------------------------------------                    
CONSTRAINT_NAME                                              CO                 
------------------------------------------------------------ --                 
TABLE_NAME                                                                      
------------------------------------------------------------                    
SEARCH_CONDITION                                                                
--------------------------------------------------------------------------------
R_OWNER                                                                         
------------------------------------------------------------                    
R_CONSTRAINT_NAME                                            DELETE_RULE        
------------------------------------------------------------ ------------------ 
STATUS           DEFERRABLE                   DEFERRED                          
---------------- ---------------------------- ------------------                
VALIDATED                  GENERATED                    BAD    RELY     LAST_CHA
-------------------------- ---------------------------- ------ -------- --------
INDEX_OWNER                                                                     
------------------------------------------------------------                    
INDEX_NAME                                                   INVALID            
------------------------------------------------------------ --------------     
VIEW_RELATED                                                                    
----------------------------                                                    
PK_DEPT                                                                         

OWNER                                                                           
------------------------------------------------------------                    
CONSTRAINT_NAME                                              CO                 
------------------------------------------------------------ --                 
TABLE_NAME                                                                      
------------------------------------------------------------                    
SEARCH_CONDITION                                                                
--------------------------------------------------------------------------------
R_OWNER                                                                         
------------------------------------------------------------                    
R_CONSTRAINT_NAME                                            DELETE_RULE        
------------------------------------------------------------ ------------------ 
STATUS           DEFERRABLE                   DEFERRED                          
---------------- ---------------------------- ------------------                
VALIDATED                  GENERATED                    BAD    RELY     LAST_CHA
-------------------------- ---------------------------- ------ -------- --------
INDEX_OWNER                                                                     
------------------------------------------------------------                    
INDEX_NAME                                                   INVALID            
------------------------------------------------------------ --------------     
VIEW_RELATED                                                                    
----------------------------                                                    
                                                                                

OWNER                                                                           
------------------------------------------------------------                    
CONSTRAINT_NAME                                              CO                 
------------------------------------------------------------ --                 
TABLE_NAME                                                                      
------------------------------------------------------------                    
SEARCH_CONDITION                                                                
--------------------------------------------------------------------------------
R_OWNER                                                                         
------------------------------------------------------------                    
R_CONSTRAINT_NAME                                            DELETE_RULE        
------------------------------------------------------------ ------------------ 
STATUS           DEFERRABLE                   DEFERRED                          
---------------- ---------------------------- ------------------                
VALIDATED                  GENERATED                    BAD    RELY     LAST_CHA
-------------------------- ---------------------------- ------ -------- --------
INDEX_OWNER                                                                     
------------------------------------------------------------                    
INDEX_NAME                                                   INVALID            
------------------------------------------------------------ --------------     
VIEW_RELATED                                                                    
----------------------------                                                    
                                                                                

OWNER                                                                           
------------------------------------------------------------                    
CONSTRAINT_NAME                                              CO                 
------------------------------------------------------------ --                 
TABLE_NAME                                                                      
------------------------------------------------------------                    
SEARCH_CONDITION                                                                
--------------------------------------------------------------------------------
R_OWNER                                                                         
------------------------------------------------------------                    
R_CONSTRAINT_NAME                                            DELETE_RULE        
------------------------------------------------------------ ------------------ 
STATUS           DEFERRABLE                   DEFERRED                          
---------------- ---------------------------- ------------------                
VALIDATED                  GENERATED                    BAD    RELY     LAST_CHA
-------------------------- ---------------------------- ------ -------- --------
INDEX_OWNER                                                                     
------------------------------------------------------------                    
INDEX_NAME                                                   INVALID            
------------------------------------------------------------ --------------     
VIEW_RELATED                                                                    
----------------------------                                                    
SCOTT                                                                           

OWNER                                                                           
------------------------------------------------------------                    
CONSTRAINT_NAME                                              CO                 
------------------------------------------------------------ --                 
TABLE_NAME                                                                      
------------------------------------------------------------                    
SEARCH_CONDITION                                                                
--------------------------------------------------------------------------------
R_OWNER                                                                         
------------------------------------------------------------                    
R_CONSTRAINT_NAME                                            DELETE_RULE        
------------------------------------------------------------ ------------------ 
STATUS           DEFERRABLE                   DEFERRED                          
---------------- ---------------------------- ------------------                
VALIDATED                  GENERATED                    BAD    RELY     LAST_CHA
-------------------------- ---------------------------- ------ -------- --------
INDEX_OWNER                                                                     
------------------------------------------------------------                    
INDEX_NAME                                                   INVALID            
------------------------------------------------------------ --------------     
VIEW_RELATED                                                                    
----------------------------                                                    
PK_EMP                                                       P                  

OWNER                                                                           
------------------------------------------------------------                    
CONSTRAINT_NAME                                              CO                 
------------------------------------------------------------ --                 
TABLE_NAME                                                                      
------------------------------------------------------------                    
SEARCH_CONDITION                                                                
--------------------------------------------------------------------------------
R_OWNER                                                                         
------------------------------------------------------------                    
R_CONSTRAINT_NAME                                            DELETE_RULE        
------------------------------------------------------------ ------------------ 
STATUS           DEFERRABLE                   DEFERRED                          
---------------- ---------------------------- ------------------                
VALIDATED                  GENERATED                    BAD    RELY     LAST_CHA
-------------------------- ---------------------------- ------ -------- --------
INDEX_OWNER                                                                     
------------------------------------------------------------                    
INDEX_NAME                                                   INVALID            
------------------------------------------------------------ --------------     
VIEW_RELATED                                                                    
----------------------------                                                    
EMP                                                                             

OWNER                                                                           
------------------------------------------------------------                    
CONSTRAINT_NAME                                              CO                 
------------------------------------------------------------ --                 
TABLE_NAME                                                                      
------------------------------------------------------------                    
SEARCH_CONDITION                                                                
--------------------------------------------------------------------------------
R_OWNER                                                                         
------------------------------------------------------------                    
R_CONSTRAINT_NAME                                            DELETE_RULE        
------------------------------------------------------------ ------------------ 
STATUS           DEFERRABLE                   DEFERRED                          
---------------- ---------------------------- ------------------                
VALIDATED                  GENERATED                    BAD    RELY     LAST_CHA
-------------------------- ---------------------------- ------ -------- --------
INDEX_OWNER                                                                     
------------------------------------------------------------                    
INDEX_NAME                                                   INVALID            
------------------------------------------------------------ --------------     
VIEW_RELATED                                                                    
----------------------------                                                    
                                                                                

OWNER                                                                           
------------------------------------------------------------                    
CONSTRAINT_NAME                                              CO                 
------------------------------------------------------------ --                 
TABLE_NAME                                                                      
------------------------------------------------------------                    
SEARCH_CONDITION                                                                
--------------------------------------------------------------------------------
R_OWNER                                                                         
------------------------------------------------------------                    
R_CONSTRAINT_NAME                                            DELETE_RULE        
------------------------------------------------------------ ------------------ 
STATUS           DEFERRABLE                   DEFERRED                          
---------------- ---------------------------- ------------------                
VALIDATED                  GENERATED                    BAD    RELY     LAST_CHA
-------------------------- ---------------------------- ------ -------- --------
INDEX_OWNER                                                                     
------------------------------------------------------------                    
INDEX_NAME                                                   INVALID            
------------------------------------------------------------ --------------     
VIEW_RELATED                                                                    
----------------------------                                                    
                                                                                

OWNER                                                                           
------------------------------------------------------------                    
CONSTRAINT_NAME                                              CO                 
------------------------------------------------------------ --                 
TABLE_NAME                                                                      
------------------------------------------------------------                    
SEARCH_CONDITION                                                                
--------------------------------------------------------------------------------
R_OWNER                                                                         
------------------------------------------------------------                    
R_CONSTRAINT_NAME                                            DELETE_RULE        
------------------------------------------------------------ ------------------ 
STATUS           DEFERRABLE                   DEFERRED                          
---------------- ---------------------------- ------------------                
VALIDATED                  GENERATED                    BAD    RELY     LAST_CHA
-------------------------- ---------------------------- ------ -------- --------
INDEX_OWNER                                                                     
------------------------------------------------------------                    
INDEX_NAME                                                   INVALID            
------------------------------------------------------------ --------------     
VIEW_RELATED                                                                    
----------------------------                                                    
                                                                                

OWNER                                                                           
------------------------------------------------------------                    
CONSTRAINT_NAME                                              CO                 
------------------------------------------------------------ --                 
TABLE_NAME                                                                      
------------------------------------------------------------                    
SEARCH_CONDITION                                                                
--------------------------------------------------------------------------------
R_OWNER                                                                         
------------------------------------------------------------                    
R_CONSTRAINT_NAME                                            DELETE_RULE        
------------------------------------------------------------ ------------------ 
STATUS           DEFERRABLE                   DEFERRED                          
---------------- ---------------------------- ------------------                
VALIDATED                  GENERATED                    BAD    RELY     LAST_CHA
-------------------------- ---------------------------- ------ -------- --------
INDEX_OWNER                                                                     
------------------------------------------------------------                    
INDEX_NAME                                                   INVALID            
------------------------------------------------------------ --------------     
VIEW_RELATED                                                                    
----------------------------                                                    
ENABLED          NOT DEFERRABLE               IMMEDIATE                         

OWNER                                                                           
------------------------------------------------------------                    
CONSTRAINT_NAME                                              CO                 
------------------------------------------------------------ --                 
TABLE_NAME                                                                      
------------------------------------------------------------                    
SEARCH_CONDITION                                                                
--------------------------------------------------------------------------------
R_OWNER                                                                         
------------------------------------------------------------                    
R_CONSTRAINT_NAME                                            DELETE_RULE        
------------------------------------------------------------ ------------------ 
STATUS           DEFERRABLE                   DEFERRED                          
---------------- ---------------------------- ------------------                
VALIDATED                  GENERATED                    BAD    RELY     LAST_CHA
-------------------------- ---------------------------- ------ -------- --------
INDEX_OWNER                                                                     
------------------------------------------------------------                    
INDEX_NAME                                                   INVALID            
------------------------------------------------------------ --------------     
VIEW_RELATED                                                                    
----------------------------                                                    
VALIDATED                  USER NAME                                    18/10/30

OWNER                                                                           
------------------------------------------------------------                    
CONSTRAINT_NAME                                              CO                 
------------------------------------------------------------ --                 
TABLE_NAME                                                                      
------------------------------------------------------------                    
SEARCH_CONDITION                                                                
--------------------------------------------------------------------------------
R_OWNER                                                                         
------------------------------------------------------------                    
R_CONSTRAINT_NAME                                            DELETE_RULE        
------------------------------------------------------------ ------------------ 
STATUS           DEFERRABLE                   DEFERRED                          
---------------- ---------------------------- ------------------                
VALIDATED                  GENERATED                    BAD    RELY     LAST_CHA
-------------------------- ---------------------------- ------ -------- --------
INDEX_OWNER                                                                     
------------------------------------------------------------                    
INDEX_NAME                                                   INVALID            
------------------------------------------------------------ --------------     
VIEW_RELATED                                                                    
----------------------------                                                    
SCOTT                                                                           

OWNER                                                                           
------------------------------------------------------------                    
CONSTRAINT_NAME                                              CO                 
------------------------------------------------------------ --                 
TABLE_NAME                                                                      
------------------------------------------------------------                    
SEARCH_CONDITION                                                                
--------------------------------------------------------------------------------
R_OWNER                                                                         
------------------------------------------------------------                    
R_CONSTRAINT_NAME                                            DELETE_RULE        
------------------------------------------------------------ ------------------ 
STATUS           DEFERRABLE                   DEFERRED                          
---------------- ---------------------------- ------------------                
VALIDATED                  GENERATED                    BAD    RELY     LAST_CHA
-------------------------- ---------------------------- ------ -------- --------
INDEX_OWNER                                                                     
------------------------------------------------------------                    
INDEX_NAME                                                   INVALID            
------------------------------------------------------------ --------------     
VIEW_RELATED                                                                    
----------------------------                                                    
PK_EMP                                                                          

OWNER                                                                           
------------------------------------------------------------                    
CONSTRAINT_NAME                                              CO                 
------------------------------------------------------------ --                 
TABLE_NAME                                                                      
------------------------------------------------------------                    
SEARCH_CONDITION                                                                
--------------------------------------------------------------------------------
R_OWNER                                                                         
------------------------------------------------------------                    
R_CONSTRAINT_NAME                                            DELETE_RULE        
------------------------------------------------------------ ------------------ 
STATUS           DEFERRABLE                   DEFERRED                          
---------------- ---------------------------- ------------------                
VALIDATED                  GENERATED                    BAD    RELY     LAST_CHA
-------------------------- ---------------------------- ------ -------- --------
INDEX_OWNER                                                                     
------------------------------------------------------------                    
INDEX_NAME                                                   INVALID            
------------------------------------------------------------ --------------     
VIEW_RELATED                                                                    
----------------------------                                                    
                                                                                

OWNER                                                                           
------------------------------------------------------------                    
CONSTRAINT_NAME                                              CO                 
------------------------------------------------------------ --                 
TABLE_NAME                                                                      
------------------------------------------------------------                    
SEARCH_CONDITION                                                                
--------------------------------------------------------------------------------
R_OWNER                                                                         
------------------------------------------------------------                    
R_CONSTRAINT_NAME                                            DELETE_RULE        
------------------------------------------------------------ ------------------ 
STATUS           DEFERRABLE                   DEFERRED                          
---------------- ---------------------------- ------------------                
VALIDATED                  GENERATED                    BAD    RELY     LAST_CHA
-------------------------- ---------------------------- ------ -------- --------
INDEX_OWNER                                                                     
------------------------------------------------------------                    
INDEX_NAME                                                   INVALID            
------------------------------------------------------------ --------------     
VIEW_RELATED                                                                    
----------------------------                                                    
                                                                                

OWNER                                                                           
------------------------------------------------------------                    
CONSTRAINT_NAME                                              CO                 
------------------------------------------------------------ --                 
TABLE_NAME                                                                      
------------------------------------------------------------                    
SEARCH_CONDITION                                                                
--------------------------------------------------------------------------------
R_OWNER                                                                         
------------------------------------------------------------                    
R_CONSTRAINT_NAME                                            DELETE_RULE        
------------------------------------------------------------ ------------------ 
STATUS           DEFERRABLE                   DEFERRED                          
---------------- ---------------------------- ------------------                
VALIDATED                  GENERATED                    BAD    RELY     LAST_CHA
-------------------------- ---------------------------- ------ -------- --------
INDEX_OWNER                                                                     
------------------------------------------------------------                    
INDEX_NAME                                                   INVALID            
------------------------------------------------------------ --------------     
VIEW_RELATED                                                                    
----------------------------                                                    
SCOTT                                                                           

OWNER                                                                           
------------------------------------------------------------                    
CONSTRAINT_NAME                                              CO                 
------------------------------------------------------------ --                 
TABLE_NAME                                                                      
------------------------------------------------------------                    
SEARCH_CONDITION                                                                
--------------------------------------------------------------------------------
R_OWNER                                                                         
------------------------------------------------------------                    
R_CONSTRAINT_NAME                                            DELETE_RULE        
------------------------------------------------------------ ------------------ 
STATUS           DEFERRABLE                   DEFERRED                          
---------------- ---------------------------- ------------------                
VALIDATED                  GENERATED                    BAD    RELY     LAST_CHA
-------------------------- ---------------------------- ------ -------- --------
INDEX_OWNER                                                                     
------------------------------------------------------------                    
INDEX_NAME                                                   INVALID            
------------------------------------------------------------ --------------     
VIEW_RELATED                                                                    
----------------------------                                                    
SYS_C004005                                                  P                  

OWNER                                                                           
------------------------------------------------------------                    
CONSTRAINT_NAME                                              CO                 
------------------------------------------------------------ --                 
TABLE_NAME                                                                      
------------------------------------------------------------                    
SEARCH_CONDITION                                                                
--------------------------------------------------------------------------------
R_OWNER                                                                         
------------------------------------------------------------                    
R_CONSTRAINT_NAME                                            DELETE_RULE        
------------------------------------------------------------ ------------------ 
STATUS           DEFERRABLE                   DEFERRED                          
---------------- ---------------------------- ------------------                
VALIDATED                  GENERATED                    BAD    RELY     LAST_CHA
-------------------------- ---------------------------- ------ -------- --------
INDEX_OWNER                                                                     
------------------------------------------------------------                    
INDEX_NAME                                                   INVALID            
------------------------------------------------------------ --------------     
VIEW_RELATED                                                                    
----------------------------                                                    
EX05                                                                            

OWNER                                                                           
------------------------------------------------------------                    
CONSTRAINT_NAME                                              CO                 
------------------------------------------------------------ --                 
TABLE_NAME                                                                      
------------------------------------------------------------                    
SEARCH_CONDITION                                                                
--------------------------------------------------------------------------------
R_OWNER                                                                         
------------------------------------------------------------                    
R_CONSTRAINT_NAME                                            DELETE_RULE        
------------------------------------------------------------ ------------------ 
STATUS           DEFERRABLE                   DEFERRED                          
---------------- ---------------------------- ------------------                
VALIDATED                  GENERATED                    BAD    RELY     LAST_CHA
-------------------------- ---------------------------- ------ -------- --------
INDEX_OWNER                                                                     
------------------------------------------------------------                    
INDEX_NAME                                                   INVALID            
------------------------------------------------------------ --------------     
VIEW_RELATED                                                                    
----------------------------                                                    
                                                                                

OWNER                                                                           
------------------------------------------------------------                    
CONSTRAINT_NAME                                              CO                 
------------------------------------------------------------ --                 
TABLE_NAME                                                                      
------------------------------------------------------------                    
SEARCH_CONDITION                                                                
--------------------------------------------------------------------------------
R_OWNER                                                                         
------------------------------------------------------------                    
R_CONSTRAINT_NAME                                            DELETE_RULE        
------------------------------------------------------------ ------------------ 
STATUS           DEFERRABLE                   DEFERRED                          
---------------- ---------------------------- ------------------                
VALIDATED                  GENERATED                    BAD    RELY     LAST_CHA
-------------------------- ---------------------------- ------ -------- --------
INDEX_OWNER                                                                     
------------------------------------------------------------                    
INDEX_NAME                                                   INVALID            
------------------------------------------------------------ --------------     
VIEW_RELATED                                                                    
----------------------------                                                    
                                                                                

OWNER                                                                           
------------------------------------------------------------                    
CONSTRAINT_NAME                                              CO                 
------------------------------------------------------------ --                 
TABLE_NAME                                                                      
------------------------------------------------------------                    
SEARCH_CONDITION                                                                
--------------------------------------------------------------------------------
R_OWNER                                                                         
------------------------------------------------------------                    
R_CONSTRAINT_NAME                                            DELETE_RULE        
------------------------------------------------------------ ------------------ 
STATUS           DEFERRABLE                   DEFERRED                          
---------------- ---------------------------- ------------------                
VALIDATED                  GENERATED                    BAD    RELY     LAST_CHA
-------------------------- ---------------------------- ------ -------- --------
INDEX_OWNER                                                                     
------------------------------------------------------------                    
INDEX_NAME                                                   INVALID            
------------------------------------------------------------ --------------     
VIEW_RELATED                                                                    
----------------------------                                                    
                                                                                

OWNER                                                                           
------------------------------------------------------------                    
CONSTRAINT_NAME                                              CO                 
------------------------------------------------------------ --                 
TABLE_NAME                                                                      
------------------------------------------------------------                    
SEARCH_CONDITION                                                                
--------------------------------------------------------------------------------
R_OWNER                                                                         
------------------------------------------------------------                    
R_CONSTRAINT_NAME                                            DELETE_RULE        
------------------------------------------------------------ ------------------ 
STATUS           DEFERRABLE                   DEFERRED                          
---------------- ---------------------------- ------------------                
VALIDATED                  GENERATED                    BAD    RELY     LAST_CHA
-------------------------- ---------------------------- ------ -------- --------
INDEX_OWNER                                                                     
------------------------------------------------------------                    
INDEX_NAME                                                   INVALID            
------------------------------------------------------------ --------------     
VIEW_RELATED                                                                    
----------------------------                                                    
ENABLED          NOT DEFERRABLE               IMMEDIATE                         

OWNER                                                                           
------------------------------------------------------------                    
CONSTRAINT_NAME                                              CO                 
------------------------------------------------------------ --                 
TABLE_NAME                                                                      
------------------------------------------------------------                    
SEARCH_CONDITION                                                                
--------------------------------------------------------------------------------
R_OWNER                                                                         
------------------------------------------------------------                    
R_CONSTRAINT_NAME                                            DELETE_RULE        
------------------------------------------------------------ ------------------ 
STATUS           DEFERRABLE                   DEFERRED                          
---------------- ---------------------------- ------------------                
VALIDATED                  GENERATED                    BAD    RELY     LAST_CHA
-------------------------- ---------------------------- ------ -------- --------
INDEX_OWNER                                                                     
------------------------------------------------------------                    
INDEX_NAME                                                   INVALID            
------------------------------------------------------------ --------------     
VIEW_RELATED                                                                    
----------------------------                                                    
VALIDATED                  GENERATED NAME                               18/11/05

OWNER                                                                           
------------------------------------------------------------                    
CONSTRAINT_NAME                                              CO                 
------------------------------------------------------------ --                 
TABLE_NAME                                                                      
------------------------------------------------------------                    
SEARCH_CONDITION                                                                
--------------------------------------------------------------------------------
R_OWNER                                                                         
------------------------------------------------------------                    
R_CONSTRAINT_NAME                                            DELETE_RULE        
------------------------------------------------------------ ------------------ 
STATUS           DEFERRABLE                   DEFERRED                          
---------------- ---------------------------- ------------------                
VALIDATED                  GENERATED                    BAD    RELY     LAST_CHA
-------------------------- ---------------------------- ------ -------- --------
INDEX_OWNER                                                                     
------------------------------------------------------------                    
INDEX_NAME                                                   INVALID            
------------------------------------------------------------ --------------     
VIEW_RELATED                                                                    
----------------------------                                                    
SCOTT                                                                           

OWNER                                                                           
------------------------------------------------------------                    
CONSTRAINT_NAME                                              CO                 
------------------------------------------------------------ --                 
TABLE_NAME                                                                      
------------------------------------------------------------                    
SEARCH_CONDITION                                                                
--------------------------------------------------------------------------------
R_OWNER                                                                         
------------------------------------------------------------                    
R_CONSTRAINT_NAME                                            DELETE_RULE        
------------------------------------------------------------ ------------------ 
STATUS           DEFERRABLE                   DEFERRED                          
---------------- ---------------------------- ------------------                
VALIDATED                  GENERATED                    BAD    RELY     LAST_CHA
-------------------------- ---------------------------- ------ -------- --------
INDEX_OWNER                                                                     
------------------------------------------------------------                    
INDEX_NAME                                                   INVALID            
------------------------------------------------------------ --------------     
VIEW_RELATED                                                                    
----------------------------                                                    
SYS_C004005                                                                     

OWNER                                                                           
------------------------------------------------------------                    
CONSTRAINT_NAME                                              CO                 
------------------------------------------------------------ --                 
TABLE_NAME                                                                      
------------------------------------------------------------                    
SEARCH_CONDITION                                                                
--------------------------------------------------------------------------------
R_OWNER                                                                         
------------------------------------------------------------                    
R_CONSTRAINT_NAME                                            DELETE_RULE        
------------------------------------------------------------ ------------------ 
STATUS           DEFERRABLE                   DEFERRED                          
---------------- ---------------------------- ------------------                
VALIDATED                  GENERATED                    BAD    RELY     LAST_CHA
-------------------------- ---------------------------- ------ -------- --------
INDEX_OWNER                                                                     
------------------------------------------------------------                    
INDEX_NAME                                                   INVALID            
------------------------------------------------------------ --------------     
VIEW_RELATED                                                                    
----------------------------                                                    
                                                                                

OWNER                                                                           
------------------------------------------------------------                    
CONSTRAINT_NAME                                              CO                 
------------------------------------------------------------ --                 
TABLE_NAME                                                                      
------------------------------------------------------------                    
SEARCH_CONDITION                                                                
--------------------------------------------------------------------------------
R_OWNER                                                                         
------------------------------------------------------------                    
R_CONSTRAINT_NAME                                            DELETE_RULE        
------------------------------------------------------------ ------------------ 
STATUS           DEFERRABLE                   DEFERRED                          
---------------- ---------------------------- ------------------                
VALIDATED                  GENERATED                    BAD    RELY     LAST_CHA
-------------------------- ---------------------------- ------ -------- --------
INDEX_OWNER                                                                     
------------------------------------------------------------                    
INDEX_NAME                                                   INVALID            
------------------------------------------------------------ --------------     
VIEW_RELATED                                                                    
----------------------------                                                    
                                                                                

OWNER                                                                           
------------------------------------------------------------                    
CONSTRAINT_NAME                                              CO                 
------------------------------------------------------------ --                 
TABLE_NAME                                                                      
------------------------------------------------------------                    
SEARCH_CONDITION                                                                
--------------------------------------------------------------------------------
R_OWNER                                                                         
------------------------------------------------------------                    
R_CONSTRAINT_NAME                                            DELETE_RULE        
------------------------------------------------------------ ------------------ 
STATUS           DEFERRABLE                   DEFERRED                          
---------------- ---------------------------- ------------------                
VALIDATED                  GENERATED                    BAD    RELY     LAST_CHA
-------------------------- ---------------------------- ------ -------- --------
INDEX_OWNER                                                                     
------------------------------------------------------------                    
INDEX_NAME                                                   INVALID            
------------------------------------------------------------ --------------     
VIEW_RELATED                                                                    
----------------------------                                                    
SCOTT                                                                           

OWNER                                                                           
------------------------------------------------------------                    
CONSTRAINT_NAME                                              CO                 
------------------------------------------------------------ --                 
TABLE_NAME                                                                      
------------------------------------------------------------                    
SEARCH_CONDITION                                                                
--------------------------------------------------------------------------------
R_OWNER                                                                         
------------------------------------------------------------                    
R_CONSTRAINT_NAME                                            DELETE_RULE        
------------------------------------------------------------ ------------------ 
STATUS           DEFERRABLE                   DEFERRED                          
---------------- ---------------------------- ------------------                
VALIDATED                  GENERATED                    BAD    RELY     LAST_CHA
-------------------------- ---------------------------- ------ -------- --------
INDEX_OWNER                                                                     
------------------------------------------------------------                    
INDEX_NAME                                                   INVALID            
------------------------------------------------------------ --------------     
VIEW_RELATED                                                                    
----------------------------                                                    
EX06_NUM_PK                                                  P                  

OWNER                                                                           
------------------------------------------------------------                    
CONSTRAINT_NAME                                              CO                 
------------------------------------------------------------ --                 
TABLE_NAME                                                                      
------------------------------------------------------------                    
SEARCH_CONDITION                                                                
--------------------------------------------------------------------------------
R_OWNER                                                                         
------------------------------------------------------------                    
R_CONSTRAINT_NAME                                            DELETE_RULE        
------------------------------------------------------------ ------------------ 
STATUS           DEFERRABLE                   DEFERRED                          
---------------- ---------------------------- ------------------                
VALIDATED                  GENERATED                    BAD    RELY     LAST_CHA
-------------------------- ---------------------------- ------ -------- --------
INDEX_OWNER                                                                     
------------------------------------------------------------                    
INDEX_NAME                                                   INVALID            
------------------------------------------------------------ --------------     
VIEW_RELATED                                                                    
----------------------------                                                    
EX06                                                                            

OWNER                                                                           
------------------------------------------------------------                    
CONSTRAINT_NAME                                              CO                 
------------------------------------------------------------ --                 
TABLE_NAME                                                                      
------------------------------------------------------------                    
SEARCH_CONDITION                                                                
--------------------------------------------------------------------------------
R_OWNER                                                                         
------------------------------------------------------------                    
R_CONSTRAINT_NAME                                            DELETE_RULE        
------------------------------------------------------------ ------------------ 
STATUS           DEFERRABLE                   DEFERRED                          
---------------- ---------------------------- ------------------                
VALIDATED                  GENERATED                    BAD    RELY     LAST_CHA
-------------------------- ---------------------------- ------ -------- --------
INDEX_OWNER                                                                     
------------------------------------------------------------                    
INDEX_NAME                                                   INVALID            
------------------------------------------------------------ --------------     
VIEW_RELATED                                                                    
----------------------------                                                    
                                                                                

OWNER                                                                           
------------------------------------------------------------                    
CONSTRAINT_NAME                                              CO                 
------------------------------------------------------------ --                 
TABLE_NAME                                                                      
------------------------------------------------------------                    
SEARCH_CONDITION                                                                
--------------------------------------------------------------------------------
R_OWNER                                                                         
------------------------------------------------------------                    
R_CONSTRAINT_NAME                                            DELETE_RULE        
------------------------------------------------------------ ------------------ 
STATUS           DEFERRABLE                   DEFERRED                          
---------------- ---------------------------- ------------------                
VALIDATED                  GENERATED                    BAD    RELY     LAST_CHA
-------------------------- ---------------------------- ------ -------- --------
INDEX_OWNER                                                                     
------------------------------------------------------------                    
INDEX_NAME                                                   INVALID            
------------------------------------------------------------ --------------     
VIEW_RELATED                                                                    
----------------------------                                                    
                                                                                

OWNER                                                                           
------------------------------------------------------------                    
CONSTRAINT_NAME                                              CO                 
------------------------------------------------------------ --                 
TABLE_NAME                                                                      
------------------------------------------------------------                    
SEARCH_CONDITION                                                                
--------------------------------------------------------------------------------
R_OWNER                                                                         
------------------------------------------------------------                    
R_CONSTRAINT_NAME                                            DELETE_RULE        
------------------------------------------------------------ ------------------ 
STATUS           DEFERRABLE                   DEFERRED                          
---------------- ---------------------------- ------------------                
VALIDATED                  GENERATED                    BAD    RELY     LAST_CHA
-------------------------- ---------------------------- ------ -------- --------
INDEX_OWNER                                                                     
------------------------------------------------------------                    
INDEX_NAME                                                   INVALID            
------------------------------------------------------------ --------------     
VIEW_RELATED                                                                    
----------------------------                                                    
                                                                                

OWNER                                                                           
------------------------------------------------------------                    
CONSTRAINT_NAME                                              CO                 
------------------------------------------------------------ --                 
TABLE_NAME                                                                      
------------------------------------------------------------                    
SEARCH_CONDITION                                                                
--------------------------------------------------------------------------------
R_OWNER                                                                         
------------------------------------------------------------                    
R_CONSTRAINT_NAME                                            DELETE_RULE        
------------------------------------------------------------ ------------------ 
STATUS           DEFERRABLE                   DEFERRED                          
---------------- ---------------------------- ------------------                
VALIDATED                  GENERATED                    BAD    RELY     LAST_CHA
-------------------------- ---------------------------- ------ -------- --------
INDEX_OWNER                                                                     
------------------------------------------------------------                    
INDEX_NAME                                                   INVALID            
------------------------------------------------------------ --------------     
VIEW_RELATED                                                                    
----------------------------                                                    
ENABLED          NOT DEFERRABLE               IMMEDIATE                         

OWNER                                                                           
------------------------------------------------------------                    
CONSTRAINT_NAME                                              CO                 
------------------------------------------------------------ --                 
TABLE_NAME                                                                      
------------------------------------------------------------                    
SEARCH_CONDITION                                                                
--------------------------------------------------------------------------------
R_OWNER                                                                         
------------------------------------------------------------                    
R_CONSTRAINT_NAME                                            DELETE_RULE        
------------------------------------------------------------ ------------------ 
STATUS           DEFERRABLE                   DEFERRED                          
---------------- ---------------------------- ------------------                
VALIDATED                  GENERATED                    BAD    RELY     LAST_CHA
-------------------------- ---------------------------- ------ -------- --------
INDEX_OWNER                                                                     
------------------------------------------------------------                    
INDEX_NAME                                                   INVALID            
------------------------------------------------------------ --------------     
VIEW_RELATED                                                                    
----------------------------                                                    
VALIDATED                  USER NAME                                    18/11/05

OWNER                                                                           
------------------------------------------------------------                    
CONSTRAINT_NAME                                              CO                 
------------------------------------------------------------ --                 
TABLE_NAME                                                                      
------------------------------------------------------------                    
SEARCH_CONDITION                                                                
--------------------------------------------------------------------------------
R_OWNER                                                                         
------------------------------------------------------------                    
R_CONSTRAINT_NAME                                            DELETE_RULE        
------------------------------------------------------------ ------------------ 
STATUS           DEFERRABLE                   DEFERRED                          
---------------- ---------------------------- ------------------                
VALIDATED                  GENERATED                    BAD    RELY     LAST_CHA
-------------------------- ---------------------------- ------ -------- --------
INDEX_OWNER                                                                     
------------------------------------------------------------                    
INDEX_NAME                                                   INVALID            
------------------------------------------------------------ --------------     
VIEW_RELATED                                                                    
----------------------------                                                    
SCOTT                                                                           

OWNER                                                                           
------------------------------------------------------------                    
CONSTRAINT_NAME                                              CO                 
------------------------------------------------------------ --                 
TABLE_NAME                                                                      
------------------------------------------------------------                    
SEARCH_CONDITION                                                                
--------------------------------------------------------------------------------
R_OWNER                                                                         
------------------------------------------------------------                    
R_CONSTRAINT_NAME                                            DELETE_RULE        
------------------------------------------------------------ ------------------ 
STATUS           DEFERRABLE                   DEFERRED                          
---------------- ---------------------------- ------------------                
VALIDATED                  GENERATED                    BAD    RELY     LAST_CHA
-------------------------- ---------------------------- ------ -------- --------
INDEX_OWNER                                                                     
------------------------------------------------------------                    
INDEX_NAME                                                   INVALID            
------------------------------------------------------------ --------------     
VIEW_RELATED                                                                    
----------------------------                                                    
EX06_NUM_PK                                                                     

OWNER                                                                           
------------------------------------------------------------                    
CONSTRAINT_NAME                                              CO                 
------------------------------------------------------------ --                 
TABLE_NAME                                                                      
------------------------------------------------------------                    
SEARCH_CONDITION                                                                
--------------------------------------------------------------------------------
R_OWNER                                                                         
------------------------------------------------------------                    
R_CONSTRAINT_NAME                                            DELETE_RULE        
------------------------------------------------------------ ------------------ 
STATUS           DEFERRABLE                   DEFERRED                          
---------------- ---------------------------- ------------------                
VALIDATED                  GENERATED                    BAD    RELY     LAST_CHA
-------------------------- ---------------------------- ------ -------- --------
INDEX_OWNER                                                                     
------------------------------------------------------------                    
INDEX_NAME                                                   INVALID            
------------------------------------------------------------ --------------     
VIEW_RELATED                                                                    
----------------------------                                                    
                                                                                

OWNER                                                                           
------------------------------------------------------------                    
CONSTRAINT_NAME                                              CO                 
------------------------------------------------------------ --                 
TABLE_NAME                                                                      
------------------------------------------------------------                    
SEARCH_CONDITION                                                                
--------------------------------------------------------------------------------
R_OWNER                                                                         
------------------------------------------------------------                    
R_CONSTRAINT_NAME                                            DELETE_RULE        
------------------------------------------------------------ ------------------ 
STATUS           DEFERRABLE                   DEFERRED                          
---------------- ---------------------------- ------------------                
VALIDATED                  GENERATED                    BAD    RELY     LAST_CHA
-------------------------- ---------------------------- ------ -------- --------
INDEX_OWNER                                                                     
------------------------------------------------------------                    
INDEX_NAME                                                   INVALID            
------------------------------------------------------------ --------------     
VIEW_RELATED                                                                    
----------------------------                                                    
                                                                                

7 개의 행이 선택되었습니다.

SQL> select constraint_name from user_constraints;

CONSTRAINT_NAME                                                                 
------------------------------------------------------------                    
SYS_C004008                                                                     
SYS_C004004                                                                     
FK_DEPTNO                                                                       
PK_DEPT                                                                         
PK_EMP                                                                          
SYS_C004005                                                                     
EX06_NUM_PK                                                                     

7 개의 행이 선택되었습니다.

SQL> -- 부모테이블
SQL> create table ex08(
  2  	num number primary key,
  3  	name varchar2(6)
  4  );

테이블이 생성되었습니다.

SQL> -- 자식테이블(1)
SQL> create table ex10(
  2  	su1 number,
  3  	sub varchar2(9) constraint ex09_sub_nn not null,
  4  	content varchar2(30),
  5  	num number,
  6  	constraint ex09_su1_pk primary key(su1),
  7  	constraint ex09_content_uk unique(content),
  8  	constraint ex09_num_fk foreign key(num) references ex08(num)
  9  );

테이블이 생성되었습니다.

SQL> insert into ex10 values (1111,'test1',10);
insert into ex10 values (1111,'test1',10)
            *
1행에 오류:
ORA-00947: 값의 수가 충분하지 않습니다 


SQL> insert into ex10 values (1111,'test1','test',10);
insert into ex10 values (1111,'test1','test',10)
*
1행에 오류:
ORA-02291: 무결성 제약조건(SCOTT.EX09_NUM_FK)이 위배되었습니다- 부모 키가
없습니다 


SQL> desc user_constraints;
 이름                                      널?      유형
 ----------------------------------------- -------- ----------------------------
 OWNER                                     NOT NULL VARCHAR2(30)
 CONSTRAINT_NAME                           NOT NULL VARCHAR2(30)
 CONSTRAINT_TYPE                                    VARCHAR2(1)
 TABLE_NAME                                NOT NULL VARCHAR2(30)
 SEARCH_CONDITION                                   LONG
 R_OWNER                                            VARCHAR2(30)
 R_CONSTRAINT_NAME                                  VARCHAR2(30)
 DELETE_RULE                                        VARCHAR2(9)
 STATUS                                             VARCHAR2(8)
 DEFERRABLE                                         VARCHAR2(14)
 DEFERRED                                           VARCHAR2(9)
 VALIDATED                                          VARCHAR2(13)
 GENERATED                                          VARCHAR2(14)
 BAD                                                VARCHAR2(3)
 RELY                                               VARCHAR2(4)
 LAST_CHANGE                                        DATE
 INDEX_OWNER                                        VARCHAR2(30)
 INDEX_NAME                                         VARCHAR2(30)
 INVALID                                            VARCHAR2(7)
 VIEW_RELATED                                       VARCHAR2(14)

SQL> select constraint_name from user_constraints;

CONSTRAINT_NAME                                                                 
------------------------------------------------------------                    
EX09_SUB_NN                                                                     
EX09_NUM_FK                                                                     
SYS_C004008                                                                     
SYS_C004004                                                                     
FK_DEPTNO                                                                       
PK_DEPT                                                                         
PK_EMP                                                                          
SYS_C004005                                                                     
EX06_NUM_PK                                                                     
SYS_C004015                                                                     
EX09_SU1_PK                                                                     

CONSTRAINT_NAME                                                                 
------------------------------------------------------------                    
EX09_CONTENT_UK                                                                 

12 개의 행이 선택되었습니다.

SQL> drop table ex05;

테이블이 삭제되었습니다.

SQL> drop table ex06;

테이블이 삭제되었습니다.

SQL> drop table ex07;

테이블이 삭제되었습니다.

SQL> drop table ex08;
drop table ex08
           *
1행에 오류:
ORA-02449: 외래 키에 의해 참조되는 고유/기본 키가 테이블에 있습니다 


SQL> drop table ex09;
drop table ex09
           *
1행에 오류:
ORA-00942: 테이블 또는 뷰가 존재하지 않습니다 


SQL> drop table ex10;

테이블이 삭제되었습니다.

SQL> drop table ex08;

테이블이 삭제되었습니다.

SQL> create table ex05(
  2  	idx number primary key,
  3  	sub varchar2(6) default '제목없음',
  4  	content varchar2(30)
  5  );
	sub varchar2(6) default '제목없음',
	                        *
3행에 오류:
ORA-01401: 열에 입력한 값이 너무 큽니다 


SQL> drop table ex05;
drop table ex05
           *
1행에 오류:
ORA-00942: 테이블 또는 뷰가 존재하지 않습니다 


SQL> create table ex05(
  2  	idx number primary key,
  3  	sub varchar2(12) default '제목없음',
  4  	content varchar2(30)
  5  );

테이블이 생성되었습니다.

SQL> insert into ex05 values (1,'test1','test');

1 개의 행이 만들어졌습니다.

SQL> insert into ex05 (idx,content) values (2,'test');

1 개의 행이 만들어졌습니다.

SQL> select * from ex05;

       IDX SUB                                                                  
---------- ------------------------                                             
CONTENT                                                                         
------------------------------------------------------------                    
         1 test1                                                                
test                                                                            
                                                                                
         2 제목없음                                                             
test                                                                            
                                                                                

SQL> insert into ex05 values (3,null,'test');

1 개의 행이 만들어졌습니다.

SQL> select * from ex05;

       IDX SUB                                                                  
---------- ------------------------                                             
CONTENT                                                                         
------------------------------------------------------------                    
         1 test1                                                                
test                                                                            
                                                                                
         2 제목없음                                                             
test                                                                            
                                                                                
         3                                                                      
test                                                                            
                                                                                

SQL> insert into ex05 (idx,content) values (4,'test');

1 개의 행이 만들어졌습니다.

SQL> select * from ex05;

       IDX SUB                                                                  
---------- ------------------------                                             
CONTENT                                                                         
------------------------------------------------------------                    
         1 test1                                                                
test                                                                            
                                                                                
         2 제목없음                                                             
test                                                                            
                                                                                
         3                                                                      
test                                                                            
                                                                                

       IDX SUB                                                                  
---------- ------------------------                                             
CONTENT                                                                         
------------------------------------------------------------                    
         4 제목없음                                                             
test                                                                            
                                                                                

SQL> insert into ex05 values (5,'','test');

1 개의 행이 만들어졌습니다.

SQL> select * from ex05;

       IDX SUB                                                                  
---------- ------------------------                                             
CONTENT                                                                         
------------------------------------------------------------                    
         1 test1                                                                
test                                                                            
                                                                                
         2 제목없음                                                             
test                                                                            
                                                                                
         3                                                                      
test                                                                            
                                                                                

       IDX SUB                                                                  
---------- ------------------------                                             
CONTENT                                                                         
------------------------------------------------------------                    
         4 제목없음                                                             
test                                                                            
                                                                                
         5                                                                      
test                                                                            
                                                                                

SQL> create table ex06(
  2  	idx number primary key,
  3  	sub varchar2(12) default '제목없음' not null,
  4  	content varchar2(30)
  5  );

테이블이 생성되었습니다.

SQL> insert into ex06 values(1,'test1','test');

1 개의 행이 만들어졌습니다.

SQL> insert into ex06 values(1,null,'test');
insert into ex06 values(1,null,'test')
                          *
1행에 오류:
ORA-01400: NULL을 ("SCOTT"."EX06"."SUB") 안에 삽입할 수 없습니다 


SQL> insert into ex06 values(2,null,'test');
insert into ex06 values(2,null,'test')
                          *
1행에 오류:
ORA-01400: NULL을 ("SCOTT"."EX06"."SUB") 안에 삽입할 수 없습니다 


SQL> insert into ex06 values(2,'','test');
insert into ex06 values(2,'','test')
                          *
1행에 오류:
ORA-01400: NULL을 ("SCOTT"."EX06"."SUB") 안에 삽입할 수 없습니다 


SQL> insert into ex06 (idx,content) values(2,'test');

1 개의 행이 만들어졌습니다.

SQL> select * from ex06;

       IDX SUB                                                                  
---------- ------------------------                                             
CONTENT                                                                         
------------------------------------------------------------                    
         1 test1                                                                
test                                                                            
                                                                                
         2 제목없음                                                             
test                                                                            
                                                                                

SQL> create table ex07(
  2  	idx number primary key,
  3  	name varchar2(6) not null,
  4  	gender varchar2(3) check (gender in('남','여'))
  5  );

테이블이 생성되었습니다.

SQL> insert into ex07 values (1,'test1','남');

1 개의 행이 만들어졌습니다.

SQL> insert into ex07 values (2,'test2','여');

1 개의 행이 만들어졌습니다.

SQL> insert into ex07 values (3,'test3','여');

1 개의 행이 만들어졌습니다.

SQL> insert into ex07 values (4,'test4','외');
insert into ex07 values (4,'test4','외')
*
1행에 오류:
ORA-02290: 체크 제약조건(SCOTT.SYS_C004024)이 위배되었습니다 


SQL> drop table ex07;

테이블이 삭제되었습니다.

SQL> create table ex07(
  2  	idx number primary key,
  3  	name varchar2(6) not null,
  4  	gender varchar2(3) constraint ex07_gender_ck check (gender in('남','여','m','p'))
  5  );

테이블이 생성되었습니다.

SQL> insert into ex07 values (1,'test1','m');

1 개의 행이 만들어졌습니다.

SQL> insert into ex07 values (2,'test2','p');

1 개의 행이 만들어졌습니다.

SQL> insert into ex07 values (2,'test2','a');
insert into ex07 values (2,'test2','a')
*
1행에 오류:
ORA-02290: 체크 제약조건(SCOTT.EX07_GENDER_CK)이 위배되었습니다 


SQL> alter table ex07 disable ex07_gender_ck;
alter table ex07 disable ex07_gender_ck
                         *
1행에 오류:
ORA-00905: 누락된 키워드 


SQL> alter table ex07 disable constraint ex07_gender_ck;

테이블이 변경되었습니다.

SQL> insert into ex07 values (3,'test3','a');

1 개의 행이 만들어졌습니다.

SQL> select * from ex07;

       IDX NAME         GENDER                                                  
---------- ------------ ------                                                  
         1 test1        m                                                       
         2 test2        p                                                       
         3 test3        a                                                       

SQL> alter table ex07 enable constraint ex07_gender_ck;
alter table ex07 enable constraint ex07_gender_ck
                                   *
1행에 오류:
ORA-02293: (SCOTT.EX07_GENDER_CK)을 검증할 수 없습니다 - 잘못된 제약을
확인합니다 


SQL> delete from ex07 where gender='a';

1 행이 삭제되었습니다.

SQL> alter table ex07 enable constraint ex07_gender_ck;

테이블이 변경되었습니다.

SQL> insert into ex07 values (5,'test5','a');
insert into ex07 values (5,'test5','a')
*
1행에 오류:
ORA-02290: 체크 제약조건(SCOTT.EX07_GENDER_CK)이 위배되었습니다 


SQL> create table ex08(
  2  	idx number primary key,
  3  	name varchar2(6) not null,
  4  	age number(2) check (age between 18 and 80)
  5  );

테이블이 생성되었습니다.

SQL> insert into ex08 values (1,'test1',18);

1 개의 행이 만들어졌습니다.

SQL> insert into ex08 values (2,'test2',80);

1 개의 행이 만들어졌습니다.

SQL> insert into ex08 values (3,'test3',50);

1 개의 행이 만들어졌습니다.

SQL> insert into ex08 values (4,'test4',81);
insert into ex08 values (4,'test4',81)
*
1행에 오류:
ORA-02290: 체크 제약조건(SCOTT.SYS_C004030)이 위배되었습니다 


SQL> insert into ex08 values (4,'test4',17);
insert into ex08 values (4,'test4',17)
*
1행에 오류:
ORA-02290: 체크 제약조건(SCOTT.SYS_C004030)이 위배되었습니다 


SQL> spool off
